Archive member included to satisfy reference by file (symbol)

.\CortexM3\ARM_GCC_541\Debug\ZumoBot_Tank.a(PWM.o)
                              .\CortexM3\ARM_GCC_541\Debug\Motor.o (PWM_Stop)
.\CortexM3\ARM_GCC_541\Debug\ZumoBot_Tank.a(I2C.o)
                              .\CortexM3\ARM_GCC_541\Debug\Nunchuk.o (I2C_Start)
.\CortexM3\ARM_GCC_541\Debug\ZumoBot_Tank.a(I2C_INT.o)
                              .\CortexM3\ARM_GCC_541\Debug\ZumoBot_Tank.a(I2C.o) (I2C_ISR)
.\CortexM3\ARM_GCC_541\Debug\ZumoBot_Tank.a(I2C_PM.o)
                              .\CortexM3\ARM_GCC_541\Debug\ZumoBot_Tank.a(I2C.o) (I2C_backup)
.\CortexM3\ARM_GCC_541\Debug\ZumoBot_Tank.a(I2C_MASTER.o)
                              .\CortexM3\ARM_GCC_541\Debug\Nunchuk.o (I2C_MasterWriteBuf)
.\CortexM3\ARM_GCC_541\Debug\ZumoBot_Tank.a(UART_1.o)
                              .\CortexM3\ARM_GCC_541\Debug\rtos_main.o (UART_1_Start)
.\CortexM3\ARM_GCC_541\Debug\ZumoBot_Tank.a(MotorDirLeft.o)
                              .\CortexM3\ARM_GCC_541\Debug\Motor.o (MotorDirLeft_Write)
.\CortexM3\ARM_GCC_541\Debug\ZumoBot_Tank.a(MotorDirRight.o)
                              .\CortexM3\ARM_GCC_541\Debug\Motor.o (MotorDirRight_Write)
.\CortexM3\ARM_GCC_541\Debug\ZumoBot_Tank.a(L3.o)
                              .\CortexM3\ARM_GCC_541\Debug\Reflectance.o (L3_Write)
.\CortexM3\ARM_GCC_541\Debug\ZumoBot_Tank.a(Timer_L3.o)
                              .\CortexM3\ARM_GCC_541\Debug\Reflectance.o (Timer_L3_ReadStatusRegister)
.\CortexM3\ARM_GCC_541\Debug\ZumoBot_Tank.a(Timer_R3.o)
                              .\CortexM3\ARM_GCC_541\Debug\Reflectance.o (Timer_R3_ReadStatusRegister)
.\CortexM3\ARM_GCC_541\Debug\ZumoBot_Tank.a(Refl_led.o)
                              .\CortexM3\ARM_GCC_541\Debug\Reflectance.o (Refl_led_Write)
.\CortexM3\ARM_GCC_541\Debug\ZumoBot_Tank.a(Timer_R1.o)
                              .\CortexM3\ARM_GCC_541\Debug\Reflectance.o (Timer_R1_ReadStatusRegister)
.\CortexM3\ARM_GCC_541\Debug\ZumoBot_Tank.a(R1.o)
                              .\CortexM3\ARM_GCC_541\Debug\Reflectance.o (R1_Write)
.\CortexM3\ARM_GCC_541\Debug\ZumoBot_Tank.a(R3.o)
                              .\CortexM3\ARM_GCC_541\Debug\Reflectance.o (R3_Write)
.\CortexM3\ARM_GCC_541\Debug\ZumoBot_Tank.a(Timer_L1.o)
                              .\CortexM3\ARM_GCC_541\Debug\Reflectance.o (Timer_L1_ReadStatusRegister)
.\CortexM3\ARM_GCC_541\Debug\ZumoBot_Tank.a(L1.o)
                              .\CortexM3\ARM_GCC_541\Debug\Reflectance.o (L1_Write)
.\CortexM3\ARM_GCC_541\Debug\ZumoBot_Tank.a(IR_receiver.o)
                              .\CortexM3\ARM_GCC_541\Debug\IR.o (IR_receiver_Read)
.\CortexM3\ARM_GCC_541\Debug\ZumoBot_Tank.a(Trig.o)
                              .\CortexM3\ARM_GCC_541\Debug\Ultra.o (Trig_Write)
.\CortexM3\ARM_GCC_541\Debug\ZumoBot_Tank.a(Timer.o)
                              .\CortexM3\ARM_GCC_541\Debug\Ultra.o (Timer_ReadStatusRegister)
.\CortexM3\ARM_GCC_541\Debug\ZumoBot_Tank.a(Echo.o)
                              .\CortexM3\ARM_GCC_541\Debug\Ultra.o (Echo_Read)
.\CortexM3\ARM_GCC_541\Debug\ZumoBot_Tank.a(ultra_isr.o)
                              .\CortexM3\ARM_GCC_541\Debug\Ultra.o (ultra_isr_StartEx)
.\CortexM3\ARM_GCC_541\Debug\ZumoBot_Tank.a(Buzzer_PWM.o)
                              .\CortexM3\ARM_GCC_541\Debug\Beep.o (Buzzer_PWM_Stop)
.\CortexM3\ARM_GCC_541\Debug\ZumoBot_Tank.a(IR_isr.o)
                              .\CortexM3\ARM_GCC_541\Debug\IR.o (IR_isr_StartEx)
.\CortexM3\ARM_GCC_541\Debug\ZumoBot_Tank.a(Timer_IR.o)
                              .\CortexM3\ARM_GCC_541\Debug\IR.o (Timer_IR_ReadStatusRegister)
.\CortexM3\ARM_GCC_541\Debug\ZumoBot_Tank.a(Timer_R2.o)
                              .\CortexM3\ARM_GCC_541\Debug\Reflectance.o (Timer_R2_ReadStatusRegister)
.\CortexM3\ARM_GCC_541\Debug\ZumoBot_Tank.a(Timer_L2.o)
                              .\CortexM3\ARM_GCC_541\Debug\Reflectance.o (Timer_L2_ReadStatusRegister)
.\CortexM3\ARM_GCC_541\Debug\ZumoBot_Tank.a(L2.o)
                              .\CortexM3\ARM_GCC_541\Debug\Reflectance.o (L2_Write)
.\CortexM3\ARM_GCC_541\Debug\ZumoBot_Tank.a(R2.o)
                              .\CortexM3\ARM_GCC_541\Debug\Reflectance.o (R2_Write)
.\CortexM3\ARM_GCC_541\Debug\ZumoBot_Tank.a(Timer_Reset.o)
                              .\CortexM3\ARM_GCC_541\Debug\Reflectance.o (Timer_Reset_Write)
.\CortexM3\ARM_GCC_541\Debug\ZumoBot_Tank.a(UART_2.o)
                              .\CortexM3\ARM_GCC_541\Debug\rtos_main.o (UART_2_Start)
.\CortexM3\ARM_GCC_541\Debug\ZumoBot_Tank.a(isr_U2_TX.o)
                              .\CortexM3\ARM_GCC_541\Debug\serial.o (isr_U2_TX_StartEx)
.\CortexM3\ARM_GCC_541\Debug\ZumoBot_Tank.a(isr_U2_RX.o)
                              .\CortexM3\ARM_GCC_541\Debug\serial.o (isr_U2_RX_StartEx)
.\CortexM3\ARM_GCC_541\Debug\ZumoBot_Tank.a(StatisticsCounter.o)
                              .\CortexM3\ARM_GCC_541\Debug\tasks.o (StatisticsCounter_ReadCounter)
[...]
Memory Configuration

Name             Origin             Length             Attributes
rom              0x00000000         0x00040000         xr
ram              0x1fff8000         0x00010000         xrw
*default*        0x00000000         0xffffffff

Linker script and memory map

LOAD c:/program files (x86)/cypress/psoc creator/4.2/psoc creator/import/gnu/arm/5.4.1/bin/../lib/gcc/arm-none-eabi/5.4.1/armv7-m/crti.o
LOAD c:/program files (x86)/cypress/psoc creator/4.2/psoc creator/import/gnu/arm/5.4.1/bin/../lib/gcc/arm-none-eabi/5.4.1/armv7-m/crtbegin.o
LOAD c:/program files (x86)/cypress/psoc creator/4.2/psoc creator/import/gnu/arm/5.4.1/bin/../lib/gcc/arm-none-eabi/5.4.1/../../../../arm-none-eabi/lib/armv7-m/crt0.o
START GROUP
LOAD .\CortexM3\ARM_GCC_541\Debug\Beep.o
LOAD .\CortexM3\ARM_GCC_541\Debug\Gyro.o
LOAD .\CortexM3\ARM_GCC_541\Debug\IR.o
LOAD .\CortexM3\ARM_GCC_541\Debug\Magnet.o
LOAD .\CortexM3\ARM_GCC_541\Debug\Motor.o
LOAD .\CortexM3\ARM_GCC_541\Debug\Nunchuk.o
LOAD .\CortexM3\ARM_GCC_541\Debug\Ultra.o
LOAD .\CortexM3\ARM_GCC_541\Debug\Retarget.o
LOAD .\CortexM3\ARM_GCC_541\Debug\I2C_Common.o
LOAD .\CortexM3\ARM_GCC_541\Debug\LSM303D.o
LOAD .\CortexM3\ARM_GCC_541\Debug\debug_uart.o
LOAD .\CortexM3\ARM_GCC_541\Debug\esp8266_socket.o
LOAD .\CortexM3\ARM_GCC_541\Debug\rtos_main.o
LOAD .\CortexM3\ARM_GCC_541\Debug\serial.o
LOAD .\CortexM3\ARM_GCC_541\Debug\mqtt_sender.o
LOAD .\CortexM3\ARM_GCC_541\Debug\serial1.o
LOAD .\CortexM3\ARM_GCC_541\Debug\Reflectance.o
LOAD .\CortexM3\ARM_GCC_541\Debug\MQTTClient.o
LOAD .\CortexM3\ARM_GCC_541\Debug\MQTTFreeRTOS.o
LOAD .\CortexM3\ARM_GCC_541\Debug\MQTTConnectClient.o
LOAD .\CortexM3\ARM_GCC_541\Debug\MQTTConnectServer.o
LOAD .\CortexM3\ARM_GCC_541\Debug\MQTTDeserializePublish.o
LOAD .\CortexM3\ARM_GCC_541\Debug\MQTTFormat.o
LOAD .\CortexM3\ARM_GCC_541\Debug\MQTTPacket.o
LOAD .\CortexM3\ARM_GCC_541\Debug\MQTTSerializePublish.o
LOAD .\CortexM3\ARM_GCC_541\Debug\MQTTSubscribeClient.o
LOAD .\CortexM3\ARM_GCC_541\Debug\MQTTSubscribeServer.o
LOAD .\CortexM3\ARM_GCC_541\Debug\MQTTUnsubscribeClient.o
LOAD .\CortexM3\ARM_GCC_541\Debug\MQTTUnsubscribeServer.o
LOAD .\CortexM3\ARM_GCC_541\Debug\croutine.o
LOAD .\CortexM3\ARM_GCC_541\Debug\event_groups.o
LOAD .\CortexM3\ARM_GCC_541\Debug\list.o
LOAD .\CortexM3\ARM_GCC_541\Debug\queue.o
LOAD .\CortexM3\ARM_GCC_541\Debug\stream_buffer.o
LOAD .\CortexM3\ARM_GCC_541\Debug\tasks.o
LOAD .\CortexM3\ARM_GCC_541\Debug\timers.o
LOAD .\CortexM3\ARM_GCC_541\Debug\port.o
LOAD .\CortexM3\ARM_GCC_541\Debug\heap_2.o
LOAD .\CortexM3\ARM_GCC_541\Debug\main.o
LOAD .\CortexM3\ARM_GCC_541\Debug\cyfitter_cfg.o
LOAD .\CortexM3\ARM_GCC_541\Debug\cymetadata.o
LOAD .\CortexM3\ARM_GCC_541\Debug\Cm3Start.o
LOAD .\CortexM3\ARM_GCC_541\Debug\ZumoBot_Tank.a
LOAD C:\Program Files (x86)\Cypress\PSoC Creator\4.2\PSoC Creator\psoc\content\cycomponentlibrary\CyComponentLibrary.cylib\CortexM3\ARM_GCC_541\Debug\CyComponentLibrary.a
LOAD c:/program files (x86)/cypress/psoc creator/4.2/psoc creator/import/gnu/arm/5.4.1/bin/../lib/gcc/arm-none-eabi/5.4.1/../../../../arm-none-eabi/lib/armv7-m\libm.a
END GROUP
START GROUP
LOAD c:/program files (x86)/cypress/psoc creator/4.2/psoc creator/import/gnu/arm/5.4.1/bin/../lib/gcc/arm-none-eabi/5.4.1/armv7-m\libgcc.a
LOAD c:/program files (x86)/cypress/psoc creator/4.2/psoc creator/import/gnu/arm/5.4.1/bin/../lib/gcc/arm-none-eabi/5.4.1/../../../../arm-none-eabi/lib/armv7-m\libg.a
LOAD c:/program files (x86)/cypress/psoc creator/4.2/psoc creator/import/gnu/arm/5.4.1/bin/../lib/gcc/arm-none-eabi/5.4.1/../../../../arm-none-eabi/lib/armv7-m\libc.a
END GROUP
LOAD c:/program files (x86)/cypress/psoc creator/4.2/psoc creator/import/gnu/arm/5.4.1/bin/../lib/gcc/arm-none-eabi/5.4.1/armv7-m/crtend.o
LOAD c:/program files (x86)/cypress/psoc creator/4.2/psoc creator/import/gnu/arm/5.4.1/bin/../lib/gcc/arm-none-eabi/5.4.1/armv7-m/crtn.o
START GROUP
LOAD c:/program files (x86)/cypress/psoc creator/4.2/psoc creator/import/gnu/arm/5.4.1/bin/../lib/gcc/arm-none-eabi/5.4.1/armv7-m\libgcc.a
LOAD c:/program files (x86)/cypress/psoc creator/4.2/psoc creator/import/gnu/arm/5.4.1/bin/../lib/gcc/arm-none-eabi/5.4.1/../../../../arm-none-eabi/lib/armv7-m\libc.a
LOAD c:/program files (x86)/cypress/psoc creator/4.2/psoc creator/import/gnu/arm/5.4.1/bin/../lib/gcc/arm-none-eabi/5.4.1/../../../../arm-none-eabi/lib/armv7-m\libnosys.a
END GROUP
                0x00000000                CY_APPL_ORIGIN = 0x0
                0x00000100                CY_FLASH_ROW_SIZE = 0x100
                0x00000020                CY_ECC_ROW_SIZE = 0x20
                0x00000000                CY_EE_IN_BTLDR = 0x0
                0x00000000                CY_APPL_LOADABLE = 0x0
                0x00000800                CY_EE_SIZE = 0x800
                0x00000001                CY_APPL_NUM = 0x1
                0x00000001                CY_APPL_MAX = 0x1
                0x00000040                CY_METADATA_SIZE = 0x40
                0x00000000                CY_APPL_LOADABLE = 0x0
                0x00000000                CY_CHECKSUM_EXCLUDE_SIZE = ALIGN (0x0, CY_FLASH_ROW_SIZE)
                [!provide]                PROVIDE (__cy_heap_start, _end)
                0x00000001                PROVIDE (__cy_region_num, ((__cy_regions_end - __cy_regions) / 0x10))
                0x20008000                PROVIDE (__cy_stack, (ORIGIN (ram) + LENGTH (ram)))
                [!provide]                PROVIDE (__cy_heap_end, (__cy_stack - 0x800))

.cybootloader   0x00000000        0x0
 *(.cybootloader)
                0x00000000                appl1_start = CY_APPL_ORIGIN?CY_APPL_ORIGIN:ALIGN (CY_FLASH_ROW_SIZE)
                0x0001ff00                appl2_start = (appl1_start + ALIGN ((((LENGTH (rom) - appl1_start) - (0x2 * CY_FLASH_ROW_SIZE)) / 0x2), CY_FLASH_ROW_SIZE))
                0x00000000                appl_start = (CY_APPL_NUM == 0x1)?appl1_start:appl2_start
                0x00000000                ecc_offset = ((appl_start / CY_FLASH_ROW_SIZE) * CY_ECC_ROW_SIZE)
                0x00000000                ee_offset = (CY_APPL_LOADABLE && ! (CY_EE_IN_BTLDR))?((CY_EE_SIZE / CY_APPL_MAX) * (CY_APPL_NUM - 0x1)):0x0
                0x00000800                ee_size = (CY_APPL_LOADABLE && ! (CY_EE_IN_BTLDR))?(CY_EE_SIZE / CY_APPL_MAX):CY_EE_SIZE
                [!provide]                PROVIDE (CY_ECC_OFFSET, ecc_offset)

.text           0x00000000     0x8144
 CREATE_OBJECT_SYMBOLS
                0x00000000                PROVIDE (__cy_interrupt_vector, RomVectors)
 *(.romvectors)
 .romvectors    0x00000000       0x10 .\CortexM3\ARM_GCC_541\Debug\Cm3Start.o
                0x00000000                RomVectors
                0x00000001                ASSERT ((. != __cy_interrupt_vector), No interrupt vector)
                0x00000001                ASSERT (CY_APPL_ORIGIN?(SIZEOF (.cybootloader) <= CY_APPL_ORIGIN):0x1, Wrong image location)
                0x00000010                PROVIDE (__cy_reset, Reset)
 *(.text.Reset)
 .text.Reset    0x00000010       0x18 .\CortexM3\ARM_GCC_541\Debug\Cm3Start.o
                0x00000010                Reset
                0x00000001                ASSERT ((. != __cy_reset), No reset code)
 *(.dma_init)
                0x00000001                ASSERT ((((appl_start + .) <= 0x10000) || 0x1), DMA Init must be within the first 64k of flash)
 *(.text .text.* .gnu.linkonce.t.*)
 .text          0x00000028       0x5c c:/program files (x86)/cypress/psoc creator/4.2/psoc creator/import/gnu/arm/5.4.1/bin/../lib/gcc/arm-none-eabi/5.4.1/armv7-m/crtbegin.o
 .text.motor_start
                0x00000084        0x8 .\CortexM3\ARM_GCC_541\Debug\Motor.o
                0x00000084                motor_start
 .text.motor_forward
                0x0000008c       0x28 .\CortexM3\ARM_GCC_541\Debug\Motor.o
                0x0000008c                motor_forward
 .text.RetargetInit
                0x000000b4       0x14 .\CortexM3\ARM_GCC_541\Debug\Retarget.o
                0x000000b4                RetargetInit
 .text._write   0x000000c8       0x34 .\CortexM3\ARM_GCC_541\Debug\Retarget.o
                0x000000c8                _write
 .text._read    0x000000fc      0x10c .\CortexM3\ARM_GCC_541\Debug\Retarget.o
                0x000000fc                _read
 .text.I2C_Write
                0x00000208       0x30 .\CortexM3\ARM_GCC_541\Debug\I2C_Common.o
                0x00000208                I2C_Write
 .text.I2C_Read_Multiple
                0x00000238       0x48 .\CortexM3\ARM_GCC_541\Debug\I2C_Common.o
                0x00000238                I2C_Read_Multiple
 .text.I2C_Read
                0x00000280       0x18 .\CortexM3\ARM_GCC_541\Debug\I2C_Common.o
                0x00000280                I2C_Read
 .text.LSM303D_Start
                0x00000298       0x30 .\CortexM3\ARM_GCC_541\Debug\LSM303D.o
                0x00000298                LSM303D_Start
 .text.LSM303D_Read_Acc
                0x000002c8       0x40 .\CortexM3\ARM_GCC_541\Debug\LSM303D.o
                0x000002c8                LSM303D_Read_Acc
 .text.DebugUartTaskInit
                0x00000308       0x24 .\CortexM3\ARM_GCC_541\Debug\debug_uart.o
                0x00000308                DebugUartTaskInit
 .text.start_zmain
                0x0000032c       0x18 .\CortexM3\ARM_GCC_541\Debug\rtos_main.o
 .text.prvHardwareSetup
                0x00000344       0x2c .\CortexM3\ARM_GCC_541\Debug\rtos_main.o
 .text.main     0x00000370       0x40 .\CortexM3\ARM_GCC_541\Debug\rtos_main.o
                0x00000370                main
 .text.vApplicationStackOverflowHook
                0x000003b0       0x14 .\CortexM3\ARM_GCC_541\Debug\rtos_main.o
                0x000003b0                vApplicationStackOverflowHook
 .text.vApplicationMallocFailedHook
                0x000003c4       0x14 .\CortexM3\ARM_GCC_541\Debug\rtos_main.o
                0x000003c4                vApplicationMallocFailedHook
 .text.MQTTSendTaskInit
                0x000003d8       0x24 .\CortexM3\ARM_GCC_541\Debug\mqtt_sender.o
                0x000003d8                MQTTSendTaskInit
 .text.vUart1RxISR
                0x000003fc       0x5c .\CortexM3\ARM_GCC_541\Debug\serial1.o
                0x000003fc                vUart1RxISR
 .text.vUart1TxISR
                0x00000458       0x70 .\CortexM3\ARM_GCC_541\Debug\serial1.o
                0x00000458                vUart1TxISR
 .text.vSerial1PortInitMinimal
                0x000004c8       0x58 .\CortexM3\ARM_GCC_541\Debug\serial1.o
                0x000004c8                vSerial1PortInitMinimal
 .text.xSerial1GetChar
                0x00000520       0x20 .\CortexM3\ARM_GCC_541\Debug\serial1.o
                0x00000520                xSerial1GetChar
 .text.xSerial1PutChar
                0x00000540       0x3c .\CortexM3\ARM_GCC_541\Debug\serial1.o
                0x00000540                xSerial1PutChar
 .text.vListInitialise
                0x0000057c       0x18 .\CortexM3\ARM_GCC_541\Debug\list.o
                0x0000057c                vListInitialise
 .text.vListInitialiseItem
                0x00000594        0x8 .\CortexM3\ARM_GCC_541\Debug\list.o
                0x00000594                vListInitialiseItem
 .text.vListInsertEnd
                0x0000059c       0x18 .\CortexM3\ARM_GCC_541\Debug\list.o
                0x0000059c                vListInsertEnd
 .text.vListInsert
                0x000005b4       0x34 .\CortexM3\ARM_GCC_541\Debug\list.o
                0x000005b4                vListInsert
 .text.uxListRemove
                0x000005e8       0x28 .\CortexM3\ARM_GCC_541\Debug\list.o
                0x000005e8                uxListRemove
 .text.prvGetDisinheritPriorityAfterTimeout
                0x00000610       0x14 .\CortexM3\ARM_GCC_541\Debug\queue.o
 .text.prvIsQueueFull
                0x00000624       0x20 .\CortexM3\ARM_GCC_541\Debug\queue.o
 .text.prvIsQueueEmpty
                0x00000644       0x1c .\CortexM3\ARM_GCC_541\Debug\queue.o
 .text.prvCopyDataToQueue
                0x00000660       0x78 .\CortexM3\ARM_GCC_541\Debug\queue.o
 .text.prvCopyDataFromQueue
                0x000006d8       0x24 .\CortexM3\ARM_GCC_541\Debug\queue.o
 .text.prvUnlockQueue
                0x000006fc       0x68 .\CortexM3\ARM_GCC_541\Debug\queue.o
 .text.xQueueGenericReset
                0x00000764       0x6c .\CortexM3\ARM_GCC_541\Debug\queue.o
                0x00000764                xQueueGenericReset
 .text.prvInitialiseNewQueue
                0x000007d0       0x24 .\CortexM3\ARM_GCC_541\Debug\queue.o
 .text.xQueueGenericCreate
                0x000007f4       0x34 .\CortexM3\ARM_GCC_541\Debug\queue.o
                0x000007f4                xQueueGenericCreate
 .text.xQueueGenericSend
                0x00000828      0x108 .\CortexM3\ARM_GCC_541\Debug\queue.o
                0x00000828                xQueueGenericSend
 .text.prvInitialiseMutex
                0x00000930       0x18 .\CortexM3\ARM_GCC_541\Debug\queue.o
 .text.xQueueCreateMutex
                0x00000948       0x18 .\CortexM3\ARM_GCC_541\Debug\queue.o
                0x00000948                xQueueCreateMutex
 .text.xQueueGenericSendFromISR
                0x00000960       0x70 .\CortexM3\ARM_GCC_541\Debug\queue.o
                0x00000960                xQueueGenericSendFromISR
 .text.xQueueReceive
                0x000009d0       0xf8 .\CortexM3\ARM_GCC_541\Debug\queue.o
                0x000009d0                xQueueReceive
 .text.xQueueSemaphoreTake
                0x00000ac8      0x128 .\CortexM3\ARM_GCC_541\Debug\queue.o
                0x00000ac8                xQueueSemaphoreTake
 .text.xQueueReceiveFromISR
                0x00000bf0       0x74 .\CortexM3\ARM_GCC_541\Debug\queue.o
                0x00000bf0                xQueueReceiveFromISR
 .text.prvResetNextTaskUnblockTime
                0x00000c64       0x2c .\CortexM3\ARM_GCC_541\Debug\tasks.o
 .text.prvInitialiseNewTask
                0x00000c90      0x100 .\CortexM3\ARM_GCC_541\Debug\tasks.o
 .text.prvInitialiseTaskLists
                0x00000d90       0x58 .\CortexM3\ARM_GCC_541\Debug\tasks.o
 .text.prvAddNewTaskToReadyList
                0x00000de8       0xac .\CortexM3\ARM_GCC_541\Debug\tasks.o
 .text.prvDeleteTCB
                0x00000e94       0x18 .\CortexM3\ARM_GCC_541\Debug\tasks.o
 .text.prvCheckTasksWaitingTermination
                0x00000eac       0x44 .\CortexM3\ARM_GCC_541\Debug\tasks.o
 .text.prvIdleTask
                0x00000ef0        0x8 .\CortexM3\ARM_GCC_541\Debug\tasks.o
 .text.prvAddCurrentTaskToDelayedList
                0x00000ef8       0x84 .\CortexM3\ARM_GCC_541\Debug\tasks.o
 .text.xTaskCreate
                0x00000f7c       0x64 .\CortexM3\ARM_GCC_541\Debug\tasks.o
                0x00000f7c                xTaskCreate
 .text.vTaskStartScheduler
                0x00000fe0       0x6c .\CortexM3\ARM_GCC_541\Debug\tasks.o
                0x00000fe0                vTaskStartScheduler
 .text.vTaskSuspendAll
                0x0000104c       0x14 .\CortexM3\ARM_GCC_541\Debug\tasks.o
                0x0000104c                vTaskSuspendAll
 .text.xTaskIncrementTick
                0x00001060      0x108 .\CortexM3\ARM_GCC_541\Debug\tasks.o
                0x00001060                xTaskIncrementTick
 .text.xTaskResumeAll
                0x00001168       0xd8 .\CortexM3\ARM_GCC_541\Debug\tasks.o
                0x00001168                xTaskResumeAll
 .text.vTaskDelay
                0x00001240       0x34 .\CortexM3\ARM_GCC_541\Debug\tasks.o
                0x00001240                vTaskDelay
 .text.vTaskSwitchContext
                0x00001274       0xd4 .\CortexM3\ARM_GCC_541\Debug\tasks.o
                0x00001274                vTaskSwitchContext
 .text.vTaskSuspend
                0x00001348       0xc0 .\CortexM3\ARM_GCC_541\Debug\tasks.o
                0x00001348                vTaskSuspend
 .text.vTaskPlaceOnEventList
                0x00001408       0x20 .\CortexM3\ARM_GCC_541\Debug\tasks.o
                0x00001408                vTaskPlaceOnEventList
 .text.xTaskRemoveFromEventList
                0x00001428       0x74 .\CortexM3\ARM_GCC_541\Debug\tasks.o
                0x00001428                xTaskRemoveFromEventList
 .text.vTaskInternalSetTimeOutState
                0x0000149c       0x14 .\CortexM3\ARM_GCC_541\Debug\tasks.o
                0x0000149c                vTaskInternalSetTimeOutState
 .text.xTaskCheckForTimeOut
                0x000014b0       0x58 .\CortexM3\ARM_GCC_541\Debug\tasks.o
                0x000014b0                xTaskCheckForTimeOut
 .text.vTaskMissedYield
                0x00001508       0x10 .\CortexM3\ARM_GCC_541\Debug\tasks.o
                0x00001508                vTaskMissedYield
 .text.xTaskPriorityInherit
                0x00001518       0xd0 .\CortexM3\ARM_GCC_541\Debug\tasks.o
                0x00001518                xTaskPriorityInherit
 .text.xTaskPriorityDisinherit
                0x000015e8       0x88 .\CortexM3\ARM_GCC_541\Debug\tasks.o
                0x000015e8                xTaskPriorityDisinherit
 .text.vTaskPriorityDisinheritAfterTimeout
                0x00001670       0xa0 .\CortexM3\ARM_GCC_541\Debug\tasks.o
                0x00001670                vTaskPriorityDisinheritAfterTimeout
 .text.pvTaskIncrementMutexHeldCount
                0x00001710       0x20 .\CortexM3\ARM_GCC_541\Debug\tasks.o
                0x00001710                pvTaskIncrementMutexHeldCount
 .text.prvTaskExitError
                0x00001730       0x20 .\CortexM3\ARM_GCC_541\Debug\port.o
 .text.prvPortStartFirstTask
                0x00001750       0x20 .\CortexM3\ARM_GCC_541\Debug\port.o
 .text.pxPortInitialiseStack
                0x00001770       0x24 .\CortexM3\ARM_GCC_541\Debug\port.o
                0x00001770                pxPortInitialiseStack
 *fill*         0x00001794        0xc 
 .text.vPortSVCHandler
                0x000017a0       0x24 .\CortexM3\ARM_GCC_541\Debug\port.o
                0x000017a0                vPortSVCHandler
 .text.vPortEnterCritical
                0x000017c4       0x20 .\CortexM3\ARM_GCC_541\Debug\port.o
                0x000017c4                vPortEnterCritical
 .text.vPortExitCritical
                0x000017e4       0x14 .\CortexM3\ARM_GCC_541\Debug\port.o
                0x000017e4                vPortExitCritical
 *fill*         0x000017f8        0x8 
 .text.xPortPendSVHandler
                0x00001800       0x44 .\CortexM3\ARM_GCC_541\Debug\port.o
                0x00001800                xPortPendSVHandler
 .text.xPortSysTickHandler
                0x00001844       0x2c .\CortexM3\ARM_GCC_541\Debug\port.o
                0x00001844                xPortSysTickHandler
 .text.vPortSetupTimerInterrupt
                0x00001870       0x24 .\CortexM3\ARM_GCC_541\Debug\port.o
                0x00001870                vPortSetupTimerInterrupt
 .text.xPortStartScheduler
                0x00001894       0x38 .\CortexM3\ARM_GCC_541\Debug\port.o
                0x00001894                xPortStartScheduler
 .text.prvHeapInit
                0x000018cc       0x30 .\CortexM3\ARM_GCC_541\Debug\heap_2.o
 .text.pvPortMalloc
                0x000018fc       0xb4 .\CortexM3\ARM_GCC_541\Debug\heap_2.o
                0x000018fc                pvPortMalloc
 .text.vPortFree
                0x000019b0       0x44 .\CortexM3\ARM_GCC_541\Debug\heap_2.o
                0x000019b0                vPortFree
 .text.zmain    0x000019f4       0x64 .\CortexM3\ARM_GCC_541\Debug\main.o
                0x000019f4                zmain
 .text.CyClockStartupError
                0x00001a58        0x4 .\CortexM3\ARM_GCC_541\Debug\cyfitter_cfg.o
 .text.cfg_write_bytes32
                0x00001a5c       0x34 .\CortexM3\ARM_GCC_541\Debug\cyfitter_cfg.o
 .text.CYMEMZERO
                0x00001a90        0xc .\CortexM3\ARM_GCC_541\Debug\cyfitter_cfg.o
 .text.AnalogSetDefault
                0x00001a9c       0x80 .\CortexM3\ARM_GCC_541\Debug\cyfitter_cfg.o
 .text.CYCONFIGCPY
                0x00001b1c        0x8 .\CortexM3\ARM_GCC_541\Debug\cyfitter_cfg.o
 .text.ClockSetup
                0x00001b24      0x16c .\CortexM3\ARM_GCC_541\Debug\cyfitter_cfg.o
 .text.cyfitter_cfg
                0x00001c90      0x148 .\CortexM3\ARM_GCC_541\Debug\cyfitter_cfg.o
                0x00001c90                cyfitter_cfg
 .text.IntDefaultHandler
                0x00001dd8       0x10 .\CortexM3\ARM_GCC_541\Debug\Cm3Start.o
                0x00001dd8                IntDefaultHandler
 .text._sbrk    0x00001de8       0x30 .\CortexM3\ARM_GCC_541\Debug\Cm3Start.o
                0x00001de8                _sbrk
 .text.Start_c  0x00001e18       0x4c .\CortexM3\ARM_GCC_541\Debug\Cm3Start.o
                0x00001e18                Start_c
 .text.initialize_psoc
                0x00001e64       0x68 .\CortexM3\ARM_GCC_541\Debug\Cm3Start.o
                0x00001e64                initialize_psoc
 .text.PWM_Enable
                0x00001ecc       0x10 .\CortexM3\ARM_GCC_541\Debug\ZumoBot_Tank.a(PWM.o)
                0x00001ecc                PWM_Enable
 .text.PWM_WriteCounter
                0x00001edc        0xc .\CortexM3\ARM_GCC_541\Debug\ZumoBot_Tank.a(PWM.o)
                0x00001edc                PWM_WriteCounter
 .text.PWM_WritePeriod
                0x00001ee8        0xc .\CortexM3\ARM_GCC_541\Debug\ZumoBot_Tank.a(PWM.o)
                0x00001ee8                PWM_WritePeriod
 .text.PWM_WriteCompare1
                0x00001ef4        0xc .\CortexM3\ARM_GCC_541\Debug\ZumoBot_Tank.a(PWM.o)
                0x00001ef4                PWM_WriteCompare1
 .text.PWM_WriteCompare2
                0x00001f00        0xc .\CortexM3\ARM_GCC_541\Debug\ZumoBot_Tank.a(PWM.o)
                0x00001f00                PWM_WriteCompare2
 .text.PWM_SetInterruptMode
                0x00001f0c        0xc .\CortexM3\ARM_GCC_541\Debug\ZumoBot_Tank.a(PWM.o)
                0x00001f0c                PWM_SetInterruptMode
 .text.PWM_ReadStatusRegister
                0x00001f18        0xc .\CortexM3\ARM_GCC_541\Debug\ZumoBot_Tank.a(PWM.o)
                0x00001f18                PWM_ReadStatusRegister
 .text.PWM_ReadCapture
                0x00001f24        0xc .\CortexM3\ARM_GCC_541\Debug\ZumoBot_Tank.a(PWM.o)
                0x00001f24                PWM_ReadCapture
 .text.PWM_ClearFIFO
                0x00001f30       0x14 .\CortexM3\ARM_GCC_541\Debug\ZumoBot_Tank.a(PWM.o)
                0x00001f30                PWM_ClearFIFO
 .text.PWM_Init
                0x00001f44       0x5c .\CortexM3\ARM_GCC_541\Debug\ZumoBot_Tank.a(PWM.o)
                0x00001f44                PWM_Init
 .text.PWM_Start
                0x00001fa0       0x1c .\CortexM3\ARM_GCC_541\Debug\ZumoBot_Tank.a(PWM.o)
                0x00001fa0                PWM_Start
 .text.I2C_Init
                0x00001fbc       0x68 .\CortexM3\ARM_GCC_541\Debug\ZumoBot_Tank.a(I2C.o)
                0x00001fbc                I2C_Init
 .text.I2C_Enable
                0x00002024       0x24 .\CortexM3\ARM_GCC_541\Debug\ZumoBot_Tank.a(I2C.o)
                0x00002024                I2C_Enable
 .text.I2C_Start
                0x00002048       0x28 .\CortexM3\ARM_GCC_541\Debug\ZumoBot_Tank.a(I2C.o)
                0x00002048                I2C_Start
 .text.I2C_ISR  0x00002070      0x2d0 .\CortexM3\ARM_GCC_541\Debug\ZumoBot_Tank.a(I2C_INT.o)
                0x00002070                I2C_ISR
 .text.I2C_MasterWriteBuf
                0x00002340       0xcc .\CortexM3\ARM_GCC_541\Debug\ZumoBot_Tank.a(I2C_MASTER.o)
                0x00002340                I2C_MasterWriteBuf
 .text.I2C_MasterReadBuf
                0x0000240c       0xd0 .\CortexM3\ARM_GCC_541\Debug\ZumoBot_Tank.a(I2C_MASTER.o)
                0x0000240c                I2C_MasterReadBuf
 .text.I2C_MasterStatus
                0x000024dc       0x38 .\CortexM3\ARM_GCC_541\Debug\ZumoBot_Tank.a(I2C_MASTER.o)
                0x000024dc                I2C_MasterStatus
 .text.I2C_MasterClearStatus
                0x00002514       0x24 .\CortexM3\ARM_GCC_541\Debug\ZumoBot_Tank.a(I2C_MASTER.o)
                0x00002514                I2C_MasterClearStatus
 .text.UART_1_Init
                0x00002538       0x24 .\CortexM3\ARM_GCC_541\Debug\ZumoBot_Tank.a(UART_1.o)
                0x00002538                UART_1_Init
 .text.UART_1_Enable
                0x0000255c       0x38 .\CortexM3\ARM_GCC_541\Debug\ZumoBot_Tank.a(UART_1.o)
                0x0000255c                UART_1_Enable
 .text.UART_1_Start
                0x00002594       0x1c .\CortexM3\ARM_GCC_541\Debug\ZumoBot_Tank.a(UART_1.o)
                0x00002594                UART_1_Start
 .text.UART_1_ReadRxData
                0x000025b0        0xc .\CortexM3\ARM_GCC_541\Debug\ZumoBot_Tank.a(UART_1.o)
                0x000025b0                UART_1_ReadRxData
 .text.UART_1_ReadRxStatus
                0x000025bc       0x10 .\CortexM3\ARM_GCC_541\Debug\ZumoBot_Tank.a(UART_1.o)
                0x000025bc                UART_1_ReadRxStatus
 .text.UART_1_SetTxInterruptMode
                0x000025cc        0xc .\CortexM3\ARM_GCC_541\Debug\ZumoBot_Tank.a(UART_1.o)
                0x000025cc                UART_1_SetTxInterruptMode
 .text.UART_1_ReadTxStatus
                0x000025d8        0xc .\CortexM3\ARM_GCC_541\Debug\ZumoBot_Tank.a(UART_1.o)
                0x000025d8                UART_1_ReadTxStatus
 .text.UART_1_PutChar
                0x000025e4       0x18 .\CortexM3\ARM_GCC_541\Debug\ZumoBot_Tank.a(UART_1.o)
                0x000025e4                UART_1_PutChar
 .text.MotorDirLeft_Write
                0x000025fc       0x18 .\CortexM3\ARM_GCC_541\Debug\ZumoBot_Tank.a(MotorDirLeft.o)
                0x000025fc                MotorDirLeft_Write
 .text.MotorDirRight_Write
                0x00002614       0x18 .\CortexM3\ARM_GCC_541\Debug\ZumoBot_Tank.a(MotorDirRight.o)
                0x00002614                MotorDirRight_Write
 .text.UART_2_Init
                0x0000262c       0x28 .\CortexM3\ARM_GCC_541\Debug\ZumoBot_Tank.a(UART_2.o)
                0x0000262c                UART_2_Init
 .text.UART_2_Enable
                0x00002654       0x38 .\CortexM3\ARM_GCC_541\Debug\ZumoBot_Tank.a(UART_2.o)
                0x00002654                UART_2_Enable
 .text.UART_2_Start
                0x0000268c       0x1c .\CortexM3\ARM_GCC_541\Debug\ZumoBot_Tank.a(UART_2.o)
                0x0000268c                UART_2_Start
 .text.StatisticsCounter_Enable
                0x000026a8       0x10 .\CortexM3\ARM_GCC_541\Debug\ZumoBot_Tank.a(StatisticsCounter.o)
                0x000026a8                StatisticsCounter_Enable
 .text.StatisticsCounter_SetInterruptMode
                0x000026b8        0xc .\CortexM3\ARM_GCC_541\Debug\ZumoBot_Tank.a(StatisticsCounter.o)
                0x000026b8                StatisticsCounter_SetInterruptMode
 .text.StatisticsCounter_ReadStatusRegister
                0x000026c4        0xc .\CortexM3\ARM_GCC_541\Debug\ZumoBot_Tank.a(StatisticsCounter.o)
                0x000026c4                StatisticsCounter_ReadStatusRegister
 .text.StatisticsCounter_WriteCounter
                0x000026d0        0xc .\CortexM3\ARM_GCC_541\Debug\ZumoBot_Tank.a(StatisticsCounter.o)
                0x000026d0                StatisticsCounter_WriteCounter
 .text.StatisticsCounter_ReadCounter
                0x000026dc       0x14 .\CortexM3\ARM_GCC_541\Debug\ZumoBot_Tank.a(StatisticsCounter.o)
                0x000026dc                StatisticsCounter_ReadCounter
 .text.StatisticsCounter_ReadCapture
                0x000026f0        0xc .\CortexM3\ARM_GCC_541\Debug\ZumoBot_Tank.a(StatisticsCounter.o)
                0x000026f0                StatisticsCounter_ReadCapture
 .text.StatisticsCounter_WritePeriod
                0x000026fc        0xc .\CortexM3\ARM_GCC_541\Debug\ZumoBot_Tank.a(StatisticsCounter.o)
                0x000026fc                StatisticsCounter_WritePeriod
 .text.StatisticsCounter_WriteCompare
                0x00002708        0xc .\CortexM3\ARM_GCC_541\Debug\ZumoBot_Tank.a(StatisticsCounter.o)
                0x00002708                StatisticsCounter_WriteCompare
 .text.StatisticsCounter_ClearFIFO
                0x00002714       0x14 .\CortexM3\ARM_GCC_541\Debug\ZumoBot_Tank.a(StatisticsCounter.o)
                0x00002714                StatisticsCounter_ClearFIFO
 .text.StatisticsCounter_Init
                0x00002728       0x54 .\CortexM3\ARM_GCC_541\Debug\ZumoBot_Tank.a(StatisticsCounter.o)
                0x00002728                StatisticsCounter_Init
 .text.StatisticsCounter_Start
                0x0000277c       0x1c .\CortexM3\ARM_GCC_541\Debug\ZumoBot_Tank.a(StatisticsCounter.o)
                0x0000277c                StatisticsCounter_Start
 .text.isr_U1_TX_SetVector
                0x00002798        0xc .\CortexM3\ARM_GCC_541\Debug\ZumoBot_Tank.a(isr_U1_TX.o)
                0x00002798                isr_U1_TX_SetVector
 .text.isr_U1_TX_SetPriority
                0x000027a4       0x10 .\CortexM3\ARM_GCC_541\Debug\ZumoBot_Tank.a(isr_U1_TX.o)
                0x000027a4                isr_U1_TX_SetPriority
 .text.isr_U1_TX_Enable
                0x000027b4        0xc .\CortexM3\ARM_GCC_541\Debug\ZumoBot_Tank.a(isr_U1_TX.o)
                0x000027b4                isr_U1_TX_Enable
 .text.isr_U1_TX_Disable
                0x000027c0        0xc .\CortexM3\ARM_GCC_541\Debug\ZumoBot_Tank.a(isr_U1_TX.o)
                0x000027c0                isr_U1_TX_Disable
 .text.isr_U1_TX_StartEx
                0x000027cc       0x1c .\CortexM3\ARM_GCC_541\Debug\ZumoBot_Tank.a(isr_U1_TX.o)
                0x000027cc                isr_U1_TX_StartEx
 .text.isr_U1_TX_ClearPending
                0x000027e8        0xc .\CortexM3\ARM_GCC_541\Debug\ZumoBot_Tank.a(isr_U1_TX.o)
                0x000027e8                isr_U1_TX_ClearPending
 .text.isr_U1_RX_SetVector
                0x000027f4        0xc .\CortexM3\ARM_GCC_541\Debug\ZumoBot_Tank.a(isr_U1_RX.o)
                0x000027f4                isr_U1_RX_SetVector
 .text.isr_U1_RX_SetPriority
                0x00002800       0x10 .\CortexM3\ARM_GCC_541\Debug\ZumoBot_Tank.a(isr_U1_RX.o)
                0x00002800                isr_U1_RX_SetPriority
 .text.isr_U1_RX_Enable
                0x00002810        0xc .\CortexM3\ARM_GCC_541\Debug\ZumoBot_Tank.a(isr_U1_RX.o)
                0x00002810                isr_U1_RX_Enable
 .text.isr_U1_RX_Disable
                0x0000281c        0xc .\CortexM3\ARM_GCC_541\Debug\ZumoBot_Tank.a(isr_U1_RX.o)
                0x0000281c                isr_U1_RX_Disable
 .text.isr_U1_RX_StartEx
                0x00002828       0x1c .\CortexM3\ARM_GCC_541\Debug\ZumoBot_Tank.a(isr_U1_RX.o)
                0x00002828                isr_U1_RX_StartEx
 .text.isr_U1_RX_ClearPending
                0x00002844        0xc .\CortexM3\ARM_GCC_541\Debug\ZumoBot_Tank.a(isr_U1_RX.o)
                0x00002844                isr_U1_RX_ClearPending
 .text.UART_1_IntClock_Start
                0x00002850       0x1c .\CortexM3\ARM_GCC_541\Debug\ZumoBot_Tank.a(UART_1_IntClock.o)
                0x00002850                UART_1_IntClock_Start
 .text.UART_2_IntClock_Start
                0x0000286c       0x1c .\CortexM3\ARM_GCC_541\Debug\ZumoBot_Tank.a(UART_2_IntClock.o)
                0x0000286c                UART_2_IntClock_Start
 .text.CyHalt   0x00002888        0x4 .\CortexM3\ARM_GCC_541\Debug\ZumoBot_Tank.a(CyLib.o)
                0x00002888                CyHalt
 .text.CyDelayUs
                0x0000288c       0x14 .\CortexM3\ARM_GCC_541\Debug\ZumoBot_Tank.a(CyLib.o)
                0x0000288c                CyDelayUs
 .text.CyIntSetVector
                0x000028a0       0x28 .\CortexM3\ARM_GCC_541\Debug\ZumoBot_Tank.a(CyLib.o)
                0x000028a0                CyIntSetVector
 .text.CyIntSetPriority
                0x000028c8       0x30 .\CortexM3\ARM_GCC_541\Debug\ZumoBot_Tank.a(CyLib.o)
                0x000028c8                CyIntSetPriority
 .text          0x000028f8       0x20 .\CortexM3\ARM_GCC_541\Debug\ZumoBot_Tank.a(CyBootAsmGnu.o)
                0x000028f8                CyDelayCycles
                0x00002908                CyEnterCriticalSection
                0x00002910                CyExitCriticalSection
 .text          0x00002918      0x370 c:/program files (x86)/cypress/psoc creator/4.2/psoc creator/import/gnu/arm/5.4.1/bin/../lib/gcc/arm-none-eabi/5.4.1/armv7-m\libgcc.a(_arm_addsubdf3.o)
                0x00002918                __aeabi_drsub
                0x00002920                __aeabi_dsub
                0x00002920                __subdf3
                0x00002924                __aeabi_dadd
                0x00002924                __adddf3
                0x00002b9c                __floatunsidf
                0x00002b9c                __aeabi_ui2d
                0x00002bbc                __floatsidf
                0x00002bbc                __aeabi_i2d
                0x00002be0                __aeabi_f2d
                0x00002be0                __extendsfdf2
                0x00002c1c                __floatundidf
                0x00002c1c                __aeabi_ul2d
                0x00002c2c                __floatdidf
                0x00002c2c                __aeabi_l2d
 .text          0x00002c88      0x424 c:/program files (x86)/cypress/psoc creator/4.2/psoc creator/import/gnu/arm/5.4.1/bin/../lib/gcc/arm-none-eabi/5.4.1/armv7-m\libgcc.a(_arm_muldivdf3.o)
                0x00002c88                __aeabi_dmul
                0x00002c88                __muldf3
                0x00002edc                __divdf3
                0x00002edc                __aeabi_ddiv
 .text          0x000030ac      0x110 c:/program files (x86)/cypress/psoc creator/4.2/psoc creator/import/gnu/arm/5.4.1/bin/../lib/gcc/arm-none-eabi/5.4.1/armv7-m\libgcc.a(_arm_cmpdf2.o)
                0x000030ac                __gtdf2
                0x000030ac                __gedf2
                0x000030b4                __ltdf2
                0x000030b4                __ledf2
                0x000030bc                __nedf2
                0x000030bc                __eqdf2
                0x000030bc                __cmpdf2
                0x00003138                __aeabi_cdrcmple
                0x00003148                __aeabi_cdcmpeq
                0x00003148                __aeabi_cdcmple
                0x00003158                __aeabi_dcmpeq
                0x0000316c                __aeabi_dcmplt
                0x00003180                __aeabi_dcmple
                0x00003194                __aeabi_dcmpge
                0x000031a8                __aeabi_dcmpgt
 .text.__errno  0x000031bc        0xc c:/program files (x86)/cypress/psoc creator/4.2/psoc creator/import/gnu/arm/5.4.1/bin/../lib/gcc/arm-none-eabi/5.4.1/../../../../arm-none-eabi/lib/armv7-m\libg.a(lib_a-errno.o)
                0x000031bc                __errno
 .text.__sflush_r
                0x000031c8      0x148 c:/program files (x86)/cypress/psoc creator/4.2/psoc creator/import/gnu/arm/5.4.1/bin/../lib/gcc/arm-none-eabi/5.4.1/../../../../arm-none-eabi/lib/armv7-m\libg.a(lib_a-fflush.o)
                0x000031c8                __sflush_r
 .text._fflush_r
                0x00003310       0x2c c:/program files (x86)/cypress/psoc creator/4.2/psoc creator/import/gnu/arm/5.4.1/bin/../lib/gcc/arm-none-eabi/5.4.1/../../../../arm-none-eabi/lib/armv7-m\libg.a(lib_a-fflush.o)
                0x00003310                _fflush_r
 .text.fflush   0x0000333c       0x24 c:/program files (x86)/cypress/psoc creator/4.2/psoc creator/import/gnu/arm/5.4.1/bin/../lib/gcc/arm-none-eabi/5.4.1/../../../../arm-none-eabi/lib/armv7-m\libg.a(lib_a-fflush.o)
                0x0000333c                fflush
 .text._cleanup_r
                0x00003360        0xc c:/program files (x86)/cypress/psoc creator/4.2/psoc creator/import/gnu/arm/5.4.1/bin/../lib/gcc/arm-none-eabi/5.4.1/../../../../arm-none-eabi/lib/armv7-m\libg.a(lib_a-findfp.o)
                0x00003360                _cleanup_r
 .text.__sinit.part.1
                0x0000336c       0xf0 c:/program files (x86)/cypress/psoc creator/4.2/psoc creator/import/gnu/arm/5.4.1/bin/../lib/gcc/arm-none-eabi/5.4.1/../../../../arm-none-eabi/lib/armv7-m\libg.a(lib_a-findfp.o)
 .text.__sinit  0x0000345c        0xc c:/program files (x86)/cypress/psoc creator/4.2/psoc creator/import/gnu/arm/5.4.1/bin/../lib/gcc/arm-none-eabi/5.4.1/../../../../arm-none-eabi/lib/armv7-m\libg.a(lib_a-findfp.o)
                0x0000345c                __sinit
 .text.__sfp_lock_acquire
                0x00003468        0x4 c:/program files (x86)/cypress/psoc creator/4.2/psoc creator/import/gnu/arm/5.4.1/bin/../lib/gcc/arm-none-eabi/5.4.1/../../../../arm-none-eabi/lib/armv7-m\libg.a(lib_a-findfp.o)
                0x00003468                __sfp_lock_acquire
 .text.__sfp_lock_release
                0x0000346c        0x4 c:/program files (x86)/cypress/psoc creator/4.2/psoc creator/import/gnu/arm/5.4.1/bin/../lib/gcc/arm-none-eabi/5.4.1/../../../../arm-none-eabi/lib/armv7-m\libg.a(lib_a-findfp.o)
                0x0000346c                __sfp_lock_release
 .text._malloc_trim_r
                0x00003470       0x9c c:/program files (x86)/cypress/psoc creator/4.2/psoc creator/import/gnu/arm/5.4.1/bin/../lib/gcc/arm-none-eabi/5.4.1/../../../../arm-none-eabi/lib/armv7-m\libg.a(lib_a-freer.o)
                0x00003470                _malloc_trim_r
 .text._free_r  0x0000350c      0x1d0 c:/program files (x86)/cypress/psoc creator/4.2/psoc creator/import/gnu/arm/5.4.1/bin/../lib/gcc/arm-none-eabi/5.4.1/../../../../arm-none-eabi/lib/armv7-m\libg.a(lib_a-freer.o)
                0x0000350c                _free_r
 .text._fwalk_reent
                0x000036dc       0x50 c:/program files (x86)/cypress/psoc creator/4.2/psoc creator/import/gnu/arm/5.4.1/bin/../lib/gcc/arm-none-eabi/5.4.1/../../../../arm-none-eabi/lib/armv7-m\libg.a(lib_a-fwalk.o)
                0x000036dc                _fwalk_reent
 .text.__libc_init_array
                0x0000372c       0x50 c:/program files (x86)/cypress/psoc creator/4.2/psoc creator/import/gnu/arm/5.4.1/bin/../lib/gcc/arm-none-eabi/5.4.1/../../../../arm-none-eabi/lib/armv7-m\libg.a(lib_a-init.o)
                0x0000372c                __libc_init_array
 .text._malloc_r
                0x0000377c      0x558 c:/program files (x86)/cypress/psoc creator/4.2/psoc creator/import/gnu/arm/5.4.1/bin/../lib/gcc/arm-none-eabi/5.4.1/../../../../arm-none-eabi/lib/armv7-m\libg.a(lib_a-mallocr.o)
                0x0000377c                _malloc_r
 .text          0x00003cd4       0xec c:/program files (x86)/cypress/psoc creator/4.2/psoc creator/import/gnu/arm/5.4.1/bin/../lib/gcc/arm-none-eabi/5.4.1/../../../../arm-none-eabi/lib/armv7-m\libg.a(lib_a-memcpy.o)
                0x00003cd4                memcpy
 .text.memmove  0x00003dc0       0xc8 c:/program files (x86)/cypress/psoc creator/4.2/psoc creator/import/gnu/arm/5.4.1/bin/../lib/gcc/arm-none-eabi/5.4.1/../../../../arm-none-eabi/lib/armv7-m\libg.a(lib_a-memmove.o)
                0x00003dc0                memmove
 .text.memset   0x00003e88       0x9c c:/program files (x86)/cypress/psoc creator/4.2/psoc creator/import/gnu/arm/5.4.1/bin/../lib/gcc/arm-none-eabi/5.4.1/../../../../arm-none-eabi/lib/armv7-m\libg.a(lib_a-memset.o)
                0x00003e88                memset
 .text.__malloc_lock
                0x00003f24        0x4 c:/program files (x86)/cypress/psoc creator/4.2/psoc creator/import/gnu/arm/5.4.1/bin/../lib/gcc/arm-none-eabi/5.4.1/../../../../arm-none-eabi/lib/armv7-m\libg.a(lib_a-mlock.o)
                0x00003f24                __malloc_lock
 .text.__malloc_unlock
                0x00003f28        0x4 c:/program files (x86)/cypress/psoc creator/4.2/psoc creator/import/gnu/arm/5.4.1/bin/../lib/gcc/arm-none-eabi/5.4.1/../../../../arm-none-eabi/lib/armv7-m\libg.a(lib_a-mlock.o)
                0x00003f28                __malloc_unlock
 .text.printf   0x00003f2c       0x28 c:/program files (x86)/cypress/psoc creator/4.2/psoc creator/import/gnu/arm/5.4.1/bin/../lib/gcc/arm-none-eabi/5.4.1/../../../../arm-none-eabi/lib/armv7-m\libg.a(lib_a-printf.o)
                0x00003f2c                printf
 .text._puts_r  0x00003f54       0x68 c:/program files (x86)/cypress/psoc creator/4.2/psoc creator/import/gnu/arm/5.4.1/bin/../lib/gcc/arm-none-eabi/5.4.1/../../../../arm-none-eabi/lib/armv7-m\libg.a(lib_a-puts.o)
                0x00003f54                _puts_r
 .text.puts     0x00003fbc       0x10 c:/program files (x86)/cypress/psoc creator/4.2/psoc creator/import/gnu/arm/5.4.1/bin/../lib/gcc/arm-none-eabi/5.4.1/../../../../arm-none-eabi/lib/armv7-m\libg.a(lib_a-puts.o)
                0x00003fbc                puts
 .text.cleanup_glue
                0x00003fcc       0x1c c:/program files (x86)/cypress/psoc creator/4.2/psoc creator/import/gnu/arm/5.4.1/bin/../lib/gcc/arm-none-eabi/5.4.1/../../../../arm-none-eabi/lib/armv7-m\libg.a(lib_a-reent.o)
                0x00003fcc                cleanup_glue
 .text._reclaim_reent
                0x00003fe8       0x88 c:/program files (x86)/cypress/psoc creator/4.2/psoc creator/import/gnu/arm/5.4.1/bin/../lib/gcc/arm-none-eabi/5.4.1/../../../../arm-none-eabi/lib/armv7-m\libg.a(lib_a-reent.o)
                0x00003fe8                _reclaim_reent
 .text._sbrk_r  0x00004070       0x24 c:/program files (x86)/cypress/psoc creator/4.2/psoc creator/import/gnu/arm/5.4.1/bin/../lib/gcc/arm-none-eabi/5.4.1/../../../../arm-none-eabi/lib/armv7-m\libg.a(lib_a-sbrkr.o)
                0x00004070                _sbrk_r
 .text.__sread  0x00004094       0x24 c:/program files (x86)/cypress/psoc creator/4.2/psoc creator/import/gnu/arm/5.4.1/bin/../lib/gcc/arm-none-eabi/5.4.1/../../../../arm-none-eabi/lib/armv7-m\libg.a(lib_a-stdio.o)
                0x00004094                __sread
 .text.__swrite
                0x000040b8       0x3c c:/program files (x86)/cypress/psoc creator/4.2/psoc creator/import/gnu/arm/5.4.1/bin/../lib/gcc/arm-none-eabi/5.4.1/../../../../arm-none-eabi/lib/armv7-m\libg.a(lib_a-stdio.o)
                0x000040b8                __swrite
 .text.__sseek  0x000040f4       0x20 c:/program files (x86)/cypress/psoc creator/4.2/psoc creator/import/gnu/arm/5.4.1/bin/../lib/gcc/arm-none-eabi/5.4.1/../../../../arm-none-eabi/lib/armv7-m\libg.a(lib_a-stdio.o)
                0x000040f4                __sseek
 .text.__sclose
                0x00004114        0x8 c:/program files (x86)/cypress/psoc creator/4.2/psoc creator/import/gnu/arm/5.4.1/bin/../lib/gcc/arm-none-eabi/5.4.1/../../../../arm-none-eabi/lib/armv7-m\libg.a(lib_a-stdio.o)
                0x00004114                __sclose
 .text.strlen   0x0000411c       0x5c c:/program files (x86)/cypress/psoc creator/4.2/psoc creator/import/gnu/arm/5.4.1/bin/../lib/gcc/arm-none-eabi/5.4.1/../../../../arm-none-eabi/lib/armv7-m\libg.a(lib_a-strlen-stub.o)
                0x0000411c                strlen
 .text._vfprintf_r
                0x00004178     0x1788 c:/program files (x86)/cypress/psoc creator/4.2/psoc creator/import/gnu/arm/5.4.1/bin/../lib/gcc/arm-none-eabi/5.4.1/../../../../arm-none-eabi/lib/armv7-m\libg.a(lib_a-vfprintf.o)
                0x00004178                _vfprintf_r
 .text.__sbprintf
                0x00005900       0x6c c:/program files (x86)/cypress/psoc creator/4.2/psoc creator/import/gnu/arm/5.4.1/bin/../lib/gcc/arm-none-eabi/5.4.1/../../../../arm-none-eabi/lib/armv7-m\libg.a(lib_a-vfprintf.o)
 .text._write_r
                0x0000596c       0x2c c:/program files (x86)/cypress/psoc creator/4.2/psoc creator/import/gnu/arm/5.4.1/bin/../lib/gcc/arm-none-eabi/5.4.1/../../../../arm-none-eabi/lib/armv7-m\libg.a(lib_a-writer.o)
                0x0000596c                _write_r
 .text.__swsetup_r
                0x00005998       0xc8 c:/program files (x86)/cypress/psoc creator/4.2/psoc creator/import/gnu/arm/5.4.1/bin/../lib/gcc/arm-none-eabi/5.4.1/../../../../arm-none-eabi/lib/armv7-m\libg.a(lib_a-wsetup.o)
                0x00005998                __swsetup_r
 .text.startup.register_fini
                0x00005a60       0x14 c:/program files (x86)/cypress/psoc creator/4.2/psoc creator/import/gnu/arm/5.4.1/bin/../lib/gcc/arm-none-eabi/5.4.1/../../../../arm-none-eabi/lib/armv7-m\libg.a(lib_a-__call_atexit.o)
 .text.atexit   0x00005a74        0xc c:/program files (x86)/cypress/psoc creator/4.2/psoc creator/import/gnu/arm/5.4.1/bin/../lib/gcc/arm-none-eabi/5.4.1/../../../../arm-none-eabi/lib/armv7-m\libg.a(lib_a-atexit.o)
                0x00005a74                atexit
 .text._close_r
                0x00005a80       0x24 c:/program files (x86)/cypress/psoc creator/4.2/psoc creator/import/gnu/arm/5.4.1/bin/../lib/gcc/arm-none-eabi/5.4.1/../../../../arm-none-eabi/lib/armv7-m\libg.a(lib_a-closer.o)
                0x00005a80                _close_r
 .text.quorem   0x00005aa4      0x12c c:/program files (x86)/cypress/psoc creator/4.2/psoc creator/import/gnu/arm/5.4.1/bin/../lib/gcc/arm-none-eabi/5.4.1/../../../../arm-none-eabi/lib/armv7-m\libg.a(lib_a-dtoa.o)
 .text._dtoa_r  0x00005bd0      0xe4c c:/program files (x86)/cypress/psoc creator/4.2/psoc creator/import/gnu/arm/5.4.1/bin/../lib/gcc/arm-none-eabi/5.4.1/../../../../arm-none-eabi/lib/armv7-m\libg.a(lib_a-dtoa.o)
                0x00005bd0                _dtoa_r
 .text._fclose_r
                0x00006a1c       0x84 c:/program files (x86)/cypress/psoc creator/4.2/psoc creator/import/gnu/arm/5.4.1/bin/../lib/gcc/arm-none-eabi/5.4.1/../../../../arm-none-eabi/lib/armv7-m\libg.a(lib_a-fclose.o)
                0x00006a1c                _fclose_r
 .text.__libc_fini_array
                0x00006aa0       0x28 c:/program files (x86)/cypress/psoc creator/4.2/psoc creator/import/gnu/arm/5.4.1/bin/../lib/gcc/arm-none-eabi/5.4.1/../../../../arm-none-eabi/lib/armv7-m\libg.a(lib_a-fini.o)
                0x00006aa0                __libc_fini_array
 .text.__sfvwrite_r
                0x00006ac8      0x308 c:/program files (x86)/cypress/psoc creator/4.2/psoc creator/import/gnu/arm/5.4.1/bin/../lib/gcc/arm-none-eabi/5.4.1/../../../../arm-none-eabi/lib/armv7-m\libg.a(lib_a-fvwrite.o)
                0x00006ac8                __sfvwrite_r
 .text.__locale_charset
                0x00006dd0        0x8 c:/program files (x86)/cypress/psoc creator/4.2/psoc creator/import/gnu/arm/5.4.1/bin/../lib/gcc/arm-none-eabi/5.4.1/../../../../arm-none-eabi/lib/armv7-m\libg.a(lib_a-locale.o)
                0x00006dd0                __locale_charset
 .text.__locale_mb_cur_max
                0x00006dd8        0xc c:/program files (x86)/cypress/psoc creator/4.2/psoc creator/import/gnu/arm/5.4.1/bin/../lib/gcc/arm-none-eabi/5.4.1/../../../../arm-none-eabi/lib/armv7-m\libg.a(lib_a-locale.o)
                0x00006dd8                __locale_mb_cur_max
 .text._localeconv_r
                0x00006de4        0x8 c:/program files (x86)/cypress/psoc creator/4.2/psoc creator/import/gnu/arm/5.4.1/bin/../lib/gcc/arm-none-eabi/5.4.1/../../../../arm-none-eabi/lib/armv7-m\libg.a(lib_a-locale.o)
                0x00006de4                _localeconv_r
 .text._lseek_r
                0x00006dec       0x2c c:/program files (x86)/cypress/psoc creator/4.2/psoc creator/import/gnu/arm/5.4.1/bin/../lib/gcc/arm-none-eabi/5.4.1/../../../../arm-none-eabi/lib/armv7-m\libg.a(lib_a-lseekr.o)
                0x00006dec                _lseek_r
 .text.__swhatbuf_r
                0x00006e18       0x60 c:/program files (x86)/cypress/psoc creator/4.2/psoc creator/import/gnu/arm/5.4.1/bin/../lib/gcc/arm-none-eabi/5.4.1/../../../../arm-none-eabi/lib/armv7-m\libg.a(lib_a-makebuf.o)
                0x00006e18                __swhatbuf_r
 .text.__smakebuf_r
                0x00006e78       0x88 c:/program files (x86)/cypress/psoc creator/4.2/psoc creator/import/gnu/arm/5.4.1/bin/../lib/gcc/arm-none-eabi/5.4.1/../../../../arm-none-eabi/lib/armv7-m\libg.a(lib_a-makebuf.o)
                0x00006e78                __smakebuf_r
 .text.memchr   0x00006f00       0x8c c:/program files (x86)/cypress/psoc creator/4.2/psoc creator/import/gnu/arm/5.4.1/bin/../lib/gcc/arm-none-eabi/5.4.1/../../../../arm-none-eabi/lib/armv7-m\libg.a(lib_a-memchr-stub.o)
                0x00006f00                memchr
 .text._Balloc  0x00006f8c       0x50 c:/program files (x86)/cypress/psoc creator/4.2/psoc creator/import/gnu/arm/5.4.1/bin/../lib/gcc/arm-none-eabi/5.4.1/../../../../arm-none-eabi/lib/armv7-m\libg.a(lib_a-mprec.o)
                0x00006f8c                _Balloc
 .text._Bfree   0x00006fdc       0x14 c:/program files (x86)/cypress/psoc creator/4.2/psoc creator/import/gnu/arm/5.4.1/bin/../lib/gcc/arm-none-eabi/5.4.1/../../../../arm-none-eabi/lib/armv7-m\libg.a(lib_a-mprec.o)
                0x00006fdc                _Bfree
 .text.__multadd
                0x00006ff0       0x80 c:/program files (x86)/cypress/psoc creator/4.2/psoc creator/import/gnu/arm/5.4.1/bin/../lib/gcc/arm-none-eabi/5.4.1/../../../../arm-none-eabi/lib/armv7-m\libg.a(lib_a-mprec.o)
                0x00006ff0                __multadd
 .text.__hi0bits
                0x00007070       0x40 c:/program files (x86)/cypress/psoc creator/4.2/psoc creator/import/gnu/arm/5.4.1/bin/../lib/gcc/arm-none-eabi/5.4.1/../../../../arm-none-eabi/lib/armv7-m\libg.a(lib_a-mprec.o)
                0x00007070                __hi0bits
 .text.__lo0bits
                0x000070b0       0x5c c:/program files (x86)/cypress/psoc creator/4.2/psoc creator/import/gnu/arm/5.4.1/bin/../lib/gcc/arm-none-eabi/5.4.1/../../../../arm-none-eabi/lib/armv7-m\libg.a(lib_a-mprec.o)
                0x000070b0                __lo0bits
 .text.__i2b    0x0000710c       0x14 c:/program files (x86)/cypress/psoc creator/4.2/psoc creator/import/gnu/arm/5.4.1/bin/../lib/gcc/arm-none-eabi/5.4.1/../../../../arm-none-eabi/lib/armv7-m\libg.a(lib_a-mprec.o)
                0x0000710c                __i2b
 .text.__multiply
                0x00007120      0x13c c:/program files (x86)/cypress/psoc creator/4.2/psoc creator/import/gnu/arm/5.4.1/bin/../lib/gcc/arm-none-eabi/5.4.1/../../../../arm-none-eabi/lib/armv7-m\libg.a(lib_a-mprec.o)
                0x00007120                __multiply
 .text.__pow5mult
                0x0000725c       0xa0 c:/program files (x86)/cypress/psoc creator/4.2/psoc creator/import/gnu/arm/5.4.1/bin/../lib/gcc/arm-none-eabi/5.4.1/../../../../arm-none-eabi/lib/armv7-m\libg.a(lib_a-mprec.o)
                0x0000725c                __pow5mult
 .text.__lshift
                0x000072fc       0xac c:/program files (x86)/cypress/psoc creator/4.2/psoc creator/import/gnu/arm/5.4.1/bin/../lib/gcc/arm-none-eabi/5.4.1/../../../../arm-none-eabi/lib/armv7-m\libg.a(lib_a-mprec.o)
                0x000072fc                __lshift
 .text.__mcmp   0x000073a8       0x40 c:/program files (x86)/cypress/psoc creator/4.2/psoc creator/import/gnu/arm/5.4.1/bin/../lib/gcc/arm-none-eabi/5.4.1/../../../../arm-none-eabi/lib/armv7-m\libg.a(lib_a-mprec.o)
                0x000073a8                __mcmp
 .text.__mdiff  0x000073e8      0x128 c:/program files (x86)/cypress/psoc creator/4.2/psoc creator/import/gnu/arm/5.4.1/bin/../lib/gcc/arm-none-eabi/5.4.1/../../../../arm-none-eabi/lib/armv7-m\libg.a(lib_a-mprec.o)
                0x000073e8                __mdiff
 .text.__d2b    0x00007510       0xa8 c:/program files (x86)/cypress/psoc creator/4.2/psoc creator/import/gnu/arm/5.4.1/bin/../lib/gcc/arm-none-eabi/5.4.1/../../../../arm-none-eabi/lib/armv7-m\libg.a(lib_a-mprec.o)
                0x00007510                __d2b
 .text._read_r  0x000075b8       0x2c c:/program files (x86)/cypress/psoc creator/4.2/psoc creator/import/gnu/arm/5.4.1/bin/../lib/gcc/arm-none-eabi/5.4.1/../../../../arm-none-eabi/lib/armv7-m\libg.a(lib_a-readr.o)
                0x000075b8                _read_r
 .text._realloc_r
                0x000075e4      0x3d4 c:/program files (x86)/cypress/psoc creator/4.2/psoc creator/import/gnu/arm/5.4.1/bin/../lib/gcc/arm-none-eabi/5.4.1/../../../../arm-none-eabi/lib/armv7-m\libg.a(lib_a-reallocr.o)
                0x000075e4                _realloc_r
 .text.__sprint_r.part.0
                0x000079b8       0x78 c:/program files (x86)/cypress/psoc creator/4.2/psoc creator/import/gnu/arm/5.4.1/bin/../lib/gcc/arm-none-eabi/5.4.1/../../../../arm-none-eabi/lib/armv7-m\libg.a(lib_a-vfiprintf.o)
 .text.__sprint_r
                0x00007a30       0x14 c:/program files (x86)/cypress/psoc creator/4.2/psoc creator/import/gnu/arm/5.4.1/bin/../lib/gcc/arm-none-eabi/5.4.1/../../../../arm-none-eabi/lib/armv7-m\libg.a(lib_a-vfiprintf.o)
                0x00007a30                __sprint_r
 .text.__register_exitproc
                0x00007a44       0xa4 c:/program files (x86)/cypress/psoc creator/4.2/psoc creator/import/gnu/arm/5.4.1/bin/../lib/gcc/arm-none-eabi/5.4.1/../../../../arm-none-eabi/lib/armv7-m\libg.a(lib_a-__atexit.o)
                0x00007a44                __register_exitproc
 .text._calloc_r
                0x00007ae8       0x60 c:/program files (x86)/cypress/psoc creator/4.2/psoc creator/import/gnu/arm/5.4.1/bin/../lib/gcc/arm-none-eabi/5.4.1/../../../../arm-none-eabi/lib/armv7-m\libg.a(lib_a-callocr.o)
                0x00007ae8                _calloc_r
 .text.__fputwc
                0x00007b48       0x94 c:/program files (x86)/cypress/psoc creator/4.2/psoc creator/import/gnu/arm/5.4.1/bin/../lib/gcc/arm-none-eabi/5.4.1/../../../../arm-none-eabi/lib/armv7-m\libg.a(lib_a-fputwc.o)
                0x00007b48                __fputwc
 .text._fputwc_r
                0x00007bdc       0x24 c:/program files (x86)/cypress/psoc creator/4.2/psoc creator/import/gnu/arm/5.4.1/bin/../lib/gcc/arm-none-eabi/5.4.1/../../../../arm-none-eabi/lib/armv7-m\libg.a(lib_a-fputwc.o)
                0x00007bdc                _fputwc_r
 .text._fstat_r
                0x00007c00       0x28 c:/program files (x86)/cypress/psoc creator/4.2/psoc creator/import/gnu/arm/5.4.1/bin/../lib/gcc/arm-none-eabi/5.4.1/../../../../arm-none-eabi/lib/armv7-m\libg.a(lib_a-fstatr.o)
                0x00007c00                _fstat_r
 .text._isatty_r
                0x00007c28       0x24 c:/program files (x86)/cypress/psoc creator/4.2/psoc creator/import/gnu/arm/5.4.1/bin/../lib/gcc/arm-none-eabi/5.4.1/../../../../arm-none-eabi/lib/armv7-m\libg.a(lib_a-isattyr.o)
                0x00007c28                _isatty_r
 .text.__swbuf_r
                0x00007c4c       0xac c:/program files (x86)/cypress/psoc creator/4.2/psoc creator/import/gnu/arm/5.4.1/bin/../lib/gcc/arm-none-eabi/5.4.1/../../../../arm-none-eabi/lib/armv7-m\libg.a(lib_a-wbuf.o)
                0x00007c4c                __swbuf_r
 .text._wcrtomb_r
                0x00007cf8       0x54 c:/program files (x86)/cypress/psoc creator/4.2/psoc creator/import/gnu/arm/5.4.1/bin/../lib/gcc/arm-none-eabi/5.4.1/../../../../arm-none-eabi/lib/armv7-m\libg.a(lib_a-wcrtomb.o)
                0x00007cf8                _wcrtomb_r
 .text.__ascii_wctomb
                0x00007d4c       0x1c c:/program files (x86)/cypress/psoc creator/4.2/psoc creator/import/gnu/arm/5.4.1/bin/../lib/gcc/arm-none-eabi/5.4.1/../../../../arm-none-eabi/lib/armv7-m\libg.a(lib_a-wctomb_r.o)
                0x00007d4c                __ascii_wctomb
 .text          0x00007d68       0x2c c:/program files (x86)/cypress/psoc creator/4.2/psoc creator/import/gnu/arm/5.4.1/bin/../lib/gcc/arm-none-eabi/5.4.1/armv7-m\libgcc.a(_arm_unorddf2.o)
                0x00007d68                __unorddf2
                0x00007d68                __aeabi_dcmpun
 .text          0x00007d94       0x50 c:/program files (x86)/cypress/psoc creator/4.2/psoc creator/import/gnu/arm/5.4.1/bin/../lib/gcc/arm-none-eabi/5.4.1/armv7-m\libgcc.a(_arm_fixdfsi.o)
                0x00007d94                __aeabi_d2iz
                0x00007d94                __fixdfsi
 .text          0x00007de4       0x30 c:/program files (x86)/cypress/psoc creator/4.2/psoc creator/import/gnu/arm/5.4.1/bin/../lib/gcc/arm-none-eabi/5.4.1/armv7-m\libgcc.a(_aeabi_uldivmod.o)
                0x00007de4                __aeabi_uldivmod
 .text          0x00007e14      0x2ec c:/program files (x86)/cypress/psoc creator/4.2/psoc creator/import/gnu/arm/5.4.1/bin/../lib/gcc/arm-none-eabi/5.4.1/armv7-m\libgcc.a(_udivmoddi4.o)
                0x00007e14                __udivmoddi4
 .text          0x00008100        0x4 c:/program files (x86)/cypress/psoc creator/4.2/psoc creator/import/gnu/arm/5.4.1/bin/../lib/gcc/arm-none-eabi/5.4.1/armv7-m\libgcc.a(_dvmd_tls.o)
                0x00008100                __aeabi_idiv0
                0x00008100                __aeabi_ldiv0
 .text._close   0x00008104       0x10 c:/program files (x86)/cypress/psoc creator/4.2/psoc creator/import/gnu/arm/5.4.1/bin/../lib/gcc/arm-none-eabi/5.4.1/../../../../arm-none-eabi/lib/armv7-m\libnosys.a(close.o)
                0x00008104                _close
 .text._fstat   0x00008114       0x10 c:/program files (x86)/cypress/psoc creator/4.2/psoc creator/import/gnu/arm/5.4.1/bin/../lib/gcc/arm-none-eabi/5.4.1/../../../../arm-none-eabi/lib/armv7-m\libnosys.a(fstat.o)
                0x00008114                _fstat
 .text._isatty  0x00008124       0x10 c:/program files (x86)/cypress/psoc creator/4.2/psoc creator/import/gnu/arm/5.4.1/bin/../lib/gcc/arm-none-eabi/5.4.1/../../../../arm-none-eabi/lib/armv7-m\libnosys.a(isatty.o)
                0x00008124                _isatty
 .text._lseek   0x00008134       0x10 c:/program files (x86)/cypress/psoc creator/4.2/psoc creator/import/gnu/arm/5.4.1/bin/../lib/gcc/arm-none-eabi/5.4.1/../../../../arm-none-eabi/lib/armv7-m\libnosys.a(lseek.o)
                0x00008134                _lseek
 *(.plt)
 *(.gnu.warning)
 *(.glue_7t)
 .glue_7t       0x00008144        0x0 linker stubs
 *(.glue_7)
 .glue_7        0x00008144        0x0 linker stubs
 *(.vfp11_veneer)
 .vfp11_veneer  0x00008144        0x0 linker stubs
 *(.bootloader)
 *(.ARM.extab* .gnu.linkonce.armextab.*)
 *(.gcc_except_table)

.v4_bx          0x00008144        0x0
 .v4_bx         0x00008144        0x0 linker stubs

.iplt           0x00008144        0x0
 .iplt          0x00008144        0x0 c:/program files (x86)/cypress/psoc creator/4.2/psoc creator/import/gnu/arm/5.4.1/bin/../lib/gcc/arm-none-eabi/5.4.1/armv7-m/crtbegin.o

.eh_frame_hdr
 *(.eh_frame_hdr)

.eh_frame       0x00008144        0x4
 *(.eh_frame)
 .eh_frame      0x00008144        0x0 c:/program files (x86)/cypress/psoc creator/4.2/psoc creator/import/gnu/arm/5.4.1/bin/../lib/gcc/arm-none-eabi/5.4.1/armv7-m/crtbegin.o
 .eh_frame      0x00008144        0x4 c:/program files (x86)/cypress/psoc creator/4.2/psoc creator/import/gnu/arm/5.4.1/bin/../lib/gcc/arm-none-eabi/5.4.1/armv7-m/crtend.o
                [!provide]                PROVIDE (__exidx_start, .)

.ARM.exidx      0x00008148        0x8
 *(.ARM.exidx* .gnu.linkonce.armexidx.*)
 .ARM.exidx     0x00008148        0x8 c:/program files (x86)/cypress/psoc creator/4.2/psoc creator/import/gnu/arm/5.4.1/bin/../lib/gcc/arm-none-eabi/5.4.1/armv7-m\libgcc.a(_udivmoddi4.o)
                0x00008150                __exidx_end = .

.rodata         0x00008150      0x2e8
 *(.rodata .rodata.* .gnu.linkonce.r.*)
 .rodata.str1.4
                0x00008150       0x21 .\CortexM3\ARM_GCC_541\Debug\rtos_main.o
 *fill*         0x00008171        0x3 
 .rodata.str1.4
                0x00008174       0x34 .\CortexM3\ARM_GCC_541\Debug\tasks.o
 .rodata.str1.4
                0x000081a8       0x6d .\CortexM3\ARM_GCC_541\Debug\main.o
 *fill*         0x00008215        0x3 
 .rodata        0x00008218       0x60 .\CortexM3\ARM_GCC_541\Debug\cyfitter_cfg.o
 .rodata.str1.4
                0x00008278        0x2 c:/program files (x86)/cypress/psoc creator/4.2/psoc creator/import/gnu/arm/5.4.1/bin/../lib/gcc/arm-none-eabi/5.4.1/../../../../arm-none-eabi/lib/armv7-m\libg.a(lib_a-impure.o)
 .rodata._global_impure_ptr
                0x00008278        0x4 c:/program files (x86)/cypress/psoc creator/4.2/psoc creator/import/gnu/arm/5.4.1/bin/../lib/gcc/arm-none-eabi/5.4.1/../../../../arm-none-eabi/lib/armv7-m\libg.a(lib_a-impure.o)
                0x00008278                _global_impure_ptr
 .rodata.str1.4
                0x0000827c        0x2 c:/program files (x86)/cypress/psoc creator/4.2/psoc creator/import/gnu/arm/5.4.1/bin/../lib/gcc/arm-none-eabi/5.4.1/../../../../arm-none-eabi/lib/armv7-m\libg.a(lib_a-puts.o)
 *fill*         0x0000827e        0x2 
 .rodata.blanks.7070
                0x00008280       0x10 c:/program files (x86)/cypress/psoc creator/4.2/psoc creator/import/gnu/arm/5.4.1/bin/../lib/gcc/arm-none-eabi/5.4.1/../../../../arm-none-eabi/lib/armv7-m\libg.a(lib_a-vfprintf.o)
 .rodata.str1.4
                0x00008290       0x42 c:/program files (x86)/cypress/psoc creator/4.2/psoc creator/import/gnu/arm/5.4.1/bin/../lib/gcc/arm-none-eabi/5.4.1/../../../../arm-none-eabi/lib/armv7-m\libg.a(lib_a-vfprintf.o)
 *fill*         0x000082d2        0x2 
 .rodata.zeroes.7071
                0x000082d4       0x10 c:/program files (x86)/cypress/psoc creator/4.2/psoc creator/import/gnu/arm/5.4.1/bin/../lib/gcc/arm-none-eabi/5.4.1/../../../../arm-none-eabi/lib/armv7-m\libg.a(lib_a-vfprintf.o)
 .rodata.str1.4
                0x000082e4       0x10 c:/program files (x86)/cypress/psoc creator/4.2/psoc creator/import/gnu/arm/5.4.1/bin/../lib/gcc/arm-none-eabi/5.4.1/../../../../arm-none-eabi/lib/armv7-m\libg.a(lib_a-dtoa.o)
                                 0x12 (size before relaxing)
 .rodata.str1.4
                0x000082f4        0x8 c:/program files (x86)/cypress/psoc creator/4.2/psoc creator/import/gnu/arm/5.4.1/bin/../lib/gcc/arm-none-eabi/5.4.1/../../../../arm-none-eabi/lib/armv7-m\libg.a(lib_a-locale.o)
                                 0x12 (size before relaxing)
 *fill*         0x000082fc        0x4 
 .rodata.__mprec_tens
                0x00008300       0xc8 c:/program files (x86)/cypress/psoc creator/4.2/psoc creator/import/gnu/arm/5.4.1/bin/../lib/gcc/arm-none-eabi/5.4.1/../../../../arm-none-eabi/lib/armv7-m\libg.a(lib_a-mprec.o)
                0x00008300                __mprec_tens
 .rodata.__mprec_bigtens
                0x000083c8       0x28 c:/program files (x86)/cypress/psoc creator/4.2/psoc creator/import/gnu/arm/5.4.1/bin/../lib/gcc/arm-none-eabi/5.4.1/../../../../arm-none-eabi/lib/armv7-m\libg.a(lib_a-mprec.o)
                0x000083c8                __mprec_bigtens
 .rodata.p05.5396
                0x000083f0        0xc c:/program files (x86)/cypress/psoc creator/4.2/psoc creator/import/gnu/arm/5.4.1/bin/../lib/gcc/arm-none-eabi/5.4.1/../../../../arm-none-eabi/lib/armv7-m\libg.a(lib_a-mprec.o)
                0x000083fc                . = ALIGN (0x4)
 *(.init)
 .init          0x000083fc        0x4 c:/program files (x86)/cypress/psoc creator/4.2/psoc creator/import/gnu/arm/5.4.1/bin/../lib/gcc/arm-none-eabi/5.4.1/armv7-m/crti.o
                0x000083fc                _init
 .init          0x00008400        0x8 c:/program files (x86)/cypress/psoc creator/4.2/psoc creator/import/gnu/arm/5.4.1/bin/../lib/gcc/arm-none-eabi/5.4.1/armv7-m/crtn.o
                0x00008408                . = ALIGN (0x4)
                0x00008408                __preinit_array_start = .
 *(.preinit_array)
                0x00008408                __preinit_array_end = .
                0x00008408                . = ALIGN (0x4)
                0x00008408                __init_array_start = .
 *(SORT(.init_array.*))
 .init_array.00000
                0x00008408        0x4 c:/program files (x86)/cypress/psoc creator/4.2/psoc creator/import/gnu/arm/5.4.1/bin/../lib/gcc/arm-none-eabi/5.4.1/../../../../arm-none-eabi/lib/armv7-m\libg.a(lib_a-__call_atexit.o)
 *(.init_array)
 .init_array    0x0000840c        0x4 c:/program files (x86)/cypress/psoc creator/4.2/psoc creator/import/gnu/arm/5.4.1/bin/../lib/gcc/arm-none-eabi/5.4.1/armv7-m/crtbegin.o
 .init_array    0x00008410        0x4 .\CortexM3\ARM_GCC_541\Debug\Cm3Start.o
                0x00008414                __init_array_end = .
                0x00008414                . = ALIGN (0x4)
 *(.fini)
 .fini          0x00008414        0x4 c:/program files (x86)/cypress/psoc creator/4.2/psoc creator/import/gnu/arm/5.4.1/bin/../lib/gcc/arm-none-eabi/5.4.1/armv7-m/crti.o
                0x00008414                _fini
 .fini          0x00008418        0x8 c:/program files (x86)/cypress/psoc creator/4.2/psoc creator/import/gnu/arm/5.4.1/bin/../lib/gcc/arm-none-eabi/5.4.1/armv7-m/crtn.o
                0x00008420                . = ALIGN (0x4)
                0x00008420                __fini_array_start = .
 *(.fini_array)
 .fini_array    0x00008420        0x4 c:/program files (x86)/cypress/psoc creator/4.2/psoc creator/import/gnu/arm/5.4.1/bin/../lib/gcc/arm-none-eabi/5.4.1/armv7-m/crtbegin.o
 *(SORT(.fini_array.*))
                0x00008424                __fini_array_end = .
                0x00008424                . = ALIGN (0x4)
 *crtbegin.o(.ctors)
 *(EXCLUDE_FILE(*crtend.o) .ctors)
 *(SORT(.ctors.*))
 *crtend.o(.ctors)
                0x00008424                . = ALIGN (0x4)
 *crtbegin.o(.dtors)
 *(EXCLUDE_FILE(*crtend.o) .dtors)
 *(SORT(.dtors.*))
 *crtend.o(.dtors)
                0x00008424                . = ALIGN (0x4)
                0x00008424                __cy_regions = .
                0x00008424        0x4 LONG 0x8438 __cy_region_init_ram
                0x00008428        0x4 LONG 0x1fff80c8 __cy_region_start_data
                0x0000842c        0x4 LONG 0x8c0 __cy_region_init_size_ram
                0x00008430        0x4 LONG 0xa078 __cy_region_zero_size_ram
                0x00008434                __cy_regions_end = .
                0x00008438                . = ALIGN (0x8)
 *fill*         0x00008434        0x4 
                0x00008438                _etext = .

.cy_checksum_exclude
                0x00008438        0x0
 *(.cy_checksum_exclude)

.ramvectors     0x1fff8000       0xc0
                0x1fff8000                __cy_region_start_ram = .
 *(.ramvectors)
 .ramvectors    0x1fff8000       0xc0 .\CortexM3\ARM_GCC_541\Debug\Cm3Start.o
                0x1fff8000                CyRamVectors

.noinit         0x1fff80c0        0x1
 *(.noinit)
 .noinit        0x1fff80c0        0x1 .\CortexM3\ARM_GCC_541\Debug\ZumoBot_Tank.a(CyLib.o)
                0x1fff80c0                CyResetStatus

.data           0x1fff80c8      0x8c0 load address 0x00008438
                0x1fff80c8                __cy_region_start_data = .
 *(.jcr)
 .jcr           0x1fff80c8        0x0 c:/program files (x86)/cypress/psoc creator/4.2/psoc creator/import/gnu/arm/5.4.1/bin/../lib/gcc/arm-none-eabi/5.4.1/armv7-m/crtbegin.o
 .jcr           0x1fff80c8        0x4 c:/program files (x86)/cypress/psoc creator/4.2/psoc creator/import/gnu/arm/5.4.1/bin/../lib/gcc/arm-none-eabi/5.4.1/armv7-m/crtend.o
 *(.got.plt)
 *(.got)
 *(.shdata)
 *(.data .data.* .gnu.linkonce.d.*)
 .data          0x1fff80cc        0x4 .\CortexM3\ARM_GCC_541\Debug\port.o
 .data          0x1fff80d0        0x4 .\CortexM3\ARM_GCC_541\Debug\heap_2.o
 .data          0x1fff80d4        0x4 .\CortexM3\ARM_GCC_541\Debug\Cm3Start.o
 .data          0x1fff80d8       0x10 .\CortexM3\ARM_GCC_541\Debug\ZumoBot_Tank.a(CyLib.o)
                0x1fff80d8                cydelay_32k_ms
                0x1fff80dc                cydelay_freq_khz
                0x1fff80e0                cydelay_freq_mhz
                0x1fff80e4                cydelay_freq_hz
 .data.impure_data
                0x1fff80e8      0x428 c:/program files (x86)/cypress/psoc creator/4.2/psoc creator/import/gnu/arm/5.4.1/bin/../lib/gcc/arm-none-eabi/5.4.1/../../../../arm-none-eabi/lib/armv7-m\libg.a(lib_a-impure.o)
 .data._impure_ptr
                0x1fff8510        0x4 c:/program files (x86)/cypress/psoc creator/4.2/psoc creator/import/gnu/arm/5.4.1/bin/../lib/gcc/arm-none-eabi/5.4.1/../../../../arm-none-eabi/lib/armv7-m\libg.a(lib_a-impure.o)
                0x1fff8510                _impure_ptr
 .data.__malloc_av_
                0x1fff8514      0x408 c:/program files (x86)/cypress/psoc creator/4.2/psoc creator/import/gnu/arm/5.4.1/bin/../lib/gcc/arm-none-eabi/5.4.1/../../../../arm-none-eabi/lib/armv7-m\libg.a(lib_a-mallocr.o)
                0x1fff8514                __malloc_av_
 .data.__malloc_trim_threshold
                0x1fff891c        0x4 c:/program files (x86)/cypress/psoc creator/4.2/psoc creator/import/gnu/arm/5.4.1/bin/../lib/gcc/arm-none-eabi/5.4.1/../../../../arm-none-eabi/lib/armv7-m\libg.a(lib_a-mallocr.o)
                0x1fff891c                __malloc_trim_threshold
 .data.__malloc_sbrk_base
                0x1fff8920        0x4 c:/program files (x86)/cypress/psoc creator/4.2/psoc creator/import/gnu/arm/5.4.1/bin/../lib/gcc/arm-none-eabi/5.4.1/../../../../arm-none-eabi/lib/armv7-m\libg.a(lib_a-mallocr.o)
                0x1fff8920                __malloc_sbrk_base
 .data.lconv    0x1fff8924       0x38 c:/program files (x86)/cypress/psoc creator/4.2/psoc creator/import/gnu/arm/5.4.1/bin/../lib/gcc/arm-none-eabi/5.4.1/../../../../arm-none-eabi/lib/armv7-m\libg.a(lib_a-locale.o)
 .data.lc_ctype_charset
                0x1fff895c       0x20 c:/program files (x86)/cypress/psoc creator/4.2/psoc creator/import/gnu/arm/5.4.1/bin/../lib/gcc/arm-none-eabi/5.4.1/../../../../arm-none-eabi/lib/armv7-m\libg.a(lib_a-locale.o)
 .data.__mb_cur_max
                0x1fff897c        0x4 c:/program files (x86)/cypress/psoc creator/4.2/psoc creator/import/gnu/arm/5.4.1/bin/../lib/gcc/arm-none-eabi/5.4.1/../../../../arm-none-eabi/lib/armv7-m\libg.a(lib_a-locale.o)
                0x1fff897c                __mb_cur_max
 .data.__wctomb
                0x1fff8980        0x4 c:/program files (x86)/cypress/psoc creator/4.2/psoc creator/import/gnu/arm/5.4.1/bin/../lib/gcc/arm-none-eabi/5.4.1/../../../../arm-none-eabi/lib/armv7-m\libg.a(lib_a-wctomb_r.o)
                0x1fff8980                __wctomb
                0x1fff8988                . = ALIGN (0x8)
 *fill*         0x1fff8984        0x4 
 *(.ram)
                0x1fff8988                _edata = .

.igot.plt       0x1fff8988        0x0 load address 0x00008cf8
 .igot.plt      0x1fff8988        0x0 c:/program files (x86)/cypress/psoc creator/4.2/psoc creator/import/gnu/arm/5.4.1/bin/../lib/gcc/arm-none-eabi/5.4.1/armv7-m/crtbegin.o

.bss            0x1fff8988     0xa078 load address 0x00008cf8
                0x1fff8988                PROVIDE (__bss_start__, .)
 *(.shbss)
 *(.bss .bss.* .gnu.linkonce.b.*)
 .bss           0x1fff8988       0x1c c:/program files (x86)/cypress/psoc creator/4.2/psoc creator/import/gnu/arm/5.4.1/bin/../lib/gcc/arm-none-eabi/5.4.1/armv7-m/crtbegin.o
 .bss           0x1fff89a4       0x94 .\CortexM3\ARM_GCC_541\Debug\Retarget.o
 .bss           0x1fff8a38      0x448 .\CortexM3\ARM_GCC_541\Debug\debug_uart.o
 .bss           0x1fff8e80      0xa08 .\CortexM3\ARM_GCC_541\Debug\mqtt_sender.o
 .bss           0x1fff9888        0x8 .\CortexM3\ARM_GCC_541\Debug\serial1.o
 .bss           0x1fff9890      0x108 .\CortexM3\ARM_GCC_541\Debug\tasks.o
                0x1fff9968                pxCurrentTCB
 .bss           0x1fff9998     0x9014 .\CortexM3\ARM_GCC_541\Debug\heap_2.o
 .bss           0x200029ac        0x1 .\CortexM3\ARM_GCC_541\Debug\ZumoBot_Tank.a(PWM.o)
                0x200029ac                PWM_initVar
 .bss           0x200029ad        0x1 .\CortexM3\ARM_GCC_541\Debug\ZumoBot_Tank.a(I2C.o)
                0x200029ad                I2C_initVar
 .bss           0x200029ae        0x2 .\CortexM3\ARM_GCC_541\Debug\ZumoBot_Tank.a(UART_1.o)
                0x200029ae                UART_1_initVar
 .bss           0x200029b0        0x2 .\CortexM3\ARM_GCC_541\Debug\ZumoBot_Tank.a(UART_2.o)
                0x200029b0                UART_2_initVar
 .bss           0x200029b2        0x1 .\CortexM3\ARM_GCC_541\Debug\ZumoBot_Tank.a(StatisticsCounter.o)
                0x200029b2                StatisticsCounter_initVar
 *fill*         0x200029b3        0x1 
 .bss.__malloc_max_total_mem
                0x200029b4        0x4 c:/program files (x86)/cypress/psoc creator/4.2/psoc creator/import/gnu/arm/5.4.1/bin/../lib/gcc/arm-none-eabi/5.4.1/../../../../arm-none-eabi/lib/armv7-m\libg.a(lib_a-mallocr.o)
                0x200029b4                __malloc_max_total_mem
 .bss.__malloc_max_sbrked_mem
                0x200029b8        0x4 c:/program files (x86)/cypress/psoc creator/4.2/psoc creator/import/gnu/arm/5.4.1/bin/../lib/gcc/arm-none-eabi/5.4.1/../../../../arm-none-eabi/lib/armv7-m\libg.a(lib_a-mallocr.o)
                0x200029b8                __malloc_max_sbrked_mem
 .bss.__malloc_top_pad
                0x200029bc        0x4 c:/program files (x86)/cypress/psoc creator/4.2/psoc creator/import/gnu/arm/5.4.1/bin/../lib/gcc/arm-none-eabi/5.4.1/../../../../arm-none-eabi/lib/armv7-m\libg.a(lib_a-mallocr.o)
                0x200029bc                __malloc_top_pad
 .bss.__malloc_current_mallinfo
                0x200029c0       0x28 c:/program files (x86)/cypress/psoc creator/4.2/psoc creator/import/gnu/arm/5.4.1/bin/../lib/gcc/arm-none-eabi/5.4.1/../../../../arm-none-eabi/lib/armv7-m\libg.a(lib_a-mallocr.o)
                0x200029c0                __malloc_current_mallinfo
 *(COMMON)
 COMMON         0x200029e8        0x1 .\CortexM3\ARM_GCC_541\Debug\ZumoBot_Tank.a(I2C.o)
                0x200029e8                I2C_state
 *fill*         0x200029e9        0x3 
 COMMON         0x200029ec       0x10 .\CortexM3\ARM_GCC_541\Debug\ZumoBot_Tank.a(I2C_MASTER.o)
                0x200029ec                I2C_mstrWrBufIndex
                0x200029ed                I2C_mstrWrBufSize
                0x200029ee                I2C_mstrStatus
                0x200029f0                I2C_mstrRdBufPtr
                0x200029f4                I2C_mstrControl
                0x200029f5                I2C_mstrRdBufSize
                0x200029f6                I2C_mstrRdBufIndex
                0x200029f8                I2C_mstrWrBufPtr
 COMMON         0x200029fc        0x4 c:/program files (x86)/cypress/psoc creator/4.2/psoc creator/import/gnu/arm/5.4.1/bin/../lib/gcc/arm-none-eabi/5.4.1/../../../../arm-none-eabi/lib/armv7-m\libg.a(lib_a-reent.o)
                0x200029fc                errno
                0x20002a00                . = ALIGN (0x8)
 *(.ram.b)
                0x20002a00                _end = .
                0x20002a00                __end = .
                0x20002a00                PROVIDE (end, .)
                0x20002a00                PROVIDE (__bss_end__, .)
                0x00008438                __cy_region_init_ram = LOADADDR (.data)
                0x000008c0                __cy_region_init_size_ram = (_edata - ADDR (.data))
                0x0000a078                __cy_region_zero_size_ram = (_end - _edata)

.heap           0x20002a00     0x2000 load address 0x00008cf8
                0x20002a00                . = _end
                0x20004a00                . = (. + 0x2000)
 *fill*         0x20002a00     0x2000 
                0x20004a00                __cy_heap_limit = .

.stack          0x20007800      0x800
                0x20007800                __cy_stack_limit = .
                0x20008000                . = (. + 0x800)
 *fill*         0x20007800      0x800 
                0x00000001                ASSERT ((__cy_stack_limit >= __cy_heap_limit), region RAM overflowed with stack)
                0x00000000                cy_checksum_exclude_size = (CY_APPL_LOADABLE == 0x1)?SIZEOF (.cy_checksum_exclude):0x0
                0x00000001                ASSERT ((cy_checksum_exclude_size <= CY_CHECKSUM_EXCLUDE_SIZE), CY_BOOT: Section .cy_checksum_exclude size exceedes specified limit.)

.cyloadermeta
 *(.cyloadermeta)

.cyloadablemeta
 *(.cyloadablemeta)

.cyconfigecc    0x80000000     0x1220
 *(.cyconfigecc)
 .cyconfigecc   0x80000000     0x1220 .\CortexM3\ARM_GCC_541\Debug\cymetadata.o
                0x80000000                cy_meta_configecc

.cycustnvl      0x90000000        0x4
 *(.cycustnvl)
 .cycustnvl     0x90000000        0x4 .\CortexM3\ARM_GCC_541\Debug\cymetadata.o
                0x90000000                cy_meta_custnvl

.cywolatch      0x90100000        0x4
 *(.cywolatch)
 .cywolatch     0x90100000        0x4 .\CortexM3\ARM_GCC_541\Debug\cymetadata.o
                0x90100000                cy_meta_wonvl

.cyeeprom       0x90200000        0x0
 *(.cyeeprom)
                0x00000001                ASSERT ((. <= ((0x90200000 + ee_offset) + ee_size)), .cyeeprom data will not fit in EEPROM)

.cyflashprotect
                0x90400000      0x100
 *(.cyflashprotect)
 .cyflashprotect
                0x90400000      0x100 .\CortexM3\ARM_GCC_541\Debug\cymetadata.o
                0x90400000                cy_meta_flashprotect

.cymeta         0x90500000        0xc
 *(.cymeta)
 .cymeta        0x90500000        0xc .\CortexM3\ARM_GCC_541\Debug\cymetadata.o
                0x90500000                cy_metadata

.rel.dyn        0x00008cf8        0x0 load address 0x9050000c
 .rel.iplt      0x00008cf8        0x0 c:/program files (x86)/cypress/psoc creator/4.2/psoc creator/import/gnu/arm/5.4.1/bin/../lib/gcc/arm-none-eabi/5.4.1/armv7-m/crtbegin.o

.stab           0x00000000       0x6c
 *(.stab)
 .stab          0x00000000       0x24 c:/program files (x86)/cypress/psoc creator/4.2/psoc creator/import/gnu/arm/5.4.1/bin/../lib/gcc/arm-none-eabi/5.4.1/../../../../arm-none-eabi/lib/armv7-m\libnosys.a(close.o)
 .stab          0x00000024       0x18 c:/program files (x86)/cypress/psoc creator/4.2/psoc creator/import/gnu/arm/5.4.1/bin/../lib/gcc/arm-none-eabi/5.4.1/../../../../arm-none-eabi/lib/armv7-m\libnosys.a(fstat.o)
                                 0x24 (size before relaxing)
 .stab          0x0000003c       0x18 c:/program files (x86)/cypress/psoc creator/4.2/psoc creator/import/gnu/arm/5.4.1/bin/../lib/gcc/arm-none-eabi/5.4.1/../../../../arm-none-eabi/lib/armv7-m\libnosys.a(isatty.o)
                                 0x24 (size before relaxing)
 .stab          0x00000054       0x18 c:/program files (x86)/cypress/psoc creator/4.2/psoc creator/import/gnu/arm/5.4.1/bin/../lib/gcc/arm-none-eabi/5.4.1/../../../../arm-none-eabi/lib/armv7-m\libnosys.a(lseek.o)
                                 0x24 (size before relaxing)

.stabstr        0x00000000       0xe3
 *(.stabstr)
 .stabstr       0x00000000       0xe3 c:/program files (x86)/cypress/psoc creator/4.2/psoc creator/import/gnu/arm/5.4.1/bin/../lib/gcc/arm-none-eabi/5.4.1/../../../../arm-none-eabi/lib/armv7-m\libnosys.a(close.o)

.debug
 *(.debug)

.line
 *(.line)

.debug_srcinfo
 *(.debug_srcinfo)

.debug_sfnames
 *(.debug_sfnames)

.debug_aranges  0x00000000     0x23e8
 *(.debug_aranges)
 .debug_aranges
                0x00000000       0x20 .\CortexM3\ARM_GCC_541\Debug\Beep.o
 .debug_aranges
                0x00000020       0x40 .\CortexM3\ARM_GCC_541\Debug\Gyro.o
 .debug_aranges
                0x00000060       0x40 .\CortexM3\ARM_GCC_541\Debug\IR.o
 .debug_aranges
                0x000000a0       0x20 .\CortexM3\ARM_GCC_541\Debug\Magnet.o
 .debug_aranges
                0x000000c0       0x40 .\CortexM3\ARM_GCC_541\Debug\Motor.o
 .debug_aranges
                0x00000100       0x30 .\CortexM3\ARM_GCC_541\Debug\Nunchuk.o
 .debug_aranges
                0x00000130       0x38 .\CortexM3\ARM_GCC_541\Debug\Ultra.o
 .debug_aranges
                0x00000168       0x30 .\CortexM3\ARM_GCC_541\Debug\Retarget.o
 .debug_aranges
                0x00000198       0x30 .\CortexM3\ARM_GCC_541\Debug\I2C_Common.o
 .debug_aranges
                0x000001c8       0x28 .\CortexM3\ARM_GCC_541\Debug\LSM303D.o
 .debug_aranges
                0x000001f0       0x88 .\CortexM3\ARM_GCC_541\Debug\debug_uart.o
 .debug_aranges
                0x00000278      0x130 .\CortexM3\ARM_GCC_541\Debug\esp8266_socket.o
 .debug_aranges
                0x000003a8       0x40 .\CortexM3\ARM_GCC_541\Debug\rtos_main.o
 .debug_aranges
                0x000003e8       0x58 .\CortexM3\ARM_GCC_541\Debug\serial.o
 .debug_aranges
                0x00000440       0x40 .\CortexM3\ARM_GCC_541\Debug\mqtt_sender.o
 .debug_aranges
                0x00000480       0x48 .\CortexM3\ARM_GCC_541\Debug\serial1.o
 .debug_aranges
                0x000004c8       0x40 .\CortexM3\ARM_GCC_541\Debug\Reflectance.o
 .debug_aranges
                0x00000508       0xe0 .\CortexM3\ARM_GCC_541\Debug\MQTTClient.o
 .debug_aranges
                0x000005e8       0x88 .\CortexM3\ARM_GCC_541\Debug\MQTTFreeRTOS.o
 .debug_aranges
                0x00000670       0x48 .\CortexM3\ARM_GCC_541\Debug\MQTTConnectClient.o
 .debug_aranges
                0x000006b8       0x30 .\CortexM3\ARM_GCC_541\Debug\MQTTConnectServer.o
 .debug_aranges
                0x000006e8       0x28 .\CortexM3\ARM_GCC_541\Debug\MQTTDeserializePublish.o
 .debug_aranges
                0x00000710       0x58 .\CortexM3\ARM_GCC_541\Debug\MQTTFormat.o
 .debug_aranges
                0x00000768       0xa8 .\CortexM3\ARM_GCC_541\Debug\MQTTPacket.o
 .debug_aranges
                0x00000810       0x48 .\CortexM3\ARM_GCC_541\Debug\MQTTSerializePublish.o
 .debug_aranges
                0x00000858       0x30 .\CortexM3\ARM_GCC_541\Debug\MQTTSubscribeClient.o
 .debug_aranges
                0x00000888       0x28 .\CortexM3\ARM_GCC_541\Debug\MQTTSubscribeServer.o
 .debug_aranges
                0x000008b0       0x30 .\CortexM3\ARM_GCC_541\Debug\MQTTUnsubscribeClient.o
 .debug_aranges
                0x000008e0       0x28 .\CortexM3\ARM_GCC_541\Debug\MQTTUnsubscribeServer.o
 .debug_aranges
                0x00000908       0x18 .\CortexM3\ARM_GCC_541\Debug\croutine.o
 .debug_aranges
                0x00000920       0x78 .\CortexM3\ARM_GCC_541\Debug\event_groups.o
 .debug_aranges
                0x00000998       0x40 .\CortexM3\ARM_GCC_541\Debug\list.o
 .debug_aranges
                0x000009d8      0x128 .\CortexM3\ARM_GCC_541\Debug\queue.o
 .debug_aranges
                0x00000b00       0xd0 .\CortexM3\ARM_GCC_541\Debug\stream_buffer.o
 .debug_aranges
                0x00000bd0      0x1f8 .\CortexM3\ARM_GCC_541\Debug\tasks.o
 .debug_aranges
                0x00000dc8       0x18 .\CortexM3\ARM_GCC_541\Debug\timers.o
 .debug_aranges
                0x00000de0       0x70 .\CortexM3\ARM_GCC_541\Debug\port.o
 .debug_aranges
                0x00000e50       0x40 .\CortexM3\ARM_GCC_541\Debug\heap_2.o
 .debug_aranges
                0x00000e90       0x20 .\CortexM3\ARM_GCC_541\Debug\main.o
 .debug_aranges
                0x00000eb0       0x58 .\CortexM3\ARM_GCC_541\Debug\cyfitter_cfg.o
 .debug_aranges
                0x00000f08       0x18 .\CortexM3\ARM_GCC_541\Debug\cymetadata.o
 .debug_aranges
                0x00000f20       0x48 .\CortexM3\ARM_GCC_541\Debug\Cm3Start.o
 .debug_aranges
                0x00000f68       0xa8 .\CortexM3\ARM_GCC_541\Debug\ZumoBot_Tank.a(PWM.o)
 .debug_aranges
                0x00001010       0x38 .\CortexM3\ARM_GCC_541\Debug\ZumoBot_Tank.a(I2C.o)
 .debug_aranges
                0x00001048       0x20 .\CortexM3\ARM_GCC_541\Debug\ZumoBot_Tank.a(I2C_INT.o)
 .debug_aranges
                0x00001068       0x38 .\CortexM3\ARM_GCC_541\Debug\ZumoBot_Tank.a(I2C_PM.o)
 .debug_aranges
                0x000010a0       0x80 .\CortexM3\ARM_GCC_541\Debug\ZumoBot_Tank.a(I2C_MASTER.o)
 .debug_aranges
                0x00001120       0xf0 .\CortexM3\ARM_GCC_541\Debug\ZumoBot_Tank.a(UART_1.o)
 .debug_aranges
                0x00001210       0x38 .\CortexM3\ARM_GCC_541\Debug\ZumoBot_Tank.a(MotorDirLeft.o)
 .debug_aranges
                0x00001248       0x38 .\CortexM3\ARM_GCC_541\Debug\ZumoBot_Tank.a(MotorDirRight.o)
 .debug_aranges
                0x00001280       0x38 .\CortexM3\ARM_GCC_541\Debug\ZumoBot_Tank.a(L3.o)
 .debug_aranges
                0x000012b8       0x88 .\CortexM3\ARM_GCC_541\Debug\ZumoBot_Tank.a(Timer_L3.o)
 .debug_aranges
                0x00001340       0x88 .\CortexM3\ARM_GCC_541\Debug\ZumoBot_Tank.a(Timer_R3.o)
 .debug_aranges
                0x000013c8       0x38 .\CortexM3\ARM_GCC_541\Debug\ZumoBot_Tank.a(Refl_led.o)
 .debug_aranges
                0x00001400       0x88 .\CortexM3\ARM_GCC_541\Debug\ZumoBot_Tank.a(Timer_R1.o)
 .debug_aranges
                0x00001488       0x38 .\CortexM3\ARM_GCC_541\Debug\ZumoBot_Tank.a(R1.o)
 .debug_aranges
                0x000014c0       0x38 .\CortexM3\ARM_GCC_541\Debug\ZumoBot_Tank.a(R3.o)
 .debug_aranges
                0x000014f8       0x88 .\CortexM3\ARM_GCC_541\Debug\ZumoBot_Tank.a(Timer_L1.o)
 .debug_aranges
                0x00001580       0x38 .\CortexM3\ARM_GCC_541\Debug\ZumoBot_Tank.a(L1.o)
 .debug_aranges
                0x000015b8       0x38 .\CortexM3\ARM_GCC_541\Debug\ZumoBot_Tank.a(IR_receiver.o)
 .debug_aranges
                0x000015f0       0x38 .\CortexM3\ARM_GCC_541\Debug\ZumoBot_Tank.a(Trig.o)
 .debug_aranges
                0x00001628       0x98 .\CortexM3\ARM_GCC_541\Debug\ZumoBot_Tank.a(Timer.o)
 .debug_aranges
                0x000016c0       0x38 .\CortexM3\ARM_GCC_541\Debug\ZumoBot_Tank.a(Echo.o)
 .debug_aranges
                0x000016f8       0x80 .\CortexM3\ARM_GCC_541\Debug\ZumoBot_Tank.a(ultra_isr.o)
 .debug_aranges
                0x00001778       0x80 .\CortexM3\ARM_GCC_541\Debug\ZumoBot_Tank.a(Buzzer_PWM.o)
 .debug_aranges
                0x000017f8       0x80 .\CortexM3\ARM_GCC_541\Debug\ZumoBot_Tank.a(IR_isr.o)
 .debug_aranges
                0x00001878       0x98 .\CortexM3\ARM_GCC_541\Debug\ZumoBot_Tank.a(Timer_IR.o)
 .debug_aranges
                0x00001910       0x90 .\CortexM3\ARM_GCC_541\Debug\ZumoBot_Tank.a(Timer_R2.o)
 .debug_aranges
                0x000019a0       0x90 .\CortexM3\ARM_GCC_541\Debug\ZumoBot_Tank.a(Timer_L2.o)
 .debug_aranges
                0x00001a30       0x38 .\CortexM3\ARM_GCC_541\Debug\ZumoBot_Tank.a(L2.o)
 .debug_aranges
                0x00001a68       0x38 .\CortexM3\ARM_GCC_541\Debug\ZumoBot_Tank.a(R2.o)
 .debug_aranges
                0x00001aa0       0x28 .\CortexM3\ARM_GCC_541\Debug\ZumoBot_Tank.a(Timer_Reset.o)
 .debug_aranges
                0x00001ac8       0xf0 .\CortexM3\ARM_GCC_541\Debug\ZumoBot_Tank.a(UART_2.o)
 .debug_aranges
                0x00001bb8       0x80 .\CortexM3\ARM_GCC_541\Debug\ZumoBot_Tank.a(isr_U2_TX.o)
 .debug_aranges
                0x00001c38       0x80 .\CortexM3\ARM_GCC_541\Debug\ZumoBot_Tank.a(isr_U2_RX.o)
 .debug_aranges
                0x00001cb8       0x98 .\CortexM3\ARM_GCC_541\Debug\ZumoBot_Tank.a(StatisticsCounter.o)
 .debug_aranges
                0x00001d50       0x38 .\CortexM3\ARM_GCC_541\Debug\ZumoBot_Tank.a(RST_E.o)
 .debug_aranges
                0x00001d88       0x80 .\CortexM3\ARM_GCC_541\Debug\ZumoBot_Tank.a(isr_U1_TX.o)
 .debug_aranges
                0x00001e08       0x80 .\CortexM3\ARM_GCC_541\Debug\ZumoBot_Tank.a(isr_U1_RX.o)
 .debug_aranges
                0x00001e88       0x70 .\CortexM3\ARM_GCC_541\Debug\ZumoBot_Tank.a(UART_1_IntClock.o)
 .debug_aranges
                0x00001ef8       0x70 .\CortexM3\ARM_GCC_541\Debug\ZumoBot_Tank.a(UART_2_IntClock.o)
 .debug_aranges
                0x00001f68      0x2a0 .\CortexM3\ARM_GCC_541\Debug\ZumoBot_Tank.a(CyLib.o)
 .debug_aranges
                0x00002208       0x98 .\CortexM3\ARM_GCC_541\Debug\ZumoBot_Tank.a(cyPm.o)
 .debug_aranges
                0x000022a0       0x20 .\CortexM3\ARM_GCC_541\Debug\ZumoBot_Tank.a(cyutils.o)
 .debug_aranges
                0x000022c0       0x20 .\CortexM3\ARM_GCC_541\Debug\ZumoBot_Tank.a(CyBootAsmGnu.o)
 .debug_aranges
                0x000022e0       0x88 .\CortexM3\ARM_GCC_541\Debug\ZumoBot_Tank.a(CyFlash.o)
 .debug_aranges
                0x00002368       0x80 .\CortexM3\ARM_GCC_541\Debug\ZumoBot_Tank.a(CySpc.o)

.debug_pubnames
 *(.debug_pubnames)

.debug_info     0x00000000    0x1d006
 *(.debug_info .gnu.linkonce.wi.*)
 .debug_info    0x00000000      0x195 .\CortexM3\ARM_GCC_541\Debug\Beep.o
 .debug_info    0x00000195      0x3d5 .\CortexM3\ARM_GCC_541\Debug\Gyro.o
 .debug_info    0x0000056a      0x37d .\CortexM3\ARM_GCC_541\Debug\IR.o
 .debug_info    0x000008e7      0x146 .\CortexM3\ARM_GCC_541\Debug\Magnet.o
 .debug_info    0x00000a2d      0x2ee .\CortexM3\ARM_GCC_541\Debug\Motor.o
 .debug_info    0x00000d1b      0x2b5 .\CortexM3\ARM_GCC_541\Debug\Nunchuk.o
 .debug_info    0x00000fd0      0x35e .\CortexM3\ARM_GCC_541\Debug\Ultra.o
 .debug_info    0x0000132e      0xb3d .\CortexM3\ARM_GCC_541\Debug\Retarget.o
 .debug_info    0x00001e6b      0x298 .\CortexM3\ARM_GCC_541\Debug\I2C_Common.o
 .debug_info    0x00002103      0x229 .\CortexM3\ARM_GCC_541\Debug\LSM303D.o
 .debug_info    0x0000232c      0x6fb .\CortexM3\ARM_GCC_541\Debug\debug_uart.o
 .debug_info    0x00002a27     0x1bd1 .\CortexM3\ARM_GCC_541\Debug\esp8266_socket.o
 .debug_info    0x000045f8      0x35d .\CortexM3\ARM_GCC_541\Debug\rtos_main.o
 .debug_info    0x00004955      0x64a .\CortexM3\ARM_GCC_541\Debug\serial.o
 .debug_info    0x00004f9f      0xbd4 .\CortexM3\ARM_GCC_541\Debug\mqtt_sender.o
 .debug_info    0x00005b73      0x4f4 .\CortexM3\ARM_GCC_541\Debug\serial1.o
 .debug_info    0x00006067      0x85b .\CortexM3\ARM_GCC_541\Debug\Reflectance.o
 .debug_info    0x000068c2     0x1cfb .\CortexM3\ARM_GCC_541\Debug\MQTTClient.o
 .debug_info    0x000085bd      0x87b .\CortexM3\ARM_GCC_541\Debug\MQTTFreeRTOS.o
 .debug_info    0x00008e38      0x8ad .\CortexM3\ARM_GCC_541\Debug\MQTTConnectClient.o
 .debug_info    0x000096e5      0x766 .\CortexM3\ARM_GCC_541\Debug\MQTTConnectServer.o
 .debug_info    0x00009e4b      0x434 .\CortexM3\ARM_GCC_541\Debug\MQTTDeserializePublish.o
 .debug_info    0x0000a27f      0x79d .\CortexM3\ARM_GCC_541\Debug\MQTTFormat.o
 .debug_info    0x0000aa1c      0x9ad .\CortexM3\ARM_GCC_541\Debug\MQTTPacket.o
 .debug_info    0x0000b3c9      0x636 .\CortexM3\ARM_GCC_541\Debug\MQTTSerializePublish.o
 .debug_info    0x0000b9ff      0x528 .\CortexM3\ARM_GCC_541\Debug\MQTTSubscribeClient.o
 .debug_info    0x0000bf27      0x47d .\CortexM3\ARM_GCC_541\Debug\MQTTSubscribeServer.o
 .debug_info    0x0000c3a4      0x479 .\CortexM3\ARM_GCC_541\Debug\MQTTUnsubscribeClient.o
 .debug_info    0x0000c81d      0x41c .\CortexM3\ARM_GCC_541\Debug\MQTTUnsubscribeServer.o
 .debug_info    0x0000cc39       0xae .\CortexM3\ARM_GCC_541\Debug\croutine.o
 .debug_info    0x0000cce7      0x99a .\CortexM3\ARM_GCC_541\Debug\event_groups.o
 .debug_info    0x0000d681      0x2df .\CortexM3\ARM_GCC_541\Debug\list.o
 .debug_info    0x0000d960     0x1951 .\CortexM3\ARM_GCC_541\Debug\queue.o
 .debug_info    0x0000f2b1     0x1236 .\CortexM3\ARM_GCC_541\Debug\stream_buffer.o
 .debug_info    0x000104e7     0x2f3d .\CortexM3\ARM_GCC_541\Debug\tasks.o
 .debug_info    0x00013424       0xae .\CortexM3\ARM_GCC_541\Debug\timers.o
 .debug_info    0x000134d2      0x363 .\CortexM3\ARM_GCC_541\Debug\port.o
 .debug_info    0x00013835      0x38c .\CortexM3\ARM_GCC_541\Debug\heap_2.o
 .debug_info    0x00013bc1      0x241 .\CortexM3\ARM_GCC_541\Debug\main.o
 .debug_info    0x00013e02      0x69a .\CortexM3\ARM_GCC_541\Debug\cyfitter_cfg.o
 .debug_info    0x0001449c      0x139 .\CortexM3\ARM_GCC_541\Debug\cymetadata.o
 .debug_info    0x000145d5      0x3bb .\CortexM3\ARM_GCC_541\Debug\Cm3Start.o
 .debug_info    0x00014990      0x381 .\CortexM3\ARM_GCC_541\Debug\ZumoBot_Tank.a(PWM.o)
 .debug_info    0x00014d11      0x2ad .\CortexM3\ARM_GCC_541\Debug\ZumoBot_Tank.a(I2C.o)
 .debug_info    0x00014fbe      0x184 .\CortexM3\ARM_GCC_541\Debug\ZumoBot_Tank.a(I2C_INT.o)
 .debug_info    0x00015142      0x207 .\CortexM3\ARM_GCC_541\Debug\ZumoBot_Tank.a(I2C_PM.o)
 .debug_info    0x00015349      0x407 .\CortexM3\ARM_GCC_541\Debug\ZumoBot_Tank.a(I2C_MASTER.o)
 .debug_info    0x00015750      0x60c .\CortexM3\ARM_GCC_541\Debug\ZumoBot_Tank.a(UART_1.o)
 .debug_info    0x00015d5c      0x11f .\CortexM3\ARM_GCC_541\Debug\ZumoBot_Tank.a(MotorDirLeft.o)
 .debug_info    0x00015e7b      0x11f .\CortexM3\ARM_GCC_541\Debug\ZumoBot_Tank.a(MotorDirRight.o)
 .debug_info    0x00015f9a      0x11f .\CortexM3\ARM_GCC_541\Debug\ZumoBot_Tank.a(L3.o)
 .debug_info    0x000160b9      0x293 .\CortexM3\ARM_GCC_541\Debug\ZumoBot_Tank.a(Timer_L3.o)
 .debug_info    0x0001634c      0x293 .\CortexM3\ARM_GCC_541\Debug\ZumoBot_Tank.a(Timer_R3.o)
 .debug_info    0x000165df      0x11f .\CortexM3\ARM_GCC_541\Debug\ZumoBot_Tank.a(Refl_led.o)
 .debug_info    0x000166fe      0x293 .\CortexM3\ARM_GCC_541\Debug\ZumoBot_Tank.a(Timer_R1.o)
 .debug_info    0x00016991      0x11f .\CortexM3\ARM_GCC_541\Debug\ZumoBot_Tank.a(R1.o)
 .debug_info    0x00016ab0      0x11f .\CortexM3\ARM_GCC_541\Debug\ZumoBot_Tank.a(R3.o)
 .debug_info    0x00016bcf      0x293 .\CortexM3\ARM_GCC_541\Debug\ZumoBot_Tank.a(Timer_L1.o)
 .debug_info    0x00016e62      0x11f .\CortexM3\ARM_GCC_541\Debug\ZumoBot_Tank.a(L1.o)
 .debug_info    0x00016f81      0x11f .\CortexM3\ARM_GCC_541\Debug\ZumoBot_Tank.a(IR_receiver.o)
 .debug_info    0x000170a0      0x11f .\CortexM3\ARM_GCC_541\Debug\ZumoBot_Tank.a(Trig.o)
 .debug_info    0x000171bf      0x328 .\CortexM3\ARM_GCC_541\Debug\ZumoBot_Tank.a(Timer.o)
 .debug_info    0x000174e7      0x11f .\CortexM3\ARM_GCC_541\Debug\ZumoBot_Tank.a(Echo.o)
 .debug_info    0x00017606      0x2d2 .\CortexM3\ARM_GCC_541\Debug\ZumoBot_Tank.a(ultra_isr.o)
 .debug_info    0x000178d8      0x279 .\CortexM3\ARM_GCC_541\Debug\ZumoBot_Tank.a(Buzzer_PWM.o)
 .debug_info    0x00017b51      0x2d2 .\CortexM3\ARM_GCC_541\Debug\ZumoBot_Tank.a(IR_isr.o)
 .debug_info    0x00017e23      0x372 .\CortexM3\ARM_GCC_541\Debug\ZumoBot_Tank.a(Timer_IR.o)
 .debug_info    0x00018195      0x2ee .\CortexM3\ARM_GCC_541\Debug\ZumoBot_Tank.a(Timer_R2.o)
 .debug_info    0x00018483      0x2ee .\CortexM3\ARM_GCC_541\Debug\ZumoBot_Tank.a(Timer_L2.o)
 .debug_info    0x00018771      0x11f .\CortexM3\ARM_GCC_541\Debug\ZumoBot_Tank.a(L2.o)
 .debug_info    0x00018890      0x11f .\CortexM3\ARM_GCC_541\Debug\ZumoBot_Tank.a(R2.o)
 .debug_info    0x000189af       0xd6 .\CortexM3\ARM_GCC_541\Debug\ZumoBot_Tank.a(Timer_Reset.o)
 .debug_info    0x00018a85      0x60c .\CortexM3\ARM_GCC_541\Debug\ZumoBot_Tank.a(UART_2.o)
 .debug_info    0x00019091      0x2d2 .\CortexM3\ARM_GCC_541\Debug\ZumoBot_Tank.a(isr_U2_TX.o)
 .debug_info    0x00019363      0x2d2 .\CortexM3\ARM_GCC_541\Debug\ZumoBot_Tank.a(isr_U2_RX.o)
 .debug_info    0x00019635      0x343 .\CortexM3\ARM_GCC_541\Debug\ZumoBot_Tank.a(StatisticsCounter.o)
 .debug_info    0x00019978      0x11f .\CortexM3\ARM_GCC_541\Debug\ZumoBot_Tank.a(RST_E.o)
 .debug_info    0x00019a97      0x2d2 .\CortexM3\ARM_GCC_541\Debug\ZumoBot_Tank.a(isr_U1_TX.o)
 .debug_info    0x00019d69      0x2d2 .\CortexM3\ARM_GCC_541\Debug\ZumoBot_Tank.a(isr_U1_RX.o)
 .debug_info    0x0001a03b      0x283 .\CortexM3\ARM_GCC_541\Debug\ZumoBot_Tank.a(UART_1_IntClock.o)
 .debug_info    0x0001a2be      0x283 .\CortexM3\ARM_GCC_541\Debug\ZumoBot_Tank.a(UART_2_IntClock.o)
 .debug_info    0x0001a541     0x1374 .\CortexM3\ARM_GCC_541\Debug\ZumoBot_Tank.a(CyLib.o)
 .debug_info    0x0001b8b5      0xa2a .\CortexM3\ARM_GCC_541\Debug\ZumoBot_Tank.a(cyPm.o)
 .debug_info    0x0001c2df       0xee .\CortexM3\ARM_GCC_541\Debug\ZumoBot_Tank.a(cyutils.o)