Archive member included to satisfy reference by file (symbol)

.\CortexM3\ARM_GCC_541\Debug\ZumoBot_Tank.a(PWM.o)
                              .\CortexM3\ARM_GCC_541\Debug\Motor.o (PWM_Stop)
.\CortexM3\ARM_GCC_541\Debug\ZumoBot_Tank.a(I2C.o)
                              .\CortexM3\ARM_GCC_541\Debug\Nunchuk.o (I2C_Start)
.\CortexM3\ARM_GCC_541\Debug\ZumoBot_Tank.a(I2C_INT.o)
                              .\CortexM3\ARM_GCC_541\Debug\ZumoBot_Tank.a(I2C.o) (I2C_ISR)
.\CortexM3\ARM_GCC_541\Debug\ZumoBot_Tank.a(I2C_PM.o)
                              .\CortexM3\ARM_GCC_541\Debug\ZumoBot_Tank.a(I2C.o) (I2C_backup)
.\CortexM3\ARM_GCC_541\Debug\ZumoBot_Tank.a(I2C_MASTER.o)
                              .\CortexM3\ARM_GCC_541\Debug\Nunchuk.o (I2C_MasterWriteBuf)
.\CortexM3\ARM_GCC_541\Debug\ZumoBot_Tank.a(UART_1.o)
                              .\CortexM3\ARM_GCC_541\Debug\rtos_main.o (UART_1_Start)
.\CortexM3\ARM_GCC_541\Debug\ZumoBot_Tank.a(MotorDirLeft.o)
                              .\CortexM3\ARM_GCC_541\Debug\Motor.o (MotorDirLeft_Write)
.\CortexM3\ARM_GCC_541\Debug\ZumoBot_Tank.a(MotorDirRight.o)
                              .\CortexM3\ARM_GCC_541\Debug\Motor.o (MotorDirRight_Write)
.\CortexM3\ARM_GCC_541\Debug\ZumoBot_Tank.a(L3.o)
                              .\CortexM3\ARM_GCC_541\Debug\Reflectance.o (L3_Write)
.\CortexM3\ARM_GCC_541\Debug\ZumoBot_Tank.a(Timer_L3.o)
                              .\CortexM3\ARM_GCC_541\Debug\Reflectance.o (Timer_L3_ReadStatusRegister)
.\CortexM3\ARM_GCC_541\Debug\ZumoBot_Tank.a(Timer_R3.o)
                              .\CortexM3\ARM_GCC_541\Debug\Reflectance.o (Timer_R3_ReadStatusRegister)
.\CortexM3\ARM_GCC_541\Debug\ZumoBot_Tank.a(Refl_led.o)
                              .\CortexM3\ARM_GCC_541\Debug\Reflectance.o (Refl_led_Write)
.\CortexM3\ARM_GCC_541\Debug\ZumoBot_Tank.a(Timer_R1.o)
                              .\CortexM3\ARM_GCC_541\Debug\Reflectance.o (Timer_R1_ReadStatusRegister)
.\CortexM3\ARM_GCC_541\Debug\ZumoBot_Tank.a(R1.o)
                              .\CortexM3\ARM_GCC_541\Debug\Reflectance.o (R1_Write)
.\CortexM3\ARM_GCC_541\Debug\ZumoBot_Tank.a(R3.o)
                              .\CortexM3\ARM_GCC_541\Debug\Reflectance.o (R3_Write)
.\CortexM3\ARM_GCC_541\Debug\ZumoBot_Tank.a(Timer_L1.o)
                              .\CortexM3\ARM_GCC_541\Debug\Reflectance.o (Timer_L1_ReadStatusRegister)
.\CortexM3\ARM_GCC_541\Debug\ZumoBot_Tank.a(L1.o)
                              .\CortexM3\ARM_GCC_541\Debug\Reflectance.o (L1_Write)
.\CortexM3\ARM_GCC_541\Debug\ZumoBot_Tank.a(BatteryLed.o)
                              .\CortexM3\ARM_GCC_541\Debug\main.o (BatteryLed_Write)
.\CortexM3\ARM_GCC_541\Debug\ZumoBot_Tank.a(IR_receiver.o)
                              .\CortexM3\ARM_GCC_541\Debug\IR.o (IR_receiver_Read)
.\CortexM3\ARM_GCC_541\Debug\ZumoBot_Tank.a(Trig.o)
                              .\CortexM3\ARM_GCC_541\Debug\Ultra.o (Trig_Write)
.\CortexM3\ARM_GCC_541\Debug\ZumoBot_Tank.a(Timer.o)
                              .\CortexM3\ARM_GCC_541\Debug\Ultra.o (Timer_ReadStatusRegister)
.\CortexM3\ARM_GCC_541\Debug\ZumoBot_Tank.a(Echo.o)
                              .\CortexM3\ARM_GCC_541\Debug\Ultra.o (Echo_Read)
.\CortexM3\ARM_GCC_541\Debug\ZumoBot_Tank.a(ultra_isr.o)
                              .\CortexM3\ARM_GCC_541\Debug\Ultra.o (ultra_isr_StartEx)
.\CortexM3\ARM_GCC_541\Debug\ZumoBot_Tank.a(Buzzer_PWM.o)
                              .\CortexM3\ARM_GCC_541\Debug\Beep.o (Buzzer_PWM_Stop)
.\CortexM3\ARM_GCC_541\Debug\ZumoBot_Tank.a(IR_isr.o)
                              .\CortexM3\ARM_GCC_541\Debug\IR.o (IR_isr_StartEx)
.\CortexM3\ARM_GCC_541\Debug\ZumoBot_Tank.a(Timer_IR.o)
                              .\CortexM3\ARM_GCC_541\Debug\IR.o (Timer_IR_ReadStatusRegister)
.\CortexM3\ARM_GCC_541\Debug\ZumoBot_Tank.a(SW1.o)
                              .\CortexM3\ARM_GCC_541\Debug\main.o (SW1_Read)
.\CortexM3\ARM_GCC_541\Debug\ZumoBot_Tank.a(Timer_R2.o)
                              .\CortexM3\ARM_GCC_541\Debug\Reflectance.o (Timer_R2_ReadStatusRegister)
.\CortexM3\ARM_GCC_541\Debug\ZumoBot_Tank.a(Timer_L2.o)
                              .\CortexM3\ARM_GCC_541\Debug\Reflectance.o (Timer_L2_ReadStatusRegister)
.\CortexM3\ARM_GCC_541\Debug\ZumoBot_Tank.a(L2.o)
                              .\CortexM3\ARM_GCC_541\Debug\Reflectance.o (L2_Write)
.\CortexM3\ARM_GCC_541\Debug\ZumoBot_Tank.a(R2.o)
                              .\CortexM3\ARM_GCC_541\Debug\Reflectance.o (R2_Write)
.\CortexM3\ARM_GCC_541\Debug\ZumoBot_Tank.a(Timer_Reset.o)
                              .\CortexM3\ARM_GCC_541\Debug\Reflectance.o (Timer_Reset_Write)
.\CortexM3\ARM_GCC_541\Debug\ZumoBot_Tank.a(UART_2.o)
                              .\CortexM3\ARM_GCC_541\Debug\rtos_main.o (UART_2_Start)
.\CortexM3\ARM_GCC_541\Debug\ZumoBot_Tank.a(isr_U2_TX.o)
                              .\CortexM3\ARM_GCC_541\Debug\serial.o (isr_U2_TX_StartEx)
.\CortexM3\ARM_GCC_541\Debug\ZumoBot_Tank.a(isr_U2_RX.o)
[...]
Memory Configuration

Name             Origin             Length             Attributes
rom              0x00000000         0x00040000         xr
ram              0x1fff8000         0x00010000         xrw
*default*        0x00000000         0xffffffff

Linker script and memory map

LOAD c:/program files (x86)/cypress/psoc creator/4.2/psoc creator/import/gnu/arm/5.4.1/bin/../lib/gcc/arm-none-eabi/5.4.1/armv7-m/crti.o
LOAD c:/program files (x86)/cypress/psoc creator/4.2/psoc creator/import/gnu/arm/5.4.1/bin/../lib/gcc/arm-none-eabi/5.4.1/armv7-m/crtbegin.o
LOAD c:/program files (x86)/cypress/psoc creator/4.2/psoc creator/import/gnu/arm/5.4.1/bin/../lib/gcc/arm-none-eabi/5.4.1/../../../../arm-none-eabi/lib/armv7-m/crt0.o
START GROUP
LOAD .\CortexM3\ARM_GCC_541\Debug\Beep.o
LOAD .\CortexM3\ARM_GCC_541\Debug\Gyro.o
LOAD .\CortexM3\ARM_GCC_541\Debug\IR.o
LOAD .\CortexM3\ARM_GCC_541\Debug\Magnet.o
LOAD .\CortexM3\ARM_GCC_541\Debug\Motor.o
LOAD .\CortexM3\ARM_GCC_541\Debug\Nunchuk.o
LOAD .\CortexM3\ARM_GCC_541\Debug\Ultra.o
LOAD .\CortexM3\ARM_GCC_541\Debug\Retarget.o
LOAD .\CortexM3\ARM_GCC_541\Debug\I2C_Common.o
LOAD .\CortexM3\ARM_GCC_541\Debug\LSM303D.o
LOAD .\CortexM3\ARM_GCC_541\Debug\debug_uart.o
LOAD .\CortexM3\ARM_GCC_541\Debug\esp8266_socket.o
LOAD .\CortexM3\ARM_GCC_541\Debug\rtos_main.o
LOAD .\CortexM3\ARM_GCC_541\Debug\serial.o
LOAD .\CortexM3\ARM_GCC_541\Debug\mqtt_sender.o
LOAD .\CortexM3\ARM_GCC_541\Debug\serial1.o
LOAD .\CortexM3\ARM_GCC_541\Debug\Reflectance.o
LOAD .\CortexM3\ARM_GCC_541\Debug\MQTTClient.o
LOAD .\CortexM3\ARM_GCC_541\Debug\MQTTFreeRTOS.o
LOAD .\CortexM3\ARM_GCC_541\Debug\MQTTConnectClient.o
LOAD .\CortexM3\ARM_GCC_541\Debug\MQTTConnectServer.o
LOAD .\CortexM3\ARM_GCC_541\Debug\MQTTDeserializePublish.o
LOAD .\CortexM3\ARM_GCC_541\Debug\MQTTFormat.o
LOAD .\CortexM3\ARM_GCC_541\Debug\MQTTPacket.o
LOAD .\CortexM3\ARM_GCC_541\Debug\MQTTSerializePublish.o
LOAD .\CortexM3\ARM_GCC_541\Debug\MQTTSubscribeClient.o
LOAD .\CortexM3\ARM_GCC_541\Debug\MQTTSubscribeServer.o
LOAD .\CortexM3\ARM_GCC_541\Debug\MQTTUnsubscribeClient.o
LOAD .\CortexM3\ARM_GCC_541\Debug\MQTTUnsubscribeServer.o
LOAD .\CortexM3\ARM_GCC_541\Debug\croutine.o
LOAD .\CortexM3\ARM_GCC_541\Debug\event_groups.o
LOAD .\CortexM3\ARM_GCC_541\Debug\list.o
LOAD .\CortexM3\ARM_GCC_541\Debug\queue.o
LOAD .\CortexM3\ARM_GCC_541\Debug\stream_buffer.o
LOAD .\CortexM3\ARM_GCC_541\Debug\tasks.o
LOAD .\CortexM3\ARM_GCC_541\Debug\timers.o
LOAD .\CortexM3\ARM_GCC_541\Debug\port.o
LOAD .\CortexM3\ARM_GCC_541\Debug\heap_2.o
LOAD .\CortexM3\ARM_GCC_541\Debug\main.o
LOAD .\CortexM3\ARM_GCC_541\Debug\cyfitter_cfg.o
LOAD .\CortexM3\ARM_GCC_541\Debug\cymetadata.o
LOAD .\CortexM3\ARM_GCC_541\Debug\Cm3Start.o
LOAD .\CortexM3\ARM_GCC_541\Debug\ZumoBot_Tank.a
LOAD C:\Program Files (x86)\Cypress\PSoC Creator\4.2\PSoC Creator\psoc\content\cycomponentlibrary\CyComponentLibrary.cylib\CortexM3\ARM_GCC_541\Debug\CyComponentLibrary.a
LOAD c:/program files (x86)/cypress/psoc creator/4.2/psoc creator/import/gnu/arm/5.4.1/bin/../lib/gcc/arm-none-eabi/5.4.1/../../../../arm-none-eabi/lib/armv7-m\libm.a
END GROUP
START GROUP
LOAD c:/program files (x86)/cypress/psoc creator/4.2/psoc creator/import/gnu/arm/5.4.1/bin/../lib/gcc/arm-none-eabi/5.4.1/armv7-m\libgcc.a
LOAD c:/program files (x86)/cypress/psoc creator/4.2/psoc creator/import/gnu/arm/5.4.1/bin/../lib/gcc/arm-none-eabi/5.4.1/../../../../arm-none-eabi/lib/armv7-m\libg.a
LOAD c:/program files (x86)/cypress/psoc creator/4.2/psoc creator/import/gnu/arm/5.4.1/bin/../lib/gcc/arm-none-eabi/5.4.1/../../../../arm-none-eabi/lib/armv7-m\libc.a
END GROUP
LOAD c:/program files (x86)/cypress/psoc creator/4.2/psoc creator/import/gnu/arm/5.4.1/bin/../lib/gcc/arm-none-eabi/5.4.1/armv7-m/crtend.o
LOAD c:/program files (x86)/cypress/psoc creator/4.2/psoc creator/import/gnu/arm/5.4.1/bin/../lib/gcc/arm-none-eabi/5.4.1/armv7-m/crtn.o
START GROUP
LOAD c:/program files (x86)/cypress/psoc creator/4.2/psoc creator/import/gnu/arm/5.4.1/bin/../lib/gcc/arm-none-eabi/5.4.1/armv7-m\libgcc.a
LOAD c:/program files (x86)/cypress/psoc creator/4.2/psoc creator/import/gnu/arm/5.4.1/bin/../lib/gcc/arm-none-eabi/5.4.1/../../../../arm-none-eabi/lib/armv7-m\libc.a
LOAD c:/program files (x86)/cypress/psoc creator/4.2/psoc creator/import/gnu/arm/5.4.1/bin/../lib/gcc/arm-none-eabi/5.4.1/../../../../arm-none-eabi/lib/armv7-m\libnosys.a
END GROUP
                0x00000000                CY_APPL_ORIGIN = 0x0
                0x00000100                CY_FLASH_ROW_SIZE = 0x100
                0x00000020                CY_ECC_ROW_SIZE = 0x20
                0x00000000                CY_EE_IN_BTLDR = 0x0
                0x00000000                CY_APPL_LOADABLE = 0x0
                0x00000800                CY_EE_SIZE = 0x800
                0x00000001                CY_APPL_NUM = 0x1
                0x00000001                CY_APPL_MAX = 0x1
                0x00000040                CY_METADATA_SIZE = 0x40
                0x00000000                CY_APPL_LOADABLE = 0x0
                0x00000000                CY_CHECKSUM_EXCLUDE_SIZE = ALIGN (0x0, CY_FLASH_ROW_SIZE)
                [!provide]                PROVIDE (__cy_heap_start, _end)
                0x00000001                PROVIDE (__cy_region_num, ((__cy_regions_end - __cy_regions) / 0x10))
                0x20008000                PROVIDE (__cy_stack, (ORIGIN (ram) + LENGTH (ram)))
                [!provide]                PROVIDE (__cy_heap_end, (__cy_stack - 0x800))

.cybootloader   0x00000000        0x0
 *(.cybootloader)
                0x00000000                appl1_start = CY_APPL_ORIGIN?CY_APPL_ORIGIN:ALIGN (CY_FLASH_ROW_SIZE)
                0x0001ff00                appl2_start = (appl1_start + ALIGN ((((LENGTH (rom) - appl1_start) - (0x2 * CY_FLASH_ROW_SIZE)) / 0x2), CY_FLASH_ROW_SIZE))
                0x00000000                appl_start = (CY_APPL_NUM == 0x1)?appl1_start:appl2_start
                0x00000000                ecc_offset = ((appl_start / CY_FLASH_ROW_SIZE) * CY_ECC_ROW_SIZE)
                0x00000000                ee_offset = (CY_APPL_LOADABLE && ! (CY_EE_IN_BTLDR))?((CY_EE_SIZE / CY_APPL_MAX) * (CY_APPL_NUM - 0x1)):0x0
                0x00000800                ee_size = (CY_APPL_LOADABLE && ! (CY_EE_IN_BTLDR))?(CY_EE_SIZE / CY_APPL_MAX):CY_EE_SIZE
                [!provide]                PROVIDE (CY_ECC_OFFSET, ecc_offset)

.text           0x00000000     0x88dc
 CREATE_OBJECT_SYMBOLS
                0x00000000                PROVIDE (__cy_interrupt_vector, RomVectors)
 *(.romvectors)
 .romvectors    0x00000000       0x10 .\CortexM3\ARM_GCC_541\Debug\Cm3Start.o
                0x00000000                RomVectors
                0x00000001                ASSERT ((. != __cy_interrupt_vector), No interrupt vector)
                0x00000001                ASSERT (CY_APPL_ORIGIN?(SIZEOF (.cybootloader) <= CY_APPL_ORIGIN):0x1, Wrong image location)
                0x00000010                PROVIDE (__cy_reset, Reset)
 *(.text.Reset)
 .text.Reset    0x00000010       0x18 .\CortexM3\ARM_GCC_541\Debug\Cm3Start.o
                0x00000010                Reset
                0x00000001                ASSERT ((. != __cy_reset), No reset code)
 *(.dma_init)
                0x00000001                ASSERT ((((appl_start + .) <= 0x10000) || 0x1), DMA Init must be within the first 64k of flash)
 *(.text .text.* .gnu.linkonce.t.*)
 .text          0x00000028       0x5c c:/program files (x86)/cypress/psoc creator/4.2/psoc creator/import/gnu/arm/5.4.1/bin/../lib/gcc/arm-none-eabi/5.4.1/armv7-m/crtbegin.o
 .text.Beep     0x00000084       0x24 .\CortexM3\ARM_GCC_541\Debug\Beep.o
                0x00000084                Beep
 .text.IR_capture_isr
                0x000000a8       0x64 .\CortexM3\ARM_GCC_541\Debug\IR.o
                0x000000a8                IR_capture_isr
 .text.IR_get   0x0000010c       0x1c .\CortexM3\ARM_GCC_541\Debug\IR.o
                0x0000010c                IR_get
 .text.IR_flush
                0x00000128       0x18 .\CortexM3\ARM_GCC_541\Debug\IR.o
                0x00000128                IR_flush
 .text.IR_wait  0x00000140       0x40 .\CortexM3\ARM_GCC_541\Debug\IR.o
                0x00000140                IR_wait
 .text.IR_Start
                0x00000180       0x30 .\CortexM3\ARM_GCC_541\Debug\IR.o
                0x00000180                IR_Start
 .text.motor_start
                0x000001b0        0x8 .\CortexM3\ARM_GCC_541\Debug\Motor.o
                0x000001b0                motor_start
 .text.motor_forward
                0x000001b8       0x28 .\CortexM3\ARM_GCC_541\Debug\Motor.o
                0x000001b8                motor_forward
 .text.motor_turn
                0x000001e0       0x18 .\CortexM3\ARM_GCC_541\Debug\Motor.o
                0x000001e0                motor_turn
 .text.RetargetInit
                0x000001f8       0x14 .\CortexM3\ARM_GCC_541\Debug\Retarget.o
                0x000001f8                RetargetInit
 .text._write   0x0000020c       0x34 .\CortexM3\ARM_GCC_541\Debug\Retarget.o
                0x0000020c                _write
 .text._read    0x00000240      0x10c .\CortexM3\ARM_GCC_541\Debug\Retarget.o
                0x00000240                _read
 .text.DebugUartTaskInit
                0x0000034c       0x24 .\CortexM3\ARM_GCC_541\Debug\debug_uart.o
                0x0000034c                DebugUartTaskInit
 .text.start_zmain
                0x00000370       0x18 .\CortexM3\ARM_GCC_541\Debug\rtos_main.o
 .text.prvHardwareSetup
                0x00000388       0x2c .\CortexM3\ARM_GCC_541\Debug\rtos_main.o
 .text.main     0x000003b4       0x40 .\CortexM3\ARM_GCC_541\Debug\rtos_main.o
                0x000003b4                main
 .text.vApplicationStackOverflowHook
                0x000003f4       0x14 .\CortexM3\ARM_GCC_541\Debug\rtos_main.o
                0x000003f4                vApplicationStackOverflowHook
 .text.vApplicationMallocFailedHook
                0x00000408       0x14 .\CortexM3\ARM_GCC_541\Debug\rtos_main.o
                0x00000408                vApplicationMallocFailedHook
 .text.MQTTSendTaskInit
                0x0000041c       0x24 .\CortexM3\ARM_GCC_541\Debug\mqtt_sender.o
                0x0000041c                MQTTSendTaskInit
 .text.vUart1RxISR
                0x00000440       0x5c .\CortexM3\ARM_GCC_541\Debug\serial1.o
                0x00000440                vUart1RxISR
 .text.vUart1TxISR
                0x0000049c       0x70 .\CortexM3\ARM_GCC_541\Debug\serial1.o
                0x0000049c                vUart1TxISR
 .text.vSerial1PortInitMinimal
                0x0000050c       0x58 .\CortexM3\ARM_GCC_541\Debug\serial1.o
                0x0000050c                vSerial1PortInitMinimal
 .text.xSerial1GetChar
                0x00000564       0x20 .\CortexM3\ARM_GCC_541\Debug\serial1.o
                0x00000564                xSerial1GetChar
 .text.xSerial1PutChar
                0x00000584       0x3c .\CortexM3\ARM_GCC_541\Debug\serial1.o
                0x00000584                xSerial1PutChar
 .text.ReflectanceTask
                0x000005c0      0x1c4 .\CortexM3\ARM_GCC_541\Debug\Reflectance.o
                0x000005c0                ReflectanceTask
 .text.reflectance_start
                0x00000784       0x54 .\CortexM3\ARM_GCC_541\Debug\Reflectance.o
                0x00000784                reflectance_start
 .text.reflectance_read
                0x000007d8       0x18 .\CortexM3\ARM_GCC_541\Debug\Reflectance.o
                0x000007d8                reflectance_read
 .text.reflectance_digital
                0x000007f0       0x9c .\CortexM3\ARM_GCC_541\Debug\Reflectance.o
                0x000007f0                reflectance_digital
 .text.reflectance_set_threshold
                0x0000088c       0x20 .\CortexM3\ARM_GCC_541\Debug\Reflectance.o
                0x0000088c                reflectance_set_threshold
 .text.vListInitialise
                0x000008ac       0x18 .\CortexM3\ARM_GCC_541\Debug\list.o
                0x000008ac                vListInitialise
 .text.vListInitialiseItem
                0x000008c4        0x8 .\CortexM3\ARM_GCC_541\Debug\list.o
                0x000008c4                vListInitialiseItem
 .text.vListInsertEnd
                0x000008cc       0x18 .\CortexM3\ARM_GCC_541\Debug\list.o
                0x000008cc                vListInsertEnd
 .text.vListInsert
                0x000008e4       0x34 .\CortexM3\ARM_GCC_541\Debug\list.o
                0x000008e4                vListInsert
 .text.uxListRemove
                0x00000918       0x28 .\CortexM3\ARM_GCC_541\Debug\list.o
                0x00000918                uxListRemove
 .text.prvGetDisinheritPriorityAfterTimeout
                0x00000940       0x14 .\CortexM3\ARM_GCC_541\Debug\queue.o
 .text.prvIsQueueFull
                0x00000954       0x20 .\CortexM3\ARM_GCC_541\Debug\queue.o
 .text.prvIsQueueEmpty
                0x00000974       0x1c .\CortexM3\ARM_GCC_541\Debug\queue.o
 .text.prvCopyDataToQueue
                0x00000990       0x78 .\CortexM3\ARM_GCC_541\Debug\queue.o
 .text.prvCopyDataFromQueue
                0x00000a08       0x24 .\CortexM3\ARM_GCC_541\Debug\queue.o
 .text.prvUnlockQueue
                0x00000a2c       0x68 .\CortexM3\ARM_GCC_541\Debug\queue.o
 .text.xQueueGenericReset
                0x00000a94       0x6c .\CortexM3\ARM_GCC_541\Debug\queue.o
                0x00000a94                xQueueGenericReset
 .text.prvInitialiseNewQueue
                0x00000b00       0x24 .\CortexM3\ARM_GCC_541\Debug\queue.o
 .text.xQueueGenericCreate
                0x00000b24       0x34 .\CortexM3\ARM_GCC_541\Debug\queue.o
                0x00000b24                xQueueGenericCreate
 .text.xQueueGenericSend
                0x00000b58      0x108 .\CortexM3\ARM_GCC_541\Debug\queue.o
                0x00000b58                xQueueGenericSend
 .text.prvInitialiseMutex
                0x00000c60       0x18 .\CortexM3\ARM_GCC_541\Debug\queue.o
 .text.xQueueCreateMutex
                0x00000c78       0x18 .\CortexM3\ARM_GCC_541\Debug\queue.o
                0x00000c78                xQueueCreateMutex
 .text.xQueueGenericSendFromISR
                0x00000c90       0x70 .\CortexM3\ARM_GCC_541\Debug\queue.o
                0x00000c90                xQueueGenericSendFromISR
 .text.xQueueReceive
                0x00000d00       0xf8 .\CortexM3\ARM_GCC_541\Debug\queue.o
                0x00000d00                xQueueReceive
 .text.xQueueSemaphoreTake
                0x00000df8      0x128 .\CortexM3\ARM_GCC_541\Debug\queue.o
                0x00000df8                xQueueSemaphoreTake
 .text.xQueueReceiveFromISR
                0x00000f20       0x74 .\CortexM3\ARM_GCC_541\Debug\queue.o
                0x00000f20                xQueueReceiveFromISR
 .text.prvResetNextTaskUnblockTime
                0x00000f94       0x2c .\CortexM3\ARM_GCC_541\Debug\tasks.o
 .text.prvInitialiseNewTask
                0x00000fc0      0x100 .\CortexM3\ARM_GCC_541\Debug\tasks.o
 .text.prvInitialiseTaskLists
                0x000010c0       0x58 .\CortexM3\ARM_GCC_541\Debug\tasks.o
 .text.prvAddNewTaskToReadyList
                0x00001118       0xac .\CortexM3\ARM_GCC_541\Debug\tasks.o
 .text.prvDeleteTCB
                0x000011c4       0x18 .\CortexM3\ARM_GCC_541\Debug\tasks.o
 .text.prvCheckTasksWaitingTermination
                0x000011dc       0x44 .\CortexM3\ARM_GCC_541\Debug\tasks.o
 .text.prvIdleTask
                0x00001220        0x8 .\CortexM3\ARM_GCC_541\Debug\tasks.o
 .text.prvAddCurrentTaskToDelayedList
                0x00001228       0x84 .\CortexM3\ARM_GCC_541\Debug\tasks.o
 .text.xTaskCreate
                0x000012ac       0x64 .\CortexM3\ARM_GCC_541\Debug\tasks.o
                0x000012ac                xTaskCreate
 .text.vTaskStartScheduler
                0x00001310       0x6c .\CortexM3\ARM_GCC_541\Debug\tasks.o
                0x00001310                vTaskStartScheduler
 .text.vTaskSuspendAll
                0x0000137c       0x14 .\CortexM3\ARM_GCC_541\Debug\tasks.o
                0x0000137c                vTaskSuspendAll
 .text.xTaskGetTickCount
                0x00001390        0xc .\CortexM3\ARM_GCC_541\Debug\tasks.o
                0x00001390                xTaskGetTickCount
 .text.xTaskIncrementTick
                0x0000139c      0x108 .\CortexM3\ARM_GCC_541\Debug\tasks.o
                0x0000139c                xTaskIncrementTick
 .text.xTaskResumeAll
                0x000014a4       0xd8 .\CortexM3\ARM_GCC_541\Debug\tasks.o
                0x000014a4                xTaskResumeAll
 .text.vTaskDelayUntil
                0x0000157c       0x6c .\CortexM3\ARM_GCC_541\Debug\tasks.o
                0x0000157c                vTaskDelayUntil
 .text.vTaskDelay
                0x000015e8       0x34 .\CortexM3\ARM_GCC_541\Debug\tasks.o
                0x000015e8                vTaskDelay
 .text.vTaskSwitchContext
                0x0000161c       0xd4 .\CortexM3\ARM_GCC_541\Debug\tasks.o
                0x0000161c                vTaskSwitchContext
 .text.vTaskSuspend
                0x000016f0       0xc0 .\CortexM3\ARM_GCC_541\Debug\tasks.o
                0x000016f0                vTaskSuspend
 .text.vTaskPlaceOnEventList
                0x000017b0       0x20 .\CortexM3\ARM_GCC_541\Debug\tasks.o
                0x000017b0                vTaskPlaceOnEventList
 .text.xTaskRemoveFromEventList
                0x000017d0       0x74 .\CortexM3\ARM_GCC_541\Debug\tasks.o
                0x000017d0                xTaskRemoveFromEventList
 .text.vTaskInternalSetTimeOutState
                0x00001844       0x14 .\CortexM3\ARM_GCC_541\Debug\tasks.o
                0x00001844                vTaskInternalSetTimeOutState
 .text.xTaskCheckForTimeOut
                0x00001858       0x58 .\CortexM3\ARM_GCC_541\Debug\tasks.o
                0x00001858                xTaskCheckForTimeOut
 .text.vTaskMissedYield
                0x000018b0       0x10 .\CortexM3\ARM_GCC_541\Debug\tasks.o
                0x000018b0                vTaskMissedYield
 .text.xTaskPriorityInherit
                0x000018c0       0xd0 .\CortexM3\ARM_GCC_541\Debug\tasks.o
                0x000018c0                xTaskPriorityInherit
 .text.xTaskPriorityDisinherit
                0x00001990       0x88 .\CortexM3\ARM_GCC_541\Debug\tasks.o
                0x00001990                xTaskPriorityDisinherit
 .text.vTaskPriorityDisinheritAfterTimeout
                0x00001a18       0xa0 .\CortexM3\ARM_GCC_541\Debug\tasks.o
                0x00001a18                vTaskPriorityDisinheritAfterTimeout
 .text.pvTaskIncrementMutexHeldCount
                0x00001ab8       0x20 .\CortexM3\ARM_GCC_541\Debug\tasks.o
                0x00001ab8                pvTaskIncrementMutexHeldCount
 .text.prvTaskExitError
                0x00001ad8       0x20 .\CortexM3\ARM_GCC_541\Debug\port.o
 .text.prvPortStartFirstTask
                0x00001af8       0x20 .\CortexM3\ARM_GCC_541\Debug\port.o
 .text.pxPortInitialiseStack
                0x00001b18       0x24 .\CortexM3\ARM_GCC_541\Debug\port.o
                0x00001b18                pxPortInitialiseStack
 *fill*         0x00001b3c        0x4 
 .text.vPortSVCHandler
                0x00001b40       0x24 .\CortexM3\ARM_GCC_541\Debug\port.o
                0x00001b40                vPortSVCHandler
 .text.vPortEnterCritical
                0x00001b64       0x20 .\CortexM3\ARM_GCC_541\Debug\port.o
                0x00001b64                vPortEnterCritical
 .text.vPortExitCritical
                0x00001b84       0x14 .\CortexM3\ARM_GCC_541\Debug\port.o
                0x00001b84                vPortExitCritical
 *fill*         0x00001b98        0x8 
 .text.xPortPendSVHandler
                0x00001ba0       0x44 .\CortexM3\ARM_GCC_541\Debug\port.o
                0x00001ba0                xPortPendSVHandler
 .text.xPortSysTickHandler
                0x00001be4       0x2c .\CortexM3\ARM_GCC_541\Debug\port.o
                0x00001be4                xPortSysTickHandler
 .text.vPortSetupTimerInterrupt
                0x00001c10       0x24 .\CortexM3\ARM_GCC_541\Debug\port.o
                0x00001c10                vPortSetupTimerInterrupt
 .text.xPortStartScheduler
                0x00001c34       0x38 .\CortexM3\ARM_GCC_541\Debug\port.o
                0x00001c34                xPortStartScheduler
 .text.prvHeapInit
                0x00001c6c       0x30 .\CortexM3\ARM_GCC_541\Debug\heap_2.o
 .text.pvPortMalloc
                0x00001c9c       0xb4 .\CortexM3\ARM_GCC_541\Debug\heap_2.o
                0x00001c9c                pvPortMalloc
 .text.vPortFree
                0x00001d50       0x44 .\CortexM3\ARM_GCC_541\Debug\heap_2.o
                0x00001d50                vPortFree
 .text.zmain    0x00001d94      0x124 .\CortexM3\ARM_GCC_541\Debug\main.o
                0x00001d94                zmain
 .text.CyClockStartupError
                0x00001eb8        0x4 .\CortexM3\ARM_GCC_541\Debug\cyfitter_cfg.o
 .text.cfg_write_bytes32
                0x00001ebc       0x34 .\CortexM3\ARM_GCC_541\Debug\cyfitter_cfg.o
 .text.CYMEMZERO
                0x00001ef0        0xc .\CortexM3\ARM_GCC_541\Debug\cyfitter_cfg.o
 .text.AnalogSetDefault
                0x00001efc       0x80 .\CortexM3\ARM_GCC_541\Debug\cyfitter_cfg.o
 .text.CYCONFIGCPY
                0x00001f7c        0x8 .\CortexM3\ARM_GCC_541\Debug\cyfitter_cfg.o
 .text.ClockSetup
                0x00001f84      0x16c .\CortexM3\ARM_GCC_541\Debug\cyfitter_cfg.o
 .text.cyfitter_cfg
                0x000020f0      0x148 .\CortexM3\ARM_GCC_541\Debug\cyfitter_cfg.o
                0x000020f0                cyfitter_cfg
 .text.IntDefaultHandler
                0x00002238       0x10 .\CortexM3\ARM_GCC_541\Debug\Cm3Start.o
                0x00002238                IntDefaultHandler
 .text._sbrk    0x00002248       0x30 .\CortexM3\ARM_GCC_541\Debug\Cm3Start.o
                0x00002248                _sbrk
 .text.Start_c  0x00002278       0x4c .\CortexM3\ARM_GCC_541\Debug\Cm3Start.o
                0x00002278                Start_c
 .text.initialize_psoc
                0x000022c4       0x68 .\CortexM3\ARM_GCC_541\Debug\Cm3Start.o
                0x000022c4                initialize_psoc
 .text.PWM_Enable
                0x0000232c       0x10 .\CortexM3\ARM_GCC_541\Debug\ZumoBot_Tank.a(PWM.o)
                0x0000232c                PWM_Enable
 .text.PWM_WriteCounter
                0x0000233c        0xc .\CortexM3\ARM_GCC_541\Debug\ZumoBot_Tank.a(PWM.o)
                0x0000233c                PWM_WriteCounter
 .text.PWM_WritePeriod
                0x00002348        0xc .\CortexM3\ARM_GCC_541\Debug\ZumoBot_Tank.a(PWM.o)
                0x00002348                PWM_WritePeriod
 .text.PWM_WriteCompare1
                0x00002354        0xc .\CortexM3\ARM_GCC_541\Debug\ZumoBot_Tank.a(PWM.o)
                0x00002354                PWM_WriteCompare1
 .text.PWM_WriteCompare2
                0x00002360        0xc .\CortexM3\ARM_GCC_541\Debug\ZumoBot_Tank.a(PWM.o)
                0x00002360                PWM_WriteCompare2
 .text.PWM_SetInterruptMode
                0x0000236c        0xc .\CortexM3\ARM_GCC_541\Debug\ZumoBot_Tank.a(PWM.o)
                0x0000236c                PWM_SetInterruptMode
 .text.PWM_ReadStatusRegister
                0x00002378        0xc .\CortexM3\ARM_GCC_541\Debug\ZumoBot_Tank.a(PWM.o)
                0x00002378                PWM_ReadStatusRegister
 .text.PWM_ReadCapture
                0x00002384        0xc .\CortexM3\ARM_GCC_541\Debug\ZumoBot_Tank.a(PWM.o)
                0x00002384                PWM_ReadCapture
 .text.PWM_ClearFIFO
                0x00002390       0x14 .\CortexM3\ARM_GCC_541\Debug\ZumoBot_Tank.a(PWM.o)
                0x00002390                PWM_ClearFIFO
 .text.PWM_Init
                0x000023a4       0x5c .\CortexM3\ARM_GCC_541\Debug\ZumoBot_Tank.a(PWM.o)
                0x000023a4                PWM_Init
 .text.PWM_Start
                0x00002400       0x1c .\CortexM3\ARM_GCC_541\Debug\ZumoBot_Tank.a(PWM.o)
                0x00002400                PWM_Start
 .text.UART_1_Init
                0x0000241c       0x24 .\CortexM3\ARM_GCC_541\Debug\ZumoBot_Tank.a(UART_1.o)
                0x0000241c                UART_1_Init
 .text.UART_1_Enable
                0x00002440       0x38 .\CortexM3\ARM_GCC_541\Debug\ZumoBot_Tank.a(UART_1.o)
                0x00002440                UART_1_Enable
 .text.UART_1_Start
                0x00002478       0x1c .\CortexM3\ARM_GCC_541\Debug\ZumoBot_Tank.a(UART_1.o)
                0x00002478                UART_1_Start
 .text.UART_1_ReadRxData
                0x00002494        0xc .\CortexM3\ARM_GCC_541\Debug\ZumoBot_Tank.a(UART_1.o)
                0x00002494                UART_1_ReadRxData
 .text.UART_1_ReadRxStatus
                0x000024a0       0x10 .\CortexM3\ARM_GCC_541\Debug\ZumoBot_Tank.a(UART_1.o)
                0x000024a0                UART_1_ReadRxStatus
 .text.UART_1_SetTxInterruptMode
                0x000024b0        0xc .\CortexM3\ARM_GCC_541\Debug\ZumoBot_Tank.a(UART_1.o)
                0x000024b0                UART_1_SetTxInterruptMode
 .text.UART_1_ReadTxStatus
                0x000024bc        0xc .\CortexM3\ARM_GCC_541\Debug\ZumoBot_Tank.a(UART_1.o)
                0x000024bc                UART_1_ReadTxStatus
 .text.UART_1_PutChar
                0x000024c8       0x18 .\CortexM3\ARM_GCC_541\Debug\ZumoBot_Tank.a(UART_1.o)
                0x000024c8                UART_1_PutChar
 .text.MotorDirLeft_Write
                0x000024e0       0x18 .\CortexM3\ARM_GCC_541\Debug\ZumoBot_Tank.a(MotorDirLeft.o)
                0x000024e0                MotorDirLeft_Write
 .text.MotorDirRight_Write
                0x000024f8       0x18 .\CortexM3\ARM_GCC_541\Debug\ZumoBot_Tank.a(MotorDirRight.o)
                0x000024f8                MotorDirRight_Write
 .text.L3_Write
                0x00002510       0x18 .\CortexM3\ARM_GCC_541\Debug\ZumoBot_Tank.a(L3.o)
                0x00002510                L3_Write
 .text.L3_SetDriveMode
                0x00002528       0x18 .\CortexM3\ARM_GCC_541\Debug\ZumoBot_Tank.a(L3.o)
                0x00002528                L3_SetDriveMode
 .text.Timer_L3_Enable
                0x00002540       0x28 .\CortexM3\ARM_GCC_541\Debug\ZumoBot_Tank.a(Timer_L3.o)
                0x00002540                Timer_L3_Enable
 .text.Timer_L3_SetInterruptMode
                0x00002568        0xc .\CortexM3\ARM_GCC_541\Debug\ZumoBot_Tank.a(Timer_L3.o)
                0x00002568                Timer_L3_SetInterruptMode
 .text.Timer_L3_ReadStatusRegister
                0x00002574        0xc .\CortexM3\ARM_GCC_541\Debug\ZumoBot_Tank.a(Timer_L3.o)
                0x00002574                Timer_L3_ReadStatusRegister
 .text.Timer_L3_ReadPeriod
                0x00002580        0xc .\CortexM3\ARM_GCC_541\Debug\ZumoBot_Tank.a(Timer_L3.o)
                0x00002580                Timer_L3_ReadPeriod
 .text.Timer_L3_WritePeriod
                0x0000258c        0xc .\CortexM3\ARM_GCC_541\Debug\ZumoBot_Tank.a(Timer_L3.o)
                0x0000258c                Timer_L3_WritePeriod
 .text.Timer_L3_ReadCapture
                0x00002598        0xc .\CortexM3\ARM_GCC_541\Debug\ZumoBot_Tank.a(Timer_L3.o)
                0x00002598                Timer_L3_ReadCapture
 .text.Timer_L3_WriteCounter
                0x000025a4        0xc .\CortexM3\ARM_GCC_541\Debug\ZumoBot_Tank.a(Timer_L3.o)
                0x000025a4                Timer_L3_WriteCounter
 .text.Timer_L3_Init
                0x000025b0       0x68 .\CortexM3\ARM_GCC_541\Debug\ZumoBot_Tank.a(Timer_L3.o)
                0x000025b0                Timer_L3_Init
 .text.Timer_L3_Start
                0x00002618       0x1c .\CortexM3\ARM_GCC_541\Debug\ZumoBot_Tank.a(Timer_L3.o)
                0x00002618                Timer_L3_Start
 .text.Timer_L3_ReadCounter
                0x00002634       0x14 .\CortexM3\ARM_GCC_541\Debug\ZumoBot_Tank.a(Timer_L3.o)
                0x00002634                Timer_L3_ReadCounter
 .text.Timer_R3_Enable
                0x00002648       0x28 .\CortexM3\ARM_GCC_541\Debug\ZumoBot_Tank.a(Timer_R3.o)
                0x00002648                Timer_R3_Enable
 .text.Timer_R3_SetInterruptMode
                0x00002670        0xc .\CortexM3\ARM_GCC_541\Debug\ZumoBot_Tank.a(Timer_R3.o)
                0x00002670                Timer_R3_SetInterruptMode
 .text.Timer_R3_ReadStatusRegister
                0x0000267c        0xc .\CortexM3\ARM_GCC_541\Debug\ZumoBot_Tank.a(Timer_R3.o)
                0x0000267c                Timer_R3_ReadStatusRegister
 .text.Timer_R3_ReadPeriod
                0x00002688        0xc .\CortexM3\ARM_GCC_541\Debug\ZumoBot_Tank.a(Timer_R3.o)
                0x00002688                Timer_R3_ReadPeriod
 .text.Timer_R3_WritePeriod
                0x00002694        0xc .\CortexM3\ARM_GCC_541\Debug\ZumoBot_Tank.a(Timer_R3.o)
                0x00002694                Timer_R3_WritePeriod
 .text.Timer_R3_ReadCapture
                0x000026a0        0xc .\CortexM3\ARM_GCC_541\Debug\ZumoBot_Tank.a(Timer_R3.o)
                0x000026a0                Timer_R3_ReadCapture
 .text.Timer_R3_WriteCounter
                0x000026ac        0xc .\CortexM3\ARM_GCC_541\Debug\ZumoBot_Tank.a(Timer_R3.o)
                0x000026ac                Timer_R3_WriteCounter
 .text.Timer_R3_Init
                0x000026b8       0x68 .\CortexM3\ARM_GCC_541\Debug\ZumoBot_Tank.a(Timer_R3.o)
                0x000026b8                Timer_R3_Init
 .text.Timer_R3_Start
                0x00002720       0x1c .\CortexM3\ARM_GCC_541\Debug\ZumoBot_Tank.a(Timer_R3.o)
                0x00002720                Timer_R3_Start
 .text.Timer_R3_ReadCounter
                0x0000273c       0x14 .\CortexM3\ARM_GCC_541\Debug\ZumoBot_Tank.a(Timer_R3.o)
                0x0000273c                Timer_R3_ReadCounter
 .text.Refl_led_Write
                0x00002750       0x18 .\CortexM3\ARM_GCC_541\Debug\ZumoBot_Tank.a(Refl_led.o)
                0x00002750                Refl_led_Write
 .text.Timer_R1_Enable
                0x00002768       0x28 .\CortexM3\ARM_GCC_541\Debug\ZumoBot_Tank.a(Timer_R1.o)
                0x00002768                Timer_R1_Enable
 .text.Timer_R1_SetInterruptMode
                0x00002790        0xc .\CortexM3\ARM_GCC_541\Debug\ZumoBot_Tank.a(Timer_R1.o)
                0x00002790                Timer_R1_SetInterruptMode
 .text.Timer_R1_ReadStatusRegister
                0x0000279c        0xc .\CortexM3\ARM_GCC_541\Debug\ZumoBot_Tank.a(Timer_R1.o)
                0x0000279c                Timer_R1_ReadStatusRegister
 .text.Timer_R1_ReadPeriod
                0x000027a8        0xc .\CortexM3\ARM_GCC_541\Debug\ZumoBot_Tank.a(Timer_R1.o)
                0x000027a8                Timer_R1_ReadPeriod
 .text.Timer_R1_WritePeriod
                0x000027b4        0xc .\CortexM3\ARM_GCC_541\Debug\ZumoBot_Tank.a(Timer_R1.o)
                0x000027b4                Timer_R1_WritePeriod
 .text.Timer_R1_ReadCapture
                0x000027c0        0xc .\CortexM3\ARM_GCC_541\Debug\ZumoBot_Tank.a(Timer_R1.o)
                0x000027c0                Timer_R1_ReadCapture
 .text.Timer_R1_WriteCounter
                0x000027cc        0xc .\CortexM3\ARM_GCC_541\Debug\ZumoBot_Tank.a(Timer_R1.o)
                0x000027cc                Timer_R1_WriteCounter
 .text.Timer_R1_Init
                0x000027d8       0x68 .\CortexM3\ARM_GCC_541\Debug\ZumoBot_Tank.a(Timer_R1.o)
                0x000027d8                Timer_R1_Init
 .text.Timer_R1_Start
                0x00002840       0x1c .\CortexM3\ARM_GCC_541\Debug\ZumoBot_Tank.a(Timer_R1.o)
                0x00002840                Timer_R1_Start
 .text.Timer_R1_ReadCounter
                0x0000285c       0x14 .\CortexM3\ARM_GCC_541\Debug\ZumoBot_Tank.a(Timer_R1.o)
                0x0000285c                Timer_R1_ReadCounter
 .text.R1_Write
                0x00002870       0x18 .\CortexM3\ARM_GCC_541\Debug\ZumoBot_Tank.a(R1.o)
                0x00002870                R1_Write
 .text.R1_SetDriveMode
                0x00002888       0x18 .\CortexM3\ARM_GCC_541\Debug\ZumoBot_Tank.a(R1.o)
                0x00002888                R1_SetDriveMode
 .text.R3_Write
                0x000028a0       0x18 .\CortexM3\ARM_GCC_541\Debug\ZumoBot_Tank.a(R3.o)
                0x000028a0                R3_Write
 .text.R3_SetDriveMode
                0x000028b8       0x18 .\CortexM3\ARM_GCC_541\Debug\ZumoBot_Tank.a(R3.o)
                0x000028b8                R3_SetDriveMode
 .text.Timer_L1_Enable
                0x000028d0       0x28 .\CortexM3\ARM_GCC_541\Debug\ZumoBot_Tank.a(Timer_L1.o)
                0x000028d0                Timer_L1_Enable
 .text.Timer_L1_SetInterruptMode
                0x000028f8        0xc .\CortexM3\ARM_GCC_541\Debug\ZumoBot_Tank.a(Timer_L1.o)
                0x000028f8                Timer_L1_SetInterruptMode
 .text.Timer_L1_ReadStatusRegister
                0x00002904        0xc .\CortexM3\ARM_GCC_541\Debug\ZumoBot_Tank.a(Timer_L1.o)
                0x00002904                Timer_L1_ReadStatusRegister
 .text.Timer_L1_ReadPeriod
                0x00002910        0xc .\CortexM3\ARM_GCC_541\Debug\ZumoBot_Tank.a(Timer_L1.o)
                0x00002910                Timer_L1_ReadPeriod
 .text.Timer_L1_WritePeriod
                0x0000291c        0xc .\CortexM3\ARM_GCC_541\Debug\ZumoBot_Tank.a(Timer_L1.o)
                0x0000291c                Timer_L1_WritePeriod
 .text.Timer_L1_ReadCapture
                0x00002928        0xc .\CortexM3\ARM_GCC_541\Debug\ZumoBot_Tank.a(Timer_L1.o)
                0x00002928                Timer_L1_ReadCapture
 .text.Timer_L1_WriteCounter
                0x00002934        0xc .\CortexM3\ARM_GCC_541\Debug\ZumoBot_Tank.a(Timer_L1.o)
                0x00002934                Timer_L1_WriteCounter
 .text.Timer_L1_Init
                0x00002940       0x68 .\CortexM3\ARM_GCC_541\Debug\ZumoBot_Tank.a(Timer_L1.o)
                0x00002940                Timer_L1_Init
 .text.Timer_L1_Start
                0x000029a8       0x1c .\CortexM3\ARM_GCC_541\Debug\ZumoBot_Tank.a(Timer_L1.o)
                0x000029a8                Timer_L1_Start
 .text.Timer_L1_ReadCounter
                0x000029c4       0x14 .\CortexM3\ARM_GCC_541\Debug\ZumoBot_Tank.a(Timer_L1.o)
                0x000029c4                Timer_L1_ReadCounter
 .text.L1_Write
                0x000029d8       0x18 .\CortexM3\ARM_GCC_541\Debug\ZumoBot_Tank.a(L1.o)
                0x000029d8                L1_Write
 .text.L1_SetDriveMode
                0x000029f0       0x18 .\CortexM3\ARM_GCC_541\Debug\ZumoBot_Tank.a(L1.o)
                0x000029f0                L1_SetDriveMode
 .text.BatteryLed_Write
                0x00002a08       0x18 .\CortexM3\ARM_GCC_541\Debug\ZumoBot_Tank.a(BatteryLed.o)
                0x00002a08                BatteryLed_Write
 .text.IR_receiver_Read
                0x00002a20        0xc .\CortexM3\ARM_GCC_541\Debug\ZumoBot_Tank.a(IR_receiver.o)
                0x00002a20                IR_receiver_Read
 .text.Buzzer_PWM_Enable
                0x00002a2c       0x10 .\CortexM3\ARM_GCC_541\Debug\ZumoBot_Tank.a(Buzzer_PWM.o)
                0x00002a2c                Buzzer_PWM_Enable
 .text.Buzzer_PWM_Stop
                0x00002a3c       0x10 .\CortexM3\ARM_GCC_541\Debug\ZumoBot_Tank.a(Buzzer_PWM.o)
                0x00002a3c                Buzzer_PWM_Stop
 .text.Buzzer_PWM_WriteCounter
                0x00002a4c        0xc .\CortexM3\ARM_GCC_541\Debug\ZumoBot_Tank.a(Buzzer_PWM.o)
                0x00002a4c                Buzzer_PWM_WriteCounter
 .text.Buzzer_PWM_WritePeriod
                0x00002a58        0xc .\CortexM3\ARM_GCC_541\Debug\ZumoBot_Tank.a(Buzzer_PWM.o)
                0x00002a58                Buzzer_PWM_WritePeriod
 .text.Buzzer_PWM_WriteCompare
                0x00002a64        0xc .\CortexM3\ARM_GCC_541\Debug\ZumoBot_Tank.a(Buzzer_PWM.o)
                0x00002a64                Buzzer_PWM_WriteCompare
 .text.Buzzer_PWM_Init
                0x00002a70       0x34 .\CortexM3\ARM_GCC_541\Debug\ZumoBot_Tank.a(Buzzer_PWM.o)
                0x00002a70                Buzzer_PWM_Init
 .text.Buzzer_PWM_Start
                0x00002aa4       0x1c .\CortexM3\ARM_GCC_541\Debug\ZumoBot_Tank.a(Buzzer_PWM.o)
                0x00002aa4                Buzzer_PWM_Start
 .text.IR_isr_SetVector
                0x00002ac0        0xc .\CortexM3\ARM_GCC_541\Debug\ZumoBot_Tank.a(IR_isr.o)
                0x00002ac0                IR_isr_SetVector
 .text.IR_isr_SetPriority
                0x00002acc       0x10 .\CortexM3\ARM_GCC_541\Debug\ZumoBot_Tank.a(IR_isr.o)
                0x00002acc                IR_isr_SetPriority
 .text.IR_isr_Enable
                0x00002adc        0xc .\CortexM3\ARM_GCC_541\Debug\ZumoBot_Tank.a(IR_isr.o)
                0x00002adc                IR_isr_Enable
 .text.IR_isr_Disable
                0x00002ae8        0xc .\CortexM3\ARM_GCC_541\Debug\ZumoBot_Tank.a(IR_isr.o)
                0x00002ae8                IR_isr_Disable
 .text.IR_isr_StartEx
                0x00002af4       0x1c .\CortexM3\ARM_GCC_541\Debug\ZumoBot_Tank.a(IR_isr.o)
                0x00002af4                IR_isr_StartEx
 .text.Timer_IR_Enable
                0x00002b10       0x10 .\CortexM3\ARM_GCC_541\Debug\ZumoBot_Tank.a(Timer_IR.o)
                0x00002b10                Timer_IR_Enable
 .text.Timer_IR_SetInterruptMode
                0x00002b20        0xc .\CortexM3\ARM_GCC_541\Debug\ZumoBot_Tank.a(Timer_IR.o)
                0x00002b20                Timer_IR_SetInterruptMode
 .text.Timer_IR_ReadStatusRegister
                0x00002b2c        0xc .\CortexM3\ARM_GCC_541\Debug\ZumoBot_Tank.a(Timer_IR.o)
                0x00002b2c                Timer_IR_ReadStatusRegister
 .text.Timer_IR_WritePeriod
                0x00002b38       0x10 .\CortexM3\ARM_GCC_541\Debug\ZumoBot_Tank.a(Timer_IR.o)
                0x00002b38                Timer_IR_WritePeriod
 .text.Timer_IR_ReadCapture
                0x00002b48       0x10 .\CortexM3\ARM_GCC_541\Debug\ZumoBot_Tank.a(Timer_IR.o)
                0x00002b48                Timer_IR_ReadCapture
 .text.Timer_IR_WriteCounter
                0x00002b58       0x10 .\CortexM3\ARM_GCC_541\Debug\ZumoBot_Tank.a(Timer_IR.o)
                0x00002b58                Timer_IR_WriteCounter
 .text.Timer_IR_SetInterruptCount
                0x00002b68       0x1c .\CortexM3\ARM_GCC_541\Debug\ZumoBot_Tank.a(Timer_IR.o)
                0x00002b68                Timer_IR_SetInterruptCount
 .text.Timer_IR_ClearFIFO
                0x00002b84       0x14 .\CortexM3\ARM_GCC_541\Debug\ZumoBot_Tank.a(Timer_IR.o)
                0x00002b84                Timer_IR_ClearFIFO
 .text.Timer_IR_Init
                0x00002b98       0x3c .\CortexM3\ARM_GCC_541\Debug\ZumoBot_Tank.a(Timer_IR.o)
                0x00002b98                Timer_IR_Init
 .text.Timer_IR_Start
                0x00002bd4       0x1c .\CortexM3\ARM_GCC_541\Debug\ZumoBot_Tank.a(Timer_IR.o)
                0x00002bd4                Timer_IR_Start
 .text.SW1_Read
                0x00002bf0       0x10 .\CortexM3\ARM_GCC_541\Debug\ZumoBot_Tank.a(SW1.o)
                0x00002bf0                SW1_Read
 .text.Timer_R2_Enable
                0x00002c00       0x10 .\CortexM3\ARM_GCC_541\Debug\ZumoBot_Tank.a(Timer_R2.o)
                0x00002c00                Timer_R2_Enable
 .text.Timer_R2_SetInterruptMode
                0x00002c10        0xc .\CortexM3\ARM_GCC_541\Debug\ZumoBot_Tank.a(Timer_R2.o)
                0x00002c10                Timer_R2_SetInterruptMode
 .text.Timer_R2_ReadStatusRegister
                0x00002c1c        0xc .\CortexM3\ARM_GCC_541\Debug\ZumoBot_Tank.a(Timer_R2.o)
                0x00002c1c                Timer_R2_ReadStatusRegister
 .text.Timer_R2_ReadPeriod
                0x00002c28        0xc .\CortexM3\ARM_GCC_541\Debug\ZumoBot_Tank.a(Timer_R2.o)
                0x00002c28                Timer_R2_ReadPeriod
 .text.Timer_R2_WritePeriod
                0x00002c34        0xc .\CortexM3\ARM_GCC_541\Debug\ZumoBot_Tank.a(Timer_R2.o)
                0x00002c34                Timer_R2_WritePeriod
 .text.Timer_R2_ReadCapture
                0x00002c40        0xc .\CortexM3\ARM_GCC_541\Debug\ZumoBot_Tank.a(Timer_R2.o)
                0x00002c40                Timer_R2_ReadCapture
 .text.Timer_R2_WriteCounter
                0x00002c4c        0xc .\CortexM3\ARM_GCC_541\Debug\ZumoBot_Tank.a(Timer_R2.o)
                0x00002c4c                Timer_R2_WriteCounter
 .text.Timer_R2_ReadCounter
                0x00002c58       0x14 .\CortexM3\ARM_GCC_541\Debug\ZumoBot_Tank.a(Timer_R2.o)
                0x00002c58                Timer_R2_ReadCounter
 .text.Timer_R2_ClearFIFO
                0x00002c6c       0x14 .\CortexM3\ARM_GCC_541\Debug\ZumoBot_Tank.a(Timer_R2.o)
                0x00002c6c                Timer_R2_ClearFIFO
 .text.Timer_R2_Init
                0x00002c80       0x34 .\CortexM3\ARM_GCC_541\Debug\ZumoBot_Tank.a(Timer_R2.o)
                0x00002c80                Timer_R2_Init
 .text.Timer_R2_Start
                0x00002cb4       0x1c .\CortexM3\ARM_GCC_541\Debug\ZumoBot_Tank.a(Timer_R2.o)
                0x00002cb4                Timer_R2_Start
 .text.Timer_L2_Enable
                0x00002cd0       0x10 .\CortexM3\ARM_GCC_541\Debug\ZumoBot_Tank.a(Timer_L2.o)
                0x00002cd0                Timer_L2_Enable
 .text.Timer_L2_SetInterruptMode
                0x00002ce0        0xc .\CortexM3\ARM_GCC_541\Debug\ZumoBot_Tank.a(Timer_L2.o)
                0x00002ce0                Timer_L2_SetInterruptMode
 .text.Timer_L2_ReadStatusRegister
                0x00002cec        0xc .\CortexM3\ARM_GCC_541\Debug\ZumoBot_Tank.a(Timer_L2.o)
                0x00002cec                Timer_L2_ReadStatusRegister
 .text.Timer_L2_ReadPeriod
                0x00002cf8        0xc .\CortexM3\ARM_GCC_541\Debug\ZumoBot_Tank.a(Timer_L2.o)
                0x00002cf8                Timer_L2_ReadPeriod
 .text.Timer_L2_WritePeriod
                0x00002d04        0xc .\CortexM3\ARM_GCC_541\Debug\ZumoBot_Tank.a(Timer_L2.o)
                0x00002d04                Timer_L2_WritePeriod
 .text.Timer_L2_ReadCapture
                0x00002d10        0xc .\CortexM3\ARM_GCC_541\Debug\ZumoBot_Tank.a(Timer_L2.o)
                0x00002d10                Timer_L2_ReadCapture
 .text.Timer_L2_WriteCounter
                0x00002d1c        0xc .\CortexM3\ARM_GCC_541\Debug\ZumoBot_Tank.a(Timer_L2.o)
                0x00002d1c                Timer_L2_WriteCounter
 .text.Timer_L2_ReadCounter
                0x00002d28       0x14 .\CortexM3\ARM_GCC_541\Debug\ZumoBot_Tank.a(Timer_L2.o)
                0x00002d28                Timer_L2_ReadCounter
 .text.Timer_L2_ClearFIFO
                0x00002d3c       0x14 .\CortexM3\ARM_GCC_541\Debug\ZumoBot_Tank.a(Timer_L2.o)
                0x00002d3c                Timer_L2_ClearFIFO
 .text.Timer_L2_Init
                0x00002d50       0x34 .\CortexM3\ARM_GCC_541\Debug\ZumoBot_Tank.a(Timer_L2.o)
                0x00002d50                Timer_L2_Init
 .text.Timer_L2_Start
                0x00002d84       0x1c .\CortexM3\ARM_GCC_541\Debug\ZumoBot_Tank.a(Timer_L2.o)
                0x00002d84                Timer_L2_Start
 .text.L2_Write
                0x00002da0       0x18 .\CortexM3\ARM_GCC_541\Debug\ZumoBot_Tank.a(L2.o)
                0x00002da0                L2_Write
 .text.L2_SetDriveMode
                0x00002db8       0x18 .\CortexM3\ARM_GCC_541\Debug\ZumoBot_Tank.a(L2.o)
                0x00002db8                L2_SetDriveMode
 .text.R2_Write
                0x00002dd0       0x18 .\CortexM3\ARM_GCC_541\Debug\ZumoBot_Tank.a(R2.o)
                0x00002dd0                R2_Write
 .text.R2_SetDriveMode
                0x00002de8       0x18 .\CortexM3\ARM_GCC_541\Debug\ZumoBot_Tank.a(R2.o)
                0x00002de8                R2_SetDriveMode
 .text.Timer_Reset_Write
                0x00002e00        0xc .\CortexM3\ARM_GCC_541\Debug\ZumoBot_Tank.a(Timer_Reset.o)
                0x00002e00                Timer_Reset_Write
 .text.UART_2_Init
                0x00002e0c       0x28 .\CortexM3\ARM_GCC_541\Debug\ZumoBot_Tank.a(UART_2.o)
                0x00002e0c                UART_2_Init
 .text.UART_2_Enable
                0x00002e34       0x38 .\CortexM3\ARM_GCC_541\Debug\ZumoBot_Tank.a(UART_2.o)
                0x00002e34                UART_2_Enable
 .text.UART_2_Start
                0x00002e6c       0x1c .\CortexM3\ARM_GCC_541\Debug\ZumoBot_Tank.a(UART_2.o)
                0x00002e6c                UART_2_Start
 .text.StatisticsCounter_Enable
                0x00002e88       0x10 .\CortexM3\ARM_GCC_541\Debug\ZumoBot_Tank.a(StatisticsCounter.o)
                0x00002e88                StatisticsCounter_Enable
 .text.StatisticsCounter_SetInterruptMode
                0x00002e98        0xc .\CortexM3\ARM_GCC_541\Debug\ZumoBot_Tank.a(StatisticsCounter.o)
                0x00002e98                StatisticsCounter_SetInterruptMode
 .text.StatisticsCounter_ReadStatusRegister
                0x00002ea4        0xc .\CortexM3\ARM_GCC_541\Debug\ZumoBot_Tank.a(StatisticsCounter.o)
                0x00002ea4                StatisticsCounter_ReadStatusRegister
 .text.StatisticsCounter_WriteCounter
                0x00002eb0        0xc .\CortexM3\ARM_GCC_541\Debug\ZumoBot_Tank.a(StatisticsCounter.o)
                0x00002eb0                StatisticsCounter_WriteCounter
 .text.StatisticsCounter_ReadCounter
                0x00002ebc       0x14 .\CortexM3\ARM_GCC_541\Debug\ZumoBot_Tank.a(StatisticsCounter.o)
                0x00002ebc                StatisticsCounter_ReadCounter
 .text.StatisticsCounter_ReadCapture
                0x00002ed0        0xc .\CortexM3\ARM_GCC_541\Debug\ZumoBot_Tank.a(StatisticsCounter.o)
                0x00002ed0                StatisticsCounter_ReadCapture
 .text.StatisticsCounter_WritePeriod
                0x00002edc        0xc .\CortexM3\ARM_GCC_541\Debug\ZumoBot_Tank.a(StatisticsCounter.o)
                0x00002edc                StatisticsCounter_WritePeriod
 .text.StatisticsCounter_WriteCompare
                0x00002ee8        0xc .\CortexM3\ARM_GCC_541\Debug\ZumoBot_Tank.a(StatisticsCounter.o)
                0x00002ee8                StatisticsCounter_WriteCompare
 .text.StatisticsCounter_ClearFIFO
                0x00002ef4       0x14 .\CortexM3\ARM_GCC_541\Debug\ZumoBot_Tank.a(StatisticsCounter.o)
                0x00002ef4                StatisticsCounter_ClearFIFO
 .text.StatisticsCounter_Init
                0x00002f08       0x54 .\CortexM3\ARM_GCC_541\Debug\ZumoBot_Tank.a(StatisticsCounter.o)
                0x00002f08                StatisticsCounter_Init
 .text.StatisticsCounter_Start
                0x00002f5c       0x1c .\CortexM3\ARM_GCC_541\Debug\ZumoBot_Tank.a(StatisticsCounter.o)
                0x00002f5c                StatisticsCounter_Start
 .text.isr_U1_TX_SetVector
                0x00002f78        0xc .\CortexM3\ARM_GCC_541\Debug\ZumoBot_Tank.a(isr_U1_TX.o)
                0x00002f78                isr_U1_TX_SetVector
 .text.isr_U1_TX_SetPriority
                0x00002f84       0x10 .\CortexM3\ARM_GCC_541\Debug\ZumoBot_Tank.a(isr_U1_TX.o)
                0x00002f84                isr_U1_TX_SetPriority
 .text.isr_U1_TX_Enable
                0x00002f94        0xc .\CortexM3\ARM_GCC_541\Debug\ZumoBot_Tank.a(isr_U1_TX.o)
                0x00002f94                isr_U1_TX_Enable
 .text.isr_U1_TX_Disable
                0x00002fa0        0xc .\CortexM3\ARM_GCC_541\Debug\ZumoBot_Tank.a(isr_U1_TX.o)
                0x00002fa0                isr_U1_TX_Disable
 .text.isr_U1_TX_StartEx
                0x00002fac       0x1c .\CortexM3\ARM_GCC_541\Debug\ZumoBot_Tank.a(isr_U1_TX.o)
                0x00002fac                isr_U1_TX_StartEx
 .text.isr_U1_TX_ClearPending
                0x00002fc8        0xc .\CortexM3\ARM_GCC_541\Debug\ZumoBot_Tank.a(isr_U1_TX.o)
                0x00002fc8                isr_U1_TX_ClearPending
 .text.isr_U1_RX_SetVector
                0x00002fd4        0xc .\CortexM3\ARM_GCC_541\Debug\ZumoBot_Tank.a(isr_U1_RX.o)
                0x00002fd4                isr_U1_RX_SetVector
 .text.isr_U1_RX_SetPriority
                0x00002fe0       0x10 .\CortexM3\ARM_GCC_541\Debug\ZumoBot_Tank.a(isr_U1_RX.o)
                0x00002fe0                isr_U1_RX_SetPriority
 .text.isr_U1_RX_Enable
                0x00002ff0        0xc .\CortexM3\ARM_GCC_541\Debug\ZumoBot_Tank.a(isr_U1_RX.o)
                0x00002ff0                isr_U1_RX_Enable
 .text.isr_U1_RX_Disable
                0x00002ffc        0xc .\CortexM3\ARM_GCC_541\Debug\ZumoBot_Tank.a(isr_U1_RX.o)
                0x00002ffc                isr_U1_RX_Disable
 .text.isr_U1_RX_StartEx
                0x00003008       0x1c .\CortexM3\ARM_GCC_541\Debug\ZumoBot_Tank.a(isr_U1_RX.o)
                0x00003008                isr_U1_RX_StartEx
 .text.isr_U1_RX_ClearPending
                0x00003024        0xc .\CortexM3\ARM_GCC_541\Debug\ZumoBot_Tank.a(isr_U1_RX.o)
                0x00003024                isr_U1_RX_ClearPending
 .text.UART_1_IntClock_Start
                0x00003030       0x1c .\CortexM3\ARM_GCC_541\Debug\ZumoBot_Tank.a(UART_1_IntClock.o)
                0x00003030                UART_1_IntClock_Start
 .text.UART_2_IntClock_Start
                0x0000304c       0x1c .\CortexM3\ARM_GCC_541\Debug\ZumoBot_Tank.a(UART_2_IntClock.o)
                0x0000304c                UART_2_IntClock_Start
 .text.CyDelayUs
                0x00003068       0x14 .\CortexM3\ARM_GCC_541\Debug\ZumoBot_Tank.a(CyLib.o)
                0x00003068                CyDelayUs
 .text.CySetReg24
                0x0000307c       0x14 .\CortexM3\ARM_GCC_541\Debug\ZumoBot_Tank.a(cyutils.o)
                0x0000307c                CySetReg24
 .text          0x00003090       0x20 .\CortexM3\ARM_GCC_541\Debug\ZumoBot_Tank.a(CyBootAsmGnu.o)
                0x00003090                CyDelayCycles
                0x000030a0                CyEnterCriticalSection
                0x000030a8                CyExitCriticalSection
 .text          0x000030b0      0x370 c:/program files (x86)/cypress/psoc creator/4.2/psoc creator/import/gnu/arm/5.4.1/bin/../lib/gcc/arm-none-eabi/5.4.1/armv7-m\libgcc.a(_arm_addsubdf3.o)
                0x000030b0                __aeabi_drsub
                0x000030b8                __aeabi_dsub
                0x000030b8                __subdf3
                0x000030bc                __aeabi_dadd
                0x000030bc                __adddf3
                0x00003334                __floatunsidf
                0x00003334                __aeabi_ui2d
                0x00003354                __floatsidf
                0x00003354                __aeabi_i2d
                0x00003378                __aeabi_f2d
                0x00003378                __extendsfdf2
                0x000033b4                __floatundidf
                0x000033b4                __aeabi_ul2d
                0x000033c4                __floatdidf
                0x000033c4                __aeabi_l2d
 .text          0x00003420      0x424 c:/program files (x86)/cypress/psoc creator/4.2/psoc creator/import/gnu/arm/5.4.1/bin/../lib/gcc/arm-none-eabi/5.4.1/armv7-m\libgcc.a(_arm_muldivdf3.o)
                0x00003420                __aeabi_dmul
                0x00003420                __muldf3
                0x00003674                __divdf3
                0x00003674                __aeabi_ddiv
 .text          0x00003844      0x110 c:/program files (x86)/cypress/psoc creator/4.2/psoc creator/import/gnu/arm/5.4.1/bin/../lib/gcc/arm-none-eabi/5.4.1/armv7-m\libgcc.a(_arm_cmpdf2.o)
                0x00003844                __gtdf2
                0x00003844                __gedf2
                0x0000384c                __ltdf2
                0x0000384c                __ledf2
                0x00003854                __nedf2
                0x00003854                __eqdf2
                0x00003854                __cmpdf2
                0x000038d0                __aeabi_cdrcmple
                0x000038e0                __aeabi_cdcmpeq
                0x000038e0                __aeabi_cdcmple
                0x000038f0                __aeabi_dcmpeq
                0x00003904                __aeabi_dcmplt
                0x00003918                __aeabi_dcmple
                0x0000392c                __aeabi_dcmpge
                0x00003940                __aeabi_dcmpgt
 .text.__errno  0x00003954        0xc c:/program files (x86)/cypress/psoc creator/4.2/psoc creator/import/gnu/arm/5.4.1/bin/../lib/gcc/arm-none-eabi/5.4.1/../../../../arm-none-eabi/lib/armv7-m\libg.a(lib_a-errno.o)
                0x00003954                __errno
 .text.__sflush_r
                0x00003960      0x148 c:/program files (x86)/cypress/psoc creator/4.2/psoc creator/import/gnu/arm/5.4.1/bin/../lib/gcc/arm-none-eabi/5.4.1/../../../../arm-none-eabi/lib/armv7-m\libg.a(lib_a-fflush.o)
                0x00003960                __sflush_r
 .text._fflush_r
                0x00003aa8       0x2c c:/program files (x86)/cypress/psoc creator/4.2/psoc creator/import/gnu/arm/5.4.1/bin/../lib/gcc/arm-none-eabi/5.4.1/../../../../arm-none-eabi/lib/armv7-m\libg.a(lib_a-fflush.o)
                0x00003aa8                _fflush_r
 .text.fflush   0x00003ad4       0x24 c:/program files (x86)/cypress/psoc creator/4.2/psoc creator/import/gnu/arm/5.4.1/bin/../lib/gcc/arm-none-eabi/5.4.1/../../../../arm-none-eabi/lib/armv7-m\libg.a(lib_a-fflush.o)
                0x00003ad4                fflush
 .text._cleanup_r
                0x00003af8        0xc c:/program files (x86)/cypress/psoc creator/4.2/psoc creator/import/gnu/arm/5.4.1/bin/../lib/gcc/arm-none-eabi/5.4.1/../../../../arm-none-eabi/lib/armv7-m\libg.a(lib_a-findfp.o)
                0x00003af8                _cleanup_r
 .text.__sinit.part.1
                0x00003b04       0xf0 c:/program files (x86)/cypress/psoc creator/4.2/psoc creator/import/gnu/arm/5.4.1/bin/../lib/gcc/arm-none-eabi/5.4.1/../../../../arm-none-eabi/lib/armv7-m\libg.a(lib_a-findfp.o)
 .text.__sinit  0x00003bf4        0xc c:/program files (x86)/cypress/psoc creator/4.2/psoc creator/import/gnu/arm/5.4.1/bin/../lib/gcc/arm-none-eabi/5.4.1/../../../../arm-none-eabi/lib/armv7-m\libg.a(lib_a-findfp.o)
                0x00003bf4                __sinit
 .text.__sfp_lock_acquire
                0x00003c00        0x4 c:/program files (x86)/cypress/psoc creator/4.2/psoc creator/import/gnu/arm/5.4.1/bin/../lib/gcc/arm-none-eabi/5.4.1/../../../../arm-none-eabi/lib/armv7-m\libg.a(lib_a-findfp.o)
                0x00003c00                __sfp_lock_acquire
 .text.__sfp_lock_release
                0x00003c04        0x4 c:/program files (x86)/cypress/psoc creator/4.2/psoc creator/import/gnu/arm/5.4.1/bin/../lib/gcc/arm-none-eabi/5.4.1/../../../../arm-none-eabi/lib/armv7-m\libg.a(lib_a-findfp.o)
                0x00003c04                __sfp_lock_release
 .text._malloc_trim_r
                0x00003c08       0x9c c:/program files (x86)/cypress/psoc creator/4.2/psoc creator/import/gnu/arm/5.4.1/bin/../lib/gcc/arm-none-eabi/5.4.1/../../../../arm-none-eabi/lib/armv7-m\libg.a(lib_a-freer.o)
                0x00003c08                _malloc_trim_r
 .text._free_r  0x00003ca4      0x1d0 c:/program files (x86)/cypress/psoc creator/4.2/psoc creator/import/gnu/arm/5.4.1/bin/../lib/gcc/arm-none-eabi/5.4.1/../../../../arm-none-eabi/lib/armv7-m\libg.a(lib_a-freer.o)
                0x00003ca4                _free_r
 .text._fwalk_reent
                0x00003e74       0x50 c:/program files (x86)/cypress/psoc creator/4.2/psoc creator/import/gnu/arm/5.4.1/bin/../lib/gcc/arm-none-eabi/5.4.1/../../../../arm-none-eabi/lib/armv7-m\libg.a(lib_a-fwalk.o)
                0x00003e74                _fwalk_reent
 .text.__libc_init_array
                0x00003ec4       0x50 c:/program files (x86)/cypress/psoc creator/4.2/psoc creator/import/gnu/arm/5.4.1/bin/../lib/gcc/arm-none-eabi/5.4.1/../../../../arm-none-eabi/lib/armv7-m\libg.a(lib_a-init.o)
                0x00003ec4                __libc_init_array
 .text._malloc_r
                0x00003f14      0x558 c:/program files (x86)/cypress/psoc creator/4.2/psoc creator/import/gnu/arm/5.4.1/bin/../lib/gcc/arm-none-eabi/5.4.1/../../../../arm-none-eabi/lib/armv7-m\libg.a(lib_a-mallocr.o)
                0x00003f14                _malloc_r
 .text          0x0000446c       0xec c:/program files (x86)/cypress/psoc creator/4.2/psoc creator/import/gnu/arm/5.4.1/bin/../lib/gcc/arm-none-eabi/5.4.1/../../../../arm-none-eabi/lib/armv7-m\libg.a(lib_a-memcpy.o)
                0x0000446c                memcpy
 .text.memmove  0x00004558       0xc8 c:/program files (x86)/cypress/psoc creator/4.2/psoc creator/import/gnu/arm/5.4.1/bin/../lib/gcc/arm-none-eabi/5.4.1/../../../../arm-none-eabi/lib/armv7-m\libg.a(lib_a-memmove.o)
                0x00004558                memmove
 .text.memset   0x00004620       0x9c c:/program files (x86)/cypress/psoc creator/4.2/psoc creator/import/gnu/arm/5.4.1/bin/../lib/gcc/arm-none-eabi/5.4.1/../../../../arm-none-eabi/lib/armv7-m\libg.a(lib_a-memset.o)
                0x00004620                memset
 .text.__malloc_lock
                0x000046bc        0x4 c:/program files (x86)/cypress/psoc creator/4.2/psoc creator/import/gnu/arm/5.4.1/bin/../lib/gcc/arm-none-eabi/5.4.1/../../../../arm-none-eabi/lib/armv7-m\libg.a(lib_a-mlock.o)
                0x000046bc                __malloc_lock
 .text.__malloc_unlock
                0x000046c0        0x4 c:/program files (x86)/cypress/psoc creator/4.2/psoc creator/import/gnu/arm/5.4.1/bin/../lib/gcc/arm-none-eabi/5.4.1/../../../../arm-none-eabi/lib/armv7-m\libg.a(lib_a-mlock.o)
                0x000046c0                __malloc_unlock
 .text.printf   0x000046c4       0x28 c:/program files (x86)/cypress/psoc creator/4.2/psoc creator/import/gnu/arm/5.4.1/bin/../lib/gcc/arm-none-eabi/5.4.1/../../../../arm-none-eabi/lib/armv7-m\libg.a(lib_a-printf.o)
                0x000046c4                printf
 .text._puts_r  0x000046ec       0x68 c:/program files (x86)/cypress/psoc creator/4.2/psoc creator/import/gnu/arm/5.4.1/bin/../lib/gcc/arm-none-eabi/5.4.1/../../../../arm-none-eabi/lib/armv7-m\libg.a(lib_a-puts.o)
                0x000046ec                _puts_r
 .text.puts     0x00004754       0x10 c:/program files (x86)/cypress/psoc creator/4.2/psoc creator/import/gnu/arm/5.4.1/bin/../lib/gcc/arm-none-eabi/5.4.1/../../../../arm-none-eabi/lib/armv7-m\libg.a(lib_a-puts.o)
                0x00004754                puts
 .text.cleanup_glue
                0x00004764       0x1c c:/program files (x86)/cypress/psoc creator/4.2/psoc creator/import/gnu/arm/5.4.1/bin/../lib/gcc/arm-none-eabi/5.4.1/../../../../arm-none-eabi/lib/armv7-m\libg.a(lib_a-reent.o)
                0x00004764                cleanup_glue
 .text._reclaim_reent
                0x00004780       0x88 c:/program files (x86)/cypress/psoc creator/4.2/psoc creator/import/gnu/arm/5.4.1/bin/../lib/gcc/arm-none-eabi/5.4.1/../../../../arm-none-eabi/lib/armv7-m\libg.a(lib_a-reent.o)
                0x00004780                _reclaim_reent
 .text._sbrk_r  0x00004808       0x24 c:/program files (x86)/cypress/psoc creator/4.2/psoc creator/import/gnu/arm/5.4.1/bin/../lib/gcc/arm-none-eabi/5.4.1/../../../../arm-none-eabi/lib/armv7-m\libg.a(lib_a-sbrkr.o)
                0x00004808                _sbrk_r
 .text.__sread  0x0000482c       0x24 c:/program files (x86)/cypress/psoc creator/4.2/psoc creator/import/gnu/arm/5.4.1/bin/../lib/gcc/arm-none-eabi/5.4.1/../../../../arm-none-eabi/lib/armv7-m\libg.a(lib_a-stdio.o)
                0x0000482c                __sread
 .text.__swrite
                0x00004850       0x3c c:/program files (x86)/cypress/psoc creator/4.2/psoc creator/import/gnu/arm/5.4.1/bin/../lib/gcc/arm-none-eabi/5.4.1/../../../../arm-none-eabi/lib/armv7-m\libg.a(lib_a-stdio.o)
                0x00004850                __swrite
 .text.__sseek  0x0000488c       0x20 c:/program files (x86)/cypress/psoc creator/4.2/psoc creator/import/gnu/arm/5.4.1/bin/../lib/gcc/arm-none-eabi/5.4.1/../../../../arm-none-eabi/lib/armv7-m\libg.a(lib_a-stdio.o)
                0x0000488c                __sseek
 .text.__sclose
                0x000048ac        0x8 c:/program files (x86)/cypress/psoc creator/4.2/psoc creator/import/gnu/arm/5.4.1/bin/../lib/gcc/arm-none-eabi/5.4.1/../../../../arm-none-eabi/lib/armv7-m\libg.a(lib_a-stdio.o)
                0x000048ac                __sclose
 .text.strlen   0x000048b4       0x5c c:/program files (x86)/cypress/psoc creator/4.2/psoc creator/import/gnu/arm/5.4.1/bin/../lib/gcc/arm-none-eabi/5.4.1/../../../../arm-none-eabi/lib/armv7-m\libg.a(lib_a-strlen-stub.o)
                0x000048b4                strlen
 .text._vfprintf_r
                0x00004910     0x1788 c:/program files (x86)/cypress/psoc creator/4.2/psoc creator/import/gnu/arm/5.4.1/bin/../lib/gcc/arm-none-eabi/5.4.1/../../../../arm-none-eabi/lib/armv7-m\libg.a(lib_a-vfprintf.o)
                0x00004910                _vfprintf_r
 .text.__sbprintf
                0x00006098       0x6c c:/program files (x86)/cypress/psoc creator/4.2/psoc creator/import/gnu/arm/5.4.1/bin/../lib/gcc/arm-none-eabi/5.4.1/../../../../arm-none-eabi/lib/armv7-m\libg.a(lib_a-vfprintf.o)
 .text._write_r
                0x00006104       0x2c c:/program files (x86)/cypress/psoc creator/4.2/psoc creator/import/gnu/arm/5.4.1/bin/../lib/gcc/arm-none-eabi/5.4.1/../../../../arm-none-eabi/lib/armv7-m\libg.a(lib_a-writer.o)
                0x00006104                _write_r
 .text.__swsetup_r
                0x00006130       0xc8 c:/program files (x86)/cypress/psoc creator/4.2/psoc creator/import/gnu/arm/5.4.1/bin/../lib/gcc/arm-none-eabi/5.4.1/../../../../arm-none-eabi/lib/armv7-m\libg.a(lib_a-wsetup.o)
                0x00006130                __swsetup_r
 .text.startup.register_fini
                0x000061f8       0x14 c:/program files (x86)/cypress/psoc creator/4.2/psoc creator/import/gnu/arm/5.4.1/bin/../lib/gcc/arm-none-eabi/5.4.1/../../../../arm-none-eabi/lib/armv7-m\libg.a(lib_a-__call_atexit.o)
 .text.atexit   0x0000620c        0xc c:/program files (x86)/cypress/psoc creator/4.2/psoc creator/import/gnu/arm/5.4.1/bin/../lib/gcc/arm-none-eabi/5.4.1/../../../../arm-none-eabi/lib/armv7-m\libg.a(lib_a-atexit.o)
                0x0000620c                atexit
 .text._close_r
                0x00006218       0x24 c:/program files (x86)/cypress/psoc creator/4.2/psoc creator/import/gnu/arm/5.4.1/bin/../lib/gcc/arm-none-eabi/5.4.1/../../../../arm-none-eabi/lib/armv7-m\libg.a(lib_a-closer.o)
                0x00006218                _close_r
 .text.quorem   0x0000623c      0x12c c:/program files (x86)/cypress/psoc creator/4.2/psoc creator/import/gnu/arm/5.4.1/bin/../lib/gcc/arm-none-eabi/5.4.1/../../../../arm-none-eabi/lib/armv7-m\libg.a(lib_a-dtoa.o)
 .text._dtoa_r  0x00006368      0xe4c c:/program files (x86)/cypress/psoc creator/4.2/psoc creator/import/gnu/arm/5.4.1/bin/../lib/gcc/arm-none-eabi/5.4.1/../../../../arm-none-eabi/lib/armv7-m\libg.a(lib_a-dtoa.o)
                0x00006368                _dtoa_r
 .text._fclose_r
                0x000071b4       0x84 c:/program files (x86)/cypress/psoc creator/4.2/psoc creator/import/gnu/arm/5.4.1/bin/../lib/gcc/arm-none-eabi/5.4.1/../../../../arm-none-eabi/lib/armv7-m\libg.a(lib_a-fclose.o)
                0x000071b4                _fclose_r
 .text.__libc_fini_array
                0x00007238       0x28 c:/program files (x86)/cypress/psoc creator/4.2/psoc creator/import/gnu/arm/5.4.1/bin/../lib/gcc/arm-none-eabi/5.4.1/../../../../arm-none-eabi/lib/armv7-m\libg.a(lib_a-fini.o)
                0x00007238                __libc_fini_array
 .text.__sfvwrite_r
                0x00007260      0x308 c:/program files (x86)/cypress/psoc creator/4.2/psoc creator/import/gnu/arm/5.4.1/bin/../lib/gcc/arm-none-eabi/5.4.1/../../../../arm-none-eabi/lib/armv7-m\libg.a(lib_a-fvwrite.o)
                0x00007260                __sfvwrite_r
 .text.__locale_charset
                0x00007568        0x8 c:/program files (x86)/cypress/psoc creator/4.2/psoc creator/import/gnu/arm/5.4.1/bin/../lib/gcc/arm-none-eabi/5.4.1/../../../../arm-none-eabi/lib/armv7-m\libg.a(lib_a-locale.o)
                0x00007568                __locale_charset
 .text.__locale_mb_cur_max
                0x00007570        0xc c:/program files (x86)/cypress/psoc creator/4.2/psoc creator/import/gnu/arm/5.4.1/bin/../lib/gcc/arm-none-eabi/5.4.1/../../../../arm-none-eabi/lib/armv7-m\libg.a(lib_a-locale.o)
                0x00007570                __locale_mb_cur_max
 .text._localeconv_r
                0x0000757c        0x8 c:/program files (x86)/cypress/psoc creator/4.2/psoc creator/import/gnu/arm/5.4.1/bin/../lib/gcc/arm-none-eabi/5.4.1/../../../../arm-none-eabi/lib/armv7-m\libg.a(lib_a-locale.o)
                0x0000757c                _localeconv_r
 .text._lseek_r
                0x00007584       0x2c c:/program files (x86)/cypress/psoc creator/4.2/psoc creator/import/gnu/arm/5.4.1/bin/../lib/gcc/arm-none-eabi/5.4.1/../../../../arm-none-eabi/lib/armv7-m\libg.a(lib_a-lseekr.o)
                0x00007584                _lseek_r
 .text.__swhatbuf_r
                0x000075b0       0x60 c:/program files (x86)/cypress/psoc creator/4.2/psoc creator/import/gnu/arm/5.4.1/bin/../lib/gcc/arm-none-eabi/5.4.1/../../../../arm-none-eabi/lib/armv7-m\libg.a(lib_a-makebuf.o)
                0x000075b0                __swhatbuf_r
 .text.__smakebuf_r
                0x00007610       0x88 c:/program files (x86)/cypress/psoc creator/4.2/psoc creator/import/gnu/arm/5.4.1/bin/../lib/gcc/arm-none-eabi/5.4.1/../../../../arm-none-eabi/lib/armv7-m\libg.a(lib_a-makebuf.o)
                0x00007610                __smakebuf_r
 .text.memchr   0x00007698       0x8c c:/program files (x86)/cypress/psoc creator/4.2/psoc creator/import/gnu/arm/5.4.1/bin/../lib/gcc/arm-none-eabi/5.4.1/../../../../arm-none-eabi/lib/armv7-m\libg.a(lib_a-memchr-stub.o)
                0x00007698                memchr
 .text._Balloc  0x00007724       0x50 c:/program files (x86)/cypress/psoc creator/4.2/psoc creator/import/gnu/arm/5.4.1/bin/../lib/gcc/arm-none-eabi/5.4.1/../../../../arm-none-eabi/lib/armv7-m\libg.a(lib_a-mprec.o)
                0x00007724                _Balloc
 .text._Bfree   0x00007774       0x14 c:/program files (x86)/cypress/psoc creator/4.2/psoc creator/import/gnu/arm/5.4.1/bin/../lib/gcc/arm-none-eabi/5.4.1/../../../../arm-none-eabi/lib/armv7-m\libg.a(lib_a-mprec.o)
                0x00007774                _Bfree
 .text.__multadd
                0x00007788       0x80 c:/program files (x86)/cypress/psoc creator/4.2/psoc creator/import/gnu/arm/5.4.1/bin/../lib/gcc/arm-none-eabi/5.4.1/../../../../arm-none-eabi/lib/armv7-m\libg.a(lib_a-mprec.o)
                0x00007788                __multadd
 .text.__hi0bits
                0x00007808       0x40 c:/program files (x86)/cypress/psoc creator/4.2/psoc creator/import/gnu/arm/5.4.1/bin/../lib/gcc/arm-none-eabi/5.4.1/../../../../arm-none-eabi/lib/armv7-m\libg.a(lib_a-mprec.o)
                0x00007808                __hi0bits
 .text.__lo0bits
                0x00007848       0x5c c:/program files (x86)/cypress/psoc creator/4.2/psoc creator/import/gnu/arm/5.4.1/bin/../lib/gcc/arm-none-eabi/5.4.1/../../../../arm-none-eabi/lib/armv7-m\libg.a(lib_a-mprec.o)
                0x00007848                __lo0bits
 .text.__i2b    0x000078a4       0x14 c:/program files (x86)/cypress/psoc creator/4.2/psoc creator/import/gnu/arm/5.4.1/bin/../lib/gcc/arm-none-eabi/5.4.1/../../../../arm-none-eabi/lib/armv7-m\libg.a(lib_a-mprec.o)
                0x000078a4                __i2b
 .text.__multiply
                0x000078b8      0x13c c:/program files (x86)/cypress/psoc creator/4.2/psoc creator/import/gnu/arm/5.4.1/bin/../lib/gcc/arm-none-eabi/5.4.1/../../../../arm-none-eabi/lib/armv7-m\libg.a(lib_a-mprec.o)
                0x000078b8                __multiply
 .text.__pow5mult
                0x000079f4       0xa0 c:/program files (x86)/cypress/psoc creator/4.2/psoc creator/import/gnu/arm/5.4.1/bin/../lib/gcc/arm-none-eabi/5.4.1/../../../../arm-none-eabi/lib/armv7-m\libg.a(lib_a-mprec.o)
                0x000079f4                __pow5mult
 .text.__lshift
                0x00007a94       0xac c:/program files (x86)/cypress/psoc creator/4.2/psoc creator/import/gnu/arm/5.4.1/bin/../lib/gcc/arm-none-eabi/5.4.1/../../../../arm-none-eabi/lib/armv7-m\libg.a(lib_a-mprec.o)
                0x00007a94                __lshift
 .text.__mcmp   0x00007b40       0x40 c:/program files (x86)/cypress/psoc creator/4.2/psoc creator/import/gnu/arm/5.4.1/bin/../lib/gcc/arm-none-eabi/5.4.1/../../../../arm-none-eabi/lib/armv7-m\libg.a(lib_a-mprec.o)
                0x00007b40                __mcmp
 .text.__mdiff  0x00007b80      0x128 c:/program files (x86)/cypress/psoc creator/4.2/psoc creator/import/gnu/arm/5.4.1/bin/../lib/gcc/arm-none-eabi/5.4.1/../../../../arm-none-eabi/lib/armv7-m\libg.a(lib_a-mprec.o)
                0x00007b80                __mdiff
 .text.__d2b    0x00007ca8       0xa8 c:/program files (x86)/cypress/psoc creator/4.2/psoc creator/import/gnu/arm/5.4.1/bin/../lib/gcc/arm-none-eabi/5.4.1/../../../../arm-none-eabi/lib/armv7-m\libg.a(lib_a-mprec.o)
                0x00007ca8                __d2b
 .text._read_r  0x00007d50       0x2c c:/program files (x86)/cypress/psoc creator/4.2/psoc creator/import/gnu/arm/5.4.1/bin/../lib/gcc/arm-none-eabi/5.4.1/../../../../arm-none-eabi/lib/armv7-m\libg.a(lib_a-readr.o)
                0x00007d50                _read_r
 .text._realloc_r
                0x00007d7c      0x3d4 c:/program files (x86)/cypress/psoc creator/4.2/psoc creator/import/gnu/arm/5.4.1/bin/../lib/gcc/arm-none-eabi/5.4.1/../../../../arm-none-eabi/lib/armv7-m\libg.a(lib_a-reallocr.o)
                0x00007d7c                _realloc_r
 .text.__sprint_r.part.0
                0x00008150       0x78 c:/program files (x86)/cypress/psoc creator/4.2/psoc creator/import/gnu/arm/5.4.1/bin/../lib/gcc/arm-none-eabi/5.4.1/../../../../arm-none-eabi/lib/armv7-m\libg.a(lib_a-vfiprintf.o)
 .text.__sprint_r
                0x000081c8       0x14 c:/program files (x86)/cypress/psoc creator/4.2/psoc creator/import/gnu/arm/5.4.1/bin/../lib/gcc/arm-none-eabi/5.4.1/../../../../arm-none-eabi/lib/armv7-m\libg.a(lib_a-vfiprintf.o)
                0x000081c8                __sprint_r
 .text.__register_exitproc
                0x000081dc       0xa4 c:/program files (x86)/cypress/psoc creator/4.2/psoc creator/import/gnu/arm/5.4.1/bin/../lib/gcc/arm-none-eabi/5.4.1/../../../../arm-none-eabi/lib/armv7-m\libg.a(lib_a-__atexit.o)
                0x000081dc                __register_exitproc
 .text._calloc_r
                0x00008280       0x60 c:/program files (x86)/cypress/psoc creator/4.2/psoc creator/import/gnu/arm/5.4.1/bin/../lib/gcc/arm-none-eabi/5.4.1/../../../../arm-none-eabi/lib/armv7-m\libg.a(lib_a-callocr.o)
                0x00008280                _calloc_r
 .text.__fputwc
                0x000082e0       0x94 c:/program files (x86)/cypress/psoc creator/4.2/psoc creator/import/gnu/arm/5.4.1/bin/../lib/gcc/arm-none-eabi/5.4.1/../../../../arm-none-eabi/lib/armv7-m\libg.a(lib_a-fputwc.o)
                0x000082e0                __fputwc
 .text._fputwc_r
                0x00008374       0x24 c:/program files (x86)/cypress/psoc creator/4.2/psoc creator/import/gnu/arm/5.4.1/bin/../lib/gcc/arm-none-eabi/5.4.1/../../../../arm-none-eabi/lib/armv7-m\libg.a(lib_a-fputwc.o)
                0x00008374                _fputwc_r
 .text._fstat_r
                0x00008398       0x28 c:/program files (x86)/cypress/psoc creator/4.2/psoc creator/import/gnu/arm/5.4.1/bin/../lib/gcc/arm-none-eabi/5.4.1/../../../../arm-none-eabi/lib/armv7-m\libg.a(lib_a-fstatr.o)
                0x00008398                _fstat_r
 .text._isatty_r
                0x000083c0       0x24 c:/program files (x86)/cypress/psoc creator/4.2/psoc creator/import/gnu/arm/5.4.1/bin/../lib/gcc/arm-none-eabi/5.4.1/../../../../arm-none-eabi/lib/armv7-m\libg.a(lib_a-isattyr.o)
                0x000083c0                _isatty_r
 .text.__swbuf_r
                0x000083e4       0xac c:/program files (x86)/cypress/psoc creator/4.2/psoc creator/import/gnu/arm/5.4.1/bin/../lib/gcc/arm-none-eabi/5.4.1/../../../../arm-none-eabi/lib/armv7-m\libg.a(lib_a-wbuf.o)
                0x000083e4                __swbuf_r
 .text._wcrtomb_r
                0x00008490       0x54 c:/program files (x86)/cypress/psoc creator/4.2/psoc creator/import/gnu/arm/5.4.1/bin/../lib/gcc/arm-none-eabi/5.4.1/../../../../arm-none-eabi/lib/armv7-m\libg.a(lib_a-wcrtomb.o)
                0x00008490                _wcrtomb_r
 .text.__ascii_wctomb
                0x000084e4       0x1c c:/program files (x86)/cypress/psoc creator/4.2/psoc creator/import/gnu/arm/5.4.1/bin/../lib/gcc/arm-none-eabi/5.4.1/../../../../arm-none-eabi/lib/armv7-m\libg.a(lib_a-wctomb_r.o)
                0x000084e4                __ascii_wctomb
 .text          0x00008500       0x2c c:/program files (x86)/cypress/psoc creator/4.2/psoc creator/import/gnu/arm/5.4.1/bin/../lib/gcc/arm-none-eabi/5.4.1/armv7-m\libgcc.a(_arm_unorddf2.o)
                0x00008500                __unorddf2
                0x00008500                __aeabi_dcmpun
 .text          0x0000852c       0x50 c:/program files (x86)/cypress/psoc creator/4.2/psoc creator/import/gnu/arm/5.4.1/bin/../lib/gcc/arm-none-eabi/5.4.1/armv7-m\libgcc.a(_arm_fixdfsi.o)
                0x0000852c                __aeabi_d2iz
                0x0000852c                __fixdfsi
 .text          0x0000857c       0x30 c:/program files (x86)/cypress/psoc creator/4.2/psoc creator/import/gnu/arm/5.4.1/bin/../lib/gcc/arm-none-eabi/5.4.1/armv7-m\libgcc.a(_aeabi_uldivmod.o)
                0x0000857c                __aeabi_uldivmod
 .text          0x000085ac      0x2ec c:/program files (x86)/cypress/psoc creator/4.2/psoc creator/import/gnu/arm/5.4.1/bin/../lib/gcc/arm-none-eabi/5.4.1/armv7-m\libgcc.a(_udivmoddi4.o)
                0x000085ac                __udivmoddi4
 .text          0x00008898        0x4 c:/program files (x86)/cypress/psoc creator/4.2/psoc creator/import/gnu/arm/5.4.1/bin/../lib/gcc/arm-none-eabi/5.4.1/armv7-m\libgcc.a(_dvmd_tls.o)
                0x00008898                __aeabi_idiv0
                0x00008898                __aeabi_ldiv0
 .text._close   0x0000889c       0x10 c:/program files (x86)/cypress/psoc creator/4.2/psoc creator/import/gnu/arm/5.4.1/bin/../lib/gcc/arm-none-eabi/5.4.1/../../../../arm-none-eabi/lib/armv7-m\libnosys.a(close.o)
                0x0000889c                _close
 .text._fstat   0x000088ac       0x10 c:/program files (x86)/cypress/psoc creator/4.2/psoc creator/import/gnu/arm/5.4.1/bin/../lib/gcc/arm-none-eabi/5.4.1/../../../../arm-none-eabi/lib/armv7-m\libnosys.a(fstat.o)
                0x000088ac                _fstat
 .text._isatty  0x000088bc       0x10 c:/program files (x86)/cypress/psoc creator/4.2/psoc creator/import/gnu/arm/5.4.1/bin/../lib/gcc/arm-none-eabi/5.4.1/../../../../arm-none-eabi/lib/armv7-m\libnosys.a(isatty.o)
                0x000088bc                _isatty
 .text._lseek   0x000088cc       0x10 c:/program files (x86)/cypress/psoc creator/4.2/psoc creator/import/gnu/arm/5.4.1/bin/../lib/gcc/arm-none-eabi/5.4.1/../../../../arm-none-eabi/lib/armv7-m\libnosys.a(lseek.o)
                0x000088cc                _lseek
 *(.plt)
 *(.gnu.warning)
 *(.glue_7t)
 .glue_7t       0x000088dc        0x0 linker stubs
 *(.glue_7)
 .glue_7        0x000088dc        0x0 linker stubs
 *(.vfp11_veneer)
 .vfp11_veneer  0x000088dc        0x0 linker stubs
 *(.bootloader)
 *(.ARM.extab* .gnu.linkonce.armextab.*)
 *(.gcc_except_table)

.v4_bx          0x000088dc        0x0
 .v4_bx         0x000088dc        0x0 linker stubs

.iplt           0x000088dc        0x0
 .iplt          0x000088dc        0x0 c:/program files (x86)/cypress/psoc creator/4.2/psoc creator/import/gnu/arm/5.4.1/bin/../lib/gcc/arm-none-eabi/5.4.1/armv7-m/crtbegin.o

.eh_frame_hdr
 *(.eh_frame_hdr)

.eh_frame       0x000088dc        0x4
 *(.eh_frame)
 .eh_frame      0x000088dc        0x0 c:/program files (x86)/cypress/psoc creator/4.2/psoc creator/import/gnu/arm/5.4.1/bin/../lib/gcc/arm-none-eabi/5.4.1/armv7-m/crtbegin.o
 .eh_frame      0x000088dc        0x4 c:/program files (x86)/cypress/psoc creator/4.2/psoc creator/import/gnu/arm/5.4.1/bin/../lib/gcc/arm-none-eabi/5.4.1/armv7-m/crtend.o
                [!provide]                PROVIDE (__exidx_start, .)

.ARM.exidx      0x000088e0        0x8
 *(.ARM.exidx* .gnu.linkonce.armexidx.*)
 .ARM.exidx     0x000088e0        0x8 c:/program files (x86)/cypress/psoc creator/4.2/psoc creator/import/gnu/arm/5.4.1/bin/../lib/gcc/arm-none-eabi/5.4.1/armv7-m\libgcc.a(_udivmoddi4.o)
                0x000088e8                __exidx_end = .

.rodata         0x000088e8      0x2b8
 *(.rodata .rodata.* .gnu.linkonce.r.*)
 .rodata.str1.4
                0x000088e8       0x21 .\CortexM3\ARM_GCC_541\Debug\rtos_main.o
 *fill*         0x00008909        0x3 
 .rodata.str1.4
                0x0000890c        0xc .\CortexM3\ARM_GCC_541\Debug\Reflectance.o
 .rodata.str1.4
                0x00008918       0x34 .\CortexM3\ARM_GCC_541\Debug\tasks.o
 .rodata.str1.4
                0x0000894c       0x2f .\CortexM3\ARM_GCC_541\Debug\main.o
 *fill*         0x0000897b        0x1 
 .rodata        0x0000897c       0x60 .\CortexM3\ARM_GCC_541\Debug\cyfitter_cfg.o
 .rodata.str1.4
                0x000089dc        0x2 c:/program files (x86)/cypress/psoc creator/4.2/psoc creator/import/gnu/arm/5.4.1/bin/../lib/gcc/arm-none-eabi/5.4.1/../../../../arm-none-eabi/lib/armv7-m\libg.a(lib_a-impure.o)
 .rodata._global_impure_ptr
                0x000089dc        0x4 c:/program files (x86)/cypress/psoc creator/4.2/psoc creator/import/gnu/arm/5.4.1/bin/../lib/gcc/arm-none-eabi/5.4.1/../../../../arm-none-eabi/lib/armv7-m\libg.a(lib_a-impure.o)
                0x000089dc                _global_impure_ptr
 .rodata.str1.4
                0x000089e0        0x2 c:/program files (x86)/cypress/psoc creator/4.2/psoc creator/import/gnu/arm/5.4.1/bin/../lib/gcc/arm-none-eabi/5.4.1/../../../../arm-none-eabi/lib/armv7-m\libg.a(lib_a-puts.o)
 *fill*         0x000089e2        0x2 
 .rodata.blanks.7070
                0x000089e4       0x10 c:/program files (x86)/cypress/psoc creator/4.2/psoc creator/import/gnu/arm/5.4.1/bin/../lib/gcc/arm-none-eabi/5.4.1/../../../../arm-none-eabi/lib/armv7-m\libg.a(lib_a-vfprintf.o)
 .rodata.str1.4
                0x000089f4       0x42 c:/program files (x86)/cypress/psoc creator/4.2/psoc creator/import/gnu/arm/5.4.1/bin/../lib/gcc/arm-none-eabi/5.4.1/../../../../arm-none-eabi/lib/armv7-m\libg.a(lib_a-vfprintf.o)
 *fill*         0x00008a36        0x2 
 .rodata.zeroes.7071
                0x00008a38       0x10 c:/program files (x86)/cypress/psoc creator/4.2/psoc creator/import/gnu/arm/5.4.1/bin/../lib/gcc/arm-none-eabi/5.4.1/../../../../arm-none-eabi/lib/armv7-m\libg.a(lib_a-vfprintf.o)
 .rodata.str1.4
                0x00008a48       0x10 c:/program files (x86)/cypress/psoc creator/4.2/psoc creator/import/gnu/arm/5.4.1/bin/../lib/gcc/arm-none-eabi/5.4.1/../../../../arm-none-eabi/lib/armv7-m\libg.a(lib_a-dtoa.o)
                                 0x12 (size before relaxing)
 .rodata.str1.4
                0x00008a58        0xc c:/program files (x86)/cypress/psoc creator/4.2/psoc creator/import/gnu/arm/5.4.1/bin/../lib/gcc/arm-none-eabi/5.4.1/../../../../arm-none-eabi/lib/armv7-m\libg.a(lib_a-locale.o)
                                 0x12 (size before relaxing)
 *fill*         0x00008a64        0x4 
 .rodata.__mprec_tens
                0x00008a68       0xc8 c:/program files (x86)/cypress/psoc creator/4.2/psoc creator/import/gnu/arm/5.4.1/bin/../lib/gcc/arm-none-eabi/5.4.1/../../../../arm-none-eabi/lib/armv7-m\libg.a(lib_a-mprec.o)
                0x00008a68                __mprec_tens
 .rodata.__mprec_bigtens
                0x00008b30       0x28 c:/program files (x86)/cypress/psoc creator/4.2/psoc creator/import/gnu/arm/5.4.1/bin/../lib/gcc/arm-none-eabi/5.4.1/../../../../arm-none-eabi/lib/armv7-m\libg.a(lib_a-mprec.o)
                0x00008b30                __mprec_bigtens
 .rodata.p05.5396
                0x00008b58        0xc c:/program files (x86)/cypress/psoc creator/4.2/psoc creator/import/gnu/arm/5.4.1/bin/../lib/gcc/arm-none-eabi/5.4.1/../../../../arm-none-eabi/lib/armv7-m\libg.a(lib_a-mprec.o)
                0x00008b64                . = ALIGN (0x4)
 *(.init)
 .init          0x00008b64        0x4 c:/program files (x86)/cypress/psoc creator/4.2/psoc creator/import/gnu/arm/5.4.1/bin/../lib/gcc/arm-none-eabi/5.4.1/armv7-m/crti.o
                0x00008b64                _init
 .init          0x00008b68        0x8 c:/program files (x86)/cypress/psoc creator/4.2/psoc creator/import/gnu/arm/5.4.1/bin/../lib/gcc/arm-none-eabi/5.4.1/armv7-m/crtn.o
                0x00008b70                . = ALIGN (0x4)
                0x00008b70                __preinit_array_start = .
 *(.preinit_array)
                0x00008b70                __preinit_array_end = .
                0x00008b70                . = ALIGN (0x4)
                0x00008b70                __init_array_start = .
 *(SORT(.init_array.*))
 .init_array.00000
                0x00008b70        0x4 c:/program files (x86)/cypress/psoc creator/4.2/psoc creator/import/gnu/arm/5.4.1/bin/../lib/gcc/arm-none-eabi/5.4.1/../../../../arm-none-eabi/lib/armv7-m\libg.a(lib_a-__call_atexit.o)
 *(.init_array)
 .init_array    0x00008b74        0x4 c:/program files (x86)/cypress/psoc creator/4.2/psoc creator/import/gnu/arm/5.4.1/bin/../lib/gcc/arm-none-eabi/5.4.1/armv7-m/crtbegin.o
 .init_array    0x00008b78        0x4 .\CortexM3\ARM_GCC_541\Debug\Cm3Start.o
                0x00008b7c                __init_array_end = .
                0x00008b7c                . = ALIGN (0x4)
 *(.fini)
 .fini          0x00008b7c        0x4 c:/program files (x86)/cypress/psoc creator/4.2/psoc creator/import/gnu/arm/5.4.1/bin/../lib/gcc/arm-none-eabi/5.4.1/armv7-m/crti.o
                0x00008b7c                _fini
 .fini          0x00008b80        0x8 c:/program files (x86)/cypress/psoc creator/4.2/psoc creator/import/gnu/arm/5.4.1/bin/../lib/gcc/arm-none-eabi/5.4.1/armv7-m/crtn.o
                0x00008b88                . = ALIGN (0x4)
                0x00008b88                __fini_array_start = .
 *(.fini_array)
 .fini_array    0x00008b88        0x4 c:/program files (x86)/cypress/psoc creator/4.2/psoc creator/import/gnu/arm/5.4.1/bin/../lib/gcc/arm-none-eabi/5.4.1/armv7-m/crtbegin.o
 *(SORT(.fini_array.*))
                0x00008b8c                __fini_array_end = .
                0x00008b8c                . = ALIGN (0x4)
 *crtbegin.o(.ctors)
 *(EXCLUDE_FILE(*crtend.o) .ctors)
 *(SORT(.ctors.*))
 *crtend.o(.ctors)
                0x00008b8c                . = ALIGN (0x4)
 *crtbegin.o(.dtors)
 *(EXCLUDE_FILE(*crtend.o) .dtors)
 *(SORT(.dtors.*))
 *crtend.o(.dtors)
                0x00008b8c                . = ALIGN (0x4)
                0x00008b8c                __cy_regions = .
                0x00008b8c        0x4 LONG 0x8ba0 __cy_region_init_ram
                0x00008b90        0x4 LONG 0x1fff80c8 __cy_region_start_data
                0x00008b94        0x4 LONG 0x8d0 __cy_region_init_size_ram
                0x00008b98        0x4 LONG 0xa098 __cy_region_zero_size_ram
                0x00008b9c                __cy_regions_end = .
                0x00008ba0                . = ALIGN (0x8)
 *fill*         0x00008b9c        0x4 
                0x00008ba0                _etext = .

.cy_checksum_exclude
                0x00008ba0        0x0
 *(.cy_checksum_exclude)

.ramvectors     0x1fff8000       0xc0
                0x1fff8000                __cy_region_start_ram = .
 *(.ramvectors)
 .ramvectors    0x1fff8000       0xc0 .\CortexM3\ARM_GCC_541\Debug\Cm3Start.o
                0x1fff8000                CyRamVectors

.noinit         0x1fff80c0        0x1
 *(.noinit)
 .noinit        0x1fff80c0        0x1 .\CortexM3\ARM_GCC_541\Debug\ZumoBot_Tank.a(CyLib.o)
                0x1fff80c0                CyResetStatus

.data           0x1fff80c8      0x8d0 load address 0x00008ba0
                0x1fff80c8                __cy_region_start_data = .
 *(.jcr)
 .jcr           0x1fff80c8        0x0 c:/program files (x86)/cypress/psoc creator/4.2/psoc creator/import/gnu/arm/5.4.1/bin/../lib/gcc/arm-none-eabi/5.4.1/armv7-m/crtbegin.o
 .jcr           0x1fff80c8        0x4 c:/program files (x86)/cypress/psoc creator/4.2/psoc creator/import/gnu/arm/5.4.1/bin/../lib/gcc/arm-none-eabi/5.4.1/armv7-m/crtend.o
 *(.got.plt)
 *(.got)
 *(.shdata)
 *(.data .data.* .gnu.linkonce.d.*)
 .data          0x1fff80cc        0xc .\CortexM3\ARM_GCC_541\Debug\Reflectance.o
 .data          0x1fff80d8        0x4 .\CortexM3\ARM_GCC_541\Debug\port.o
 .data          0x1fff80dc        0x4 .\CortexM3\ARM_GCC_541\Debug\heap_2.o
 .data          0x1fff80e0        0x4 .\CortexM3\ARM_GCC_541\Debug\Cm3Start.o
 .data          0x1fff80e4       0x10 .\CortexM3\ARM_GCC_541\Debug\ZumoBot_Tank.a(CyLib.o)
                0x1fff80e4                cydelay_32k_ms
                0x1fff80e8                cydelay_freq_khz
                0x1fff80ec                cydelay_freq_mhz
                0x1fff80f0                cydelay_freq_hz
 *fill*         0x1fff80f4        0x4 
 .data.impure_data
                0x1fff80f8      0x428 c:/program files (x86)/cypress/psoc creator/4.2/psoc creator/import/gnu/arm/5.4.1/bin/../lib/gcc/arm-none-eabi/5.4.1/../../../../arm-none-eabi/lib/armv7-m\libg.a(lib_a-impure.o)
 .data._impure_ptr
                0x1fff8520        0x4 c:/program files (x86)/cypress/psoc creator/4.2/psoc creator/import/gnu/arm/5.4.1/bin/../lib/gcc/arm-none-eabi/5.4.1/../../../../arm-none-eabi/lib/armv7-m\libg.a(lib_a-impure.o)
                0x1fff8520                _impure_ptr
 .data.__malloc_av_
                0x1fff8524      0x408 c:/program files (x86)/cypress/psoc creator/4.2/psoc creator/import/gnu/arm/5.4.1/bin/../lib/gcc/arm-none-eabi/5.4.1/../../../../arm-none-eabi/lib/armv7-m\libg.a(lib_a-mallocr.o)
                0x1fff8524                __malloc_av_
 .data.__malloc_trim_threshold
                0x1fff892c        0x4 c:/program files (x86)/cypress/psoc creator/4.2/psoc creator/import/gnu/arm/5.4.1/bin/../lib/gcc/arm-none-eabi/5.4.1/../../../../arm-none-eabi/lib/armv7-m\libg.a(lib_a-mallocr.o)
                0x1fff892c                __malloc_trim_threshold
 .data.__malloc_sbrk_base
                0x1fff8930        0x4 c:/program files (x86)/cypress/psoc creator/4.2/psoc creator/import/gnu/arm/5.4.1/bin/../lib/gcc/arm-none-eabi/5.4.1/../../../../arm-none-eabi/lib/armv7-m\libg.a(lib_a-mallocr.o)
                0x1fff8930                __malloc_sbrk_base
 .data.lconv    0x1fff8934       0x38 c:/program files (x86)/cypress/psoc creator/4.2/psoc creator/import/gnu/arm/5.4.1/bin/../lib/gcc/arm-none-eabi/5.4.1/../../../../arm-none-eabi/lib/armv7-m\libg.a(lib_a-locale.o)
 .data.lc_ctype_charset
                0x1fff896c       0x20 c:/program files (x86)/cypress/psoc creator/4.2/psoc creator/import/gnu/arm/5.4.1/bin/../lib/gcc/arm-none-eabi/5.4.1/../../../../arm-none-eabi/lib/armv7-m\libg.a(lib_a-locale.o)
 .data.__mb_cur_max
                0x1fff898c        0x4 c:/program files (x86)/cypress/psoc creator/4.2/psoc creator/import/gnu/arm/5.4.1/bin/../lib/gcc/arm-none-eabi/5.4.1/../../../../arm-none-eabi/lib/armv7-m\libg.a(lib_a-locale.o)
                0x1fff898c                __mb_cur_max
 .data.__wctomb
                0x1fff8990        0x4 c:/program files (x86)/cypress/psoc creator/4.2/psoc creator/import/gnu/arm/5.4.1/bin/../lib/gcc/arm-none-eabi/5.4.1/../../../../arm-none-eabi/lib/armv7-m\libg.a(lib_a-wctomb_r.o)
                0x1fff8990                __wctomb
                0x1fff8998                . = ALIGN (0x8)
 *fill*         0x1fff8994        0x4 
 *(.ram)
                0x1fff8998                _edata = .

.igot.plt       0x1fff8998        0x0 load address 0x00009470
 .igot.plt      0x1fff8998        0x0 c:/program files (x86)/cypress/psoc creator/4.2/psoc creator/import/gnu/arm/5.4.1/bin/../lib/gcc/arm-none-eabi/5.4.1/armv7-m/crtbegin.o

.bss            0x1fff8998     0xa098 load address 0x00009470
                0x1fff8998                PROVIDE (__bss_start__, .)
 *(.shbss)
 *(.bss .bss.* .gnu.linkonce.b.*)
 .bss           0x1fff8998       0x1c c:/program files (x86)/cypress/psoc creator/4.2/psoc creator/import/gnu/arm/5.4.1/bin/../lib/gcc/arm-none-eabi/5.4.1/armv7-m/crtbegin.o
 .bss           0x1fff89b4        0x9 .\CortexM3\ARM_GCC_541\Debug\IR.o
 *fill*         0x1fff89bd        0x3 
 .bss           0x1fff89c0       0x94 .\CortexM3\ARM_GCC_541\Debug\Retarget.o
 .bss           0x1fff8a54      0x448 .\CortexM3\ARM_GCC_541\Debug\debug_uart.o
 .bss           0x1fff8e9c      0xa08 .\CortexM3\ARM_GCC_541\Debug\mqtt_sender.o
 .bss           0x1fff98a4        0x8 .\CortexM3\ARM_GCC_541\Debug\serial1.o
 .bss           0x1fff98ac       0x1c .\CortexM3\ARM_GCC_541\Debug\Reflectance.o
 .bss           0x1fff98c8      0x108 .\CortexM3\ARM_GCC_541\Debug\tasks.o
                0x1fff99a0                pxCurrentTCB
 .bss           0x1fff99d0     0x9014 .\CortexM3\ARM_GCC_541\Debug\heap_2.o
 .bss           0x200029e4        0x1 .\CortexM3\ARM_GCC_541\Debug\ZumoBot_Tank.a(PWM.o)
                0x200029e4                PWM_initVar
 .bss           0x200029e5        0x2 .\CortexM3\ARM_GCC_541\Debug\ZumoBot_Tank.a(UART_1.o)
                0x200029e5                UART_1_initVar
 .bss           0x200029e7        0x1 .\CortexM3\ARM_GCC_541\Debug\ZumoBot_Tank.a(Timer_L3.o)
                0x200029e7                Timer_L3_initVar
 .bss           0x200029e8        0x1 .\CortexM3\ARM_GCC_541\Debug\ZumoBot_Tank.a(Timer_R3.o)
                0x200029e8                Timer_R3_initVar
 .bss           0x200029e9        0x1 .\CortexM3\ARM_GCC_541\Debug\ZumoBot_Tank.a(Timer_R1.o)
                0x200029e9                Timer_R1_initVar
 .bss           0x200029ea        0x1 .\CortexM3\ARM_GCC_541\Debug\ZumoBot_Tank.a(Timer_L1.o)
                0x200029ea                Timer_L1_initVar
 .bss           0x200029eb        0x1 .\CortexM3\ARM_GCC_541\Debug\ZumoBot_Tank.a(Buzzer_PWM.o)
                0x200029eb                Buzzer_PWM_initVar
 .bss           0x200029ec        0x1 .\CortexM3\ARM_GCC_541\Debug\ZumoBot_Tank.a(Timer_IR.o)
                0x200029ec                Timer_IR_initVar
 .bss           0x200029ed        0x1 .\CortexM3\ARM_GCC_541\Debug\ZumoBot_Tank.a(Timer_R2.o)
                0x200029ed                Timer_R2_initVar
 .bss           0x200029ee        0x1 .\CortexM3\ARM_GCC_541\Debug\ZumoBot_Tank.a(Timer_L2.o)
                0x200029ee                Timer_L2_initVar
 .bss           0x200029ef        0x2 .\CortexM3\ARM_GCC_541\Debug\ZumoBot_Tank.a(UART_2.o)
                0x200029ef                UART_2_initVar
 .bss           0x200029f1        0x1 .\CortexM3\ARM_GCC_541\Debug\ZumoBot_Tank.a(StatisticsCounter.o)
                0x200029f1                StatisticsCounter_initVar
 *fill*         0x200029f2        0x2 
 .bss.__malloc_max_total_mem
                0x200029f4        0x4 c:/program files (x86)/cypress/psoc creator/4.2/psoc creator/import/gnu/arm/5.4.1/bin/../lib/gcc/arm-none-eabi/5.4.1/../../../../arm-none-eabi/lib/armv7-m\libg.a(lib_a-mallocr.o)
                0x200029f4                __malloc_max_total_mem
 .bss.__malloc_max_sbrked_mem
                0x200029f8        0x4 c:/program files (x86)/cypress/psoc creator/4.2/psoc creator/import/gnu/arm/5.4.1/bin/../lib/gcc/arm-none-eabi/5.4.1/../../../../arm-none-eabi/lib/armv7-m\libg.a(lib_a-mallocr.o)
                0x200029f8                __malloc_max_sbrked_mem
 .bss.__malloc_top_pad
                0x200029fc        0x4 c:/program files (x86)/cypress/psoc creator/4.2/psoc creator/import/gnu/arm/5.4.1/bin/../lib/gcc/arm-none-eabi/5.4.1/../../../../arm-none-eabi/lib/armv7-m\libg.a(lib_a-mallocr.o)
                0x200029fc                __malloc_top_pad
 .bss.__malloc_current_mallinfo
                0x20002a00       0x28 c:/program files (x86)/cypress/psoc creator/4.2/psoc creator/import/gnu/arm/5.4.1/bin/../lib/gcc/arm-none-eabi/5.4.1/../../../../arm-none-eabi/lib/armv7-m\libg.a(lib_a-mallocr.o)
                0x20002a00                __malloc_current_mallinfo
 *(COMMON)
 COMMON         0x20002a28        0x4 c:/program files (x86)/cypress/psoc creator/4.2/psoc creator/import/gnu/arm/5.4.1/bin/../lib/gcc/arm-none-eabi/5.4.1/../../../../arm-none-eabi/lib/armv7-m\libg.a(lib_a-reent.o)
                0x20002a28                errno
                0x20002a30                . = ALIGN (0x8)
 *fill*         0x20002a2c        0x4 
 *(.ram.b)
                0x20002a30                _end = .
                0x20002a30                __end = .
                0x20002a30                PROVIDE (end, .)
                0x20002a30                PROVIDE (__bss_end__, .)
                0x00008ba0                __cy_region_init_ram = LOADADDR (.data)
                0x000008d0                __cy_region_init_size_ram = (_edata - ADDR (.data))
                0x0000a098                __cy_region_zero_size_ram = (_end - _edata)

.heap           0x20002a30     0x2000 load address 0x00009470
                0x20002a30                . = _end
                0x20004a30                . = (. + 0x2000)
 *fill*         0x20002a30     0x2000 
                0x20004a30                __cy_heap_limit = .

.stack          0x20007800      0x800
                0x20007800                __cy_stack_limit = .
                0x20008000                . = (. + 0x800)
 *fill*         0x20007800      0x800 
                0x00000001                ASSERT ((__cy_stack_limit >= __cy_heap_limit), region RAM overflowed with stack)
                0x00000000                cy_checksum_exclude_size = (CY_APPL_LOADABLE == 0x1)?SIZEOF (.cy_checksum_exclude):0x0
                0x00000001                ASSERT ((cy_checksum_exclude_size <= CY_CHECKSUM_EXCLUDE_SIZE), CY_BOOT: Section .cy_checksum_exclude size exceedes specified limit.)

.cyloadermeta
 *(.cyloadermeta)

.cyloadablemeta
 *(.cyloadablemeta)

.cyconfigecc    0x80000000     0x1220
 *(.cyconfigecc)
 .cyconfigecc   0x80000000     0x1220 .\CortexM3\ARM_GCC_541\Debug\cymetadata.o
                0x80000000                cy_meta_configecc

.cycustnvl      0x90000000        0x4
 *(.cycustnvl)
 .cycustnvl     0x90000000        0x4 .\CortexM3\ARM_GCC_541\Debug\cymetadata.o
                0x90000000                cy_meta_custnvl

.cywolatch      0x90100000        0x4
 *(.cywolatch)
 .cywolatch     0x90100000        0x4 .\CortexM3\ARM_GCC_541\Debug\cymetadata.o
                0x90100000                cy_meta_wonvl

.cyeeprom       0x90200000        0x0
 *(.cyeeprom)